Archive member included because of file (symbol)

.\CortexM3\ARM_GCC_493\Debug\BBB.a(cyfitter_cfg.o)
                              .\CortexM3\ARM_GCC_493\Debug\Cm3Start.o (cyfitter_cfg)
.\CortexM3\ARM_GCC_493\Debug\BBB.a(CyBootAsmGnu.o)
                              .\CortexM3\ARM_GCC_493\Debug\BBB.a(cyfitter_cfg.o) (CyDelayCycles)
.\CortexM3\ARM_GCC_493\Debug\BBB.a(CyLib.o)
                              .\CortexM3\ARM_GCC_493\Debug\Cm3Start.o (CyResetStatus)
.\CortexM3\ARM_GCC_493\Debug\BBB.a(cyPm.o)
                              .\CortexM3\ARM_GCC_493\Debug\BBB.a(CyLib.o) (CyPmReadStatus)
.\CortexM3\ARM_GCC_493\Debug\BBB.a(Surtidor.o)
                              .\CortexM3\ARM_GCC_493\Debug\Protocolo.o (Surtidor_rxBuffer)
.\CortexM3\ARM_GCC_493\Debug\BBB.a(Surtidor_INT.o)
                              .\CortexM3\ARM_GCC_493\Debug\BBB.a(Surtidor.o) (Surtidor_RXISR)
.\CortexM3\ARM_GCC_493\Debug\BBB.a(PC.o)
                              .\CortexM3\ARM_GCC_493\Debug\main.o (PC_rxBuffer)
.\CortexM3\ARM_GCC_493\Debug\BBB.a(PC_INT.o)
                              .\CortexM3\ARM_GCC_493\Debug\BBB.a(PC.o) (PC_RXISR)
.\CortexM3\ARM_GCC_493\Debug\BBB.a(I2C_1.o)
                              .\CortexM3\ARM_GCC_493\Debug\main.o (I2C_1_Start)
.\CortexM3\ARM_GCC_493\Debug\BBB.a(I2C_1_INT.o)
                              .\CortexM3\ARM_GCC_493\Debug\BBB.a(I2C_1.o) (I2C_1_ISR)
.\CortexM3\ARM_GCC_493\Debug\BBB.a(I2C_1_PM.o)
                              .\CortexM3\ARM_GCC_493\Debug\BBB.a(I2C_1.o) (I2C_1_backup)
.\CortexM3\ARM_GCC_493\Debug\BBB.a(I2C_1_MASTER.o)
                              .\CortexM3\ARM_GCC_493\Debug\BBB.a(I2C_1.o) (I2C_1_mstrStatus)
.\CortexM3\ARM_GCC_493\Debug\BBB.a(isr_1.o)
                              .\CortexM3\ARM_GCC_493\Debug\Protocolo.o (isr_1_StartEx)
.\CortexM3\ARM_GCC_493\Debug\BBB.a(PC_IntClock.o)
                              .\CortexM3\ARM_GCC_493\Debug\BBB.a(PC.o) (PC_IntClock_Start)
.\CortexM3\ARM_GCC_493\Debug\BBB.a(LCD_1.o)
                              .\CortexM3\ARM_GCC_493\Debug\main.o (LCD_1_rxBuffer)
.\CortexM3\ARM_GCC_493\Debug\BBB.a(LCD_1_INT.o)
                              .\CortexM3\ARM_GCC_493\Debug\BBB.a(LCD_1.o) (LCD_1_RXISR)
.\CortexM3\ARM_GCC_493\Debug\BBB.a(LCD_2.o)
                              .\CortexM3\ARM_GCC_493\Debug\main.o (LCD_2_Start)
.\CortexM3\ARM_GCC_493\Debug\BBB.a(LCD_2_INT.o)
                              .\CortexM3\ARM_GCC_493\Debug\BBB.a(LCD_2.o) (LCD_2_RXISR)
.\CortexM3\ARM_GCC_493\Debug\BBB.a(LCD_1_IntClock.o)
                              .\CortexM3\ARM_GCC_493\Debug\BBB.a(LCD_1.o) (LCD_1_IntClock_Start)
.\CortexM3\ARM_GCC_493\Debug\BBB.a(LCD_2_IntClock.o)
                              .\CortexM3\ARM_GCC_493\Debug\BBB.a(LCD_2.o) (LCD_2_IntClock_Start)
.\CortexM3\ARM_GCC_493\Debug\BBB.a(IB1.o)
                              .\CortexM3\ARM_GCC_493\Debug\ibuton.o (IB1_Write)
.\CortexM3\ARM_GCC_493\Debug\BBB.a(IB2.o)
                              .\CortexM3\ARM_GCC_493\Debug\ibuton.o (IB2_Write)
.\CortexM3\ARM_GCC_493\Debug\BBB.a(isr_3.o)
                              .\CortexM3\ARM_GCC_493\Debug\main.o (isr_3_StartEx)
.\CortexM3\ARM_GCC_493\Debug\BBB.a(Timer_Animacion.o)
                              .\CortexM3\ARM_GCC_493\Debug\main.o (Timer_Animacion_Start)
.\CortexM3\ARM_GCC_493\Debug\BBB.a(Timer_Animacion2.o)
                              .\CortexM3\ARM_GCC_493\Debug\main.o (Timer_Animacion2_Start)
.\CortexM3\ARM_GCC_493\Debug\BBB.a(isr_4.o)
                              .\CortexM3\ARM_GCC_493\Debug\main.o (isr_4_StartEx)
.\CortexM3\ARM_GCC_493\Debug\BBB.a(Timer_Modo.o)
                              .\CortexM3\ARM_GCC_493\Debug\main.o (Timer_Modo_ReadStatusRegister)
.\CortexM3\ARM_GCC_493\Debug\BBB.a(Timer_RxSurtidor.o)
                              .\CortexM3\ARM_GCC_493\Debug\Protocolo.o (Timer_RxSurtidor_Start)
.\CortexM3\ARM_GCC_493\Debug\BBB.a(EEPROM.o)
                              .\CortexM3\ARM_GCC_493\Debug\main.o (EEPROM_Start)
.\CortexM3\ARM_GCC_493\Debug\BBB.a(CyFlash.o)
                              .\CortexM3\ARM_GCC_493\Debug\BBB.a(EEPROM.o) (dieTemperature)
.\CortexM3\ARM_GCC_493\Debug\BBB.a(CySpc.o)
                              .\CortexM3\ARM_GCC_493\Debug\BBB.a(EEPROM.o) (CySpcStart)
c:/program files (x86)/cypress/psoc creator/3.3/psoc creator/import/gnu/arm/4.9.3/bin/../lib/gcc/arm-none-eabi/4.9.3/armv7-m\libgcc.a(_arm_cmpdf2.o)
                              .\CortexM3\ARM_GCC_493\Debug\main.o (__aeabi_dcmple)
c:/program files (x86)/cypress/psoc creator/3.3/psoc creator/import/gnu/arm/4.9.3/bin/../lib/gcc/arm-none-eabi/4.9.3/../../../../arm-none-eabi/lib/armv7-m\libg_nano.a(lib_a-atof.o)
                              .\CortexM3\ARM_GCC_493\Debug\main.o (atof)
c:/program files (x86)/cypress/psoc creator/3.3/psoc creator/import/gnu/arm/4.9.3/bin/../lib/gcc/arm-none-eabi/4.9.3/../../../../arm-none-eabi/lib/armv7-m\libg_nano.a(lib_a-errno.o)
                              .\CortexM3\ARM_GCC_493\Debug\Cm3Start.o (__errno)
[...]
Memory Configuration

Name             Origin             Length             Attributes
rom              0x00000000         0x00040000         xr
ram              0x1fff8000         0x00010000         xrw
*default*        0x00000000         0xffffffff

Linker script and memory map

LOAD c:/program files (x86)/cypress/psoc creator/3.3/psoc creator/import/gnu/arm/4.9.3/bin/../lib/gcc/arm-none-eabi/4.9.3/armv7-m/crti.o
LOAD c:/program files (x86)/cypress/psoc creator/3.3/psoc creator/import/gnu/arm/4.9.3/bin/../lib/gcc/arm-none-eabi/4.9.3/armv7-m/crtbegin.o
LOAD c:/program files (x86)/cypress/psoc creator/3.3/psoc creator/import/gnu/arm/4.9.3/bin/../lib/gcc/arm-none-eabi/4.9.3/../../../../arm-none-eabi/lib/armv7-m/crt0.o
START GROUP
LOAD .\CortexM3\ARM_GCC_493\Debug\main.o
LOAD .\CortexM3\ARM_GCC_493\Debug\Protocolo.o
LOAD .\CortexM3\ARM_GCC_493\Debug\Print.o
LOAD .\CortexM3\ARM_GCC_493\Debug\LCD.o
LOAD .\CortexM3\ARM_GCC_493\Debug\ibuton.o
LOAD .\CortexM3\ARM_GCC_493\Debug\I2C.o
LOAD .\CortexM3\ARM_GCC_493\Debug\Cm3Start.o
LOAD .\CortexM3\ARM_GCC_493\Debug\cymetadata.o
LOAD .\CortexM3\ARM_GCC_493\Debug\BBB.a
LOAD C:\Program Files (x86)\Cypress\PSoC Creator\3.3\PSoC Creator\psoc\content\cycomponentlibrary\CyComponentLibrary.cylib\CortexM3\ARM_GCC_493\Debug\CyComponentLibrary.a
LOAD c:/program files (x86)/cypress/psoc creator/3.3/psoc creator/import/gnu/arm/4.9.3/bin/../lib/gcc/arm-none-eabi/4.9.3/../../../../arm-none-eabi/lib/armv7-m\libm.a
END GROUP
START GROUP
LOAD c:/program files (x86)/cypress/psoc creator/3.3/psoc creator/import/gnu/arm/4.9.3/bin/../lib/gcc/arm-none-eabi/4.9.3/armv7-m\libgcc.a
LOAD c:/program files (x86)/cypress/psoc creator/3.3/psoc creator/import/gnu/arm/4.9.3/bin/../lib/gcc/arm-none-eabi/4.9.3/../../../../arm-none-eabi/lib/armv7-m\libg_nano.a
LOAD c:/program files (x86)/cypress/psoc creator/3.3/psoc creator/import/gnu/arm/4.9.3/bin/../lib/gcc/arm-none-eabi/4.9.3/../../../../arm-none-eabi/lib/armv7-m\libc_nano.a
END GROUP
START GROUP
LOAD c:/program files (x86)/cypress/psoc creator/3.3/psoc creator/import/gnu/arm/4.9.3/bin/../lib/gcc/arm-none-eabi/4.9.3/armv7-m\libgcc.a
LOAD c:/program files (x86)/cypress/psoc creator/3.3/psoc creator/import/gnu/arm/4.9.3/bin/../lib/gcc/arm-none-eabi/4.9.3/../../../../arm-none-eabi/lib/armv7-m\libc_nano.a
END GROUP
LOAD c:/program files (x86)/cypress/psoc creator/3.3/psoc creator/import/gnu/arm/4.9.3/bin/../lib/gcc/arm-none-eabi/4.9.3/armv7-m/crtend.o
LOAD c:/program files (x86)/cypress/psoc creator/3.3/psoc creator/import/gnu/arm/4.9.3/bin/../lib/gcc/arm-none-eabi/4.9.3/armv7-m/crtn.o
START GROUP
LOAD c:/program files (x86)/cypress/psoc creator/3.3/psoc creator/import/gnu/arm/4.9.3/bin/../lib/gcc/arm-none-eabi/4.9.3/armv7-m\libgcc.a
LOAD c:/program files (x86)/cypress/psoc creator/3.3/psoc creator/import/gnu/arm/4.9.3/bin/../lib/gcc/arm-none-eabi/4.9.3/../../../../arm-none-eabi/lib/armv7-m\libc.a
LOAD c:/program files (x86)/cypress/psoc creator/3.3/psoc creator/import/gnu/arm/4.9.3/bin/../lib/gcc/arm-none-eabi/4.9.3/../../../../arm-none-eabi/lib/armv7-m\libnosys.a
END GROUP
                0x00000000                CY_APPL_ORIGIN = 0x0
                0x00000100                CY_FLASH_ROW_SIZE = 0x100
                0x00000020                CY_ECC_ROW_SIZE = 0x20
                0x00000000                CY_EE_IN_BTLDR = 0x0
                0x00000000                CY_APPL_LOADABLE = 0x0
                0x00000800                CY_EE_SIZE = 0x800
                0x00000001                CY_APPL_NUM = 0x1
                0x00000001                CY_APPL_MAX = 0x1
                0x00000040                CY_METADATA_SIZE = 0x40
                0x1fff8f50                PROVIDE (__cy_heap_start, _end)
                0x00000001                PROVIDE (__cy_region_num, ((__cy_regions_end - __cy_regions) / 0x10))
                0x20008000                PROVIDE (__cy_stack, (ORIGIN (ram) + 0x10000))
                0x20004000                PROVIDE (__cy_heap_end, (__cy_stack - 0x4000))

.cybootloader   0x00000000        0x0
 *(.cybootloader)
                0x00000000                appl1_start = CY_APPL_ORIGIN?CY_APPL_ORIGIN:ALIGN (CY_FLASH_ROW_SIZE)
                0x0001ff00                appl2_start = (appl1_start + ALIGN ((((0x40000 - appl1_start) - (0x2 * CY_FLASH_ROW_SIZE)) / 0x2), CY_FLASH_ROW_SIZE))
                0x00000000                appl_start = (CY_APPL_NUM == 0x1)?appl1_start:appl2_start
                0x00000000                ecc_offset = ((appl_start / CY_FLASH_ROW_SIZE) * CY_ECC_ROW_SIZE)
                0x00000000                ee_offset = (CY_APPL_LOADABLE && ! (CY_EE_IN_BTLDR))?((CY_EE_SIZE / CY_APPL_MAX) * (CY_APPL_NUM - 0x1)):0x0
                0x00000800                ee_size = (CY_APPL_LOADABLE && ! (CY_EE_IN_BTLDR))?(CY_EE_SIZE / CY_APPL_MAX):CY_EE_SIZE
                0x00000000                PROVIDE (CY_ECC_OFFSET, ecc_offset)

.text           0x00000000     0xd478
 CREATE_OBJECT_SYMBOLS
                0x00000000                PROVIDE (__cy_interrupt_vector, RomVectors)
 *(.romvectors)
 .romvectors    0x00000000       0x10 .\CortexM3\ARM_GCC_493\Debug\Cm3Start.o
                0x00000000                RomVectors
                0x00000001                ASSERT ((. != __cy_interrupt_vector), No interrupt vector)
                0x00000001                ASSERT (CY_APPL_ORIGIN?(SIZEOF (.cybootloader) <= CY_APPL_ORIGIN):0x1, Wrong image location)
                0x00000010                PROVIDE (__cy_reset, Reset)
 *(.text.Reset)
 .text.Reset    0x00000010       0x18 .\CortexM3\ARM_GCC_493\Debug\Cm3Start.o
                0x00000010                Reset
                0x00000001                ASSERT ((. != __cy_reset), No reset code)
 *(.dma_init)
                0x00000001                ASSERT ((((appl_start + .) <= 0x10000) || 0x1), DMA Init must be within the first 64k of flash)
 *(.text .text.* .gnu.linkonce.t.*)
 .text          0x00000028       0x5c c:/program files (x86)/cypress/psoc creator/3.3/psoc creator/import/gnu/arm/4.9.3/bin/../lib/gcc/arm-none-eabi/4.9.3/armv7-m/crtbegin.o
 .text.init     0x00000084      0x1d4 .\CortexM3\ARM_GCC_493\Debug\main.o
                0x00000084                init
 .text.error_op
                0x00000258       0x80 .\CortexM3\ARM_GCC_493\Debug\main.o
                0x00000258                error_op
 .text.init_surt
                0x000002d8      0x330 .\CortexM3\ARM_GCC_493\Debug\main.o
                0x000002d8                init_surt
 .text.polling_rf
                0x00000608      0x528 .\CortexM3\ARM_GCC_493\Debug\main.o
                0x00000608                polling_rf
 .text.polling_rf2
                0x00000b30      0x52c .\CortexM3\ARM_GCC_493\Debug\main.o
                0x00000b30                polling_rf2
 .text.polling_LCD1
                0x0000105c     0x5084 .\CortexM3\ARM_GCC_493\Debug\main.o
                0x0000105c                polling_LCD1
 .text.animacion
                0x000060e0       0x74 .\CortexM3\ARM_GCC_493\Debug\main.o
                0x000060e0                animacion
 .text.animacion2
                0x00006154       0x74 .\CortexM3\ARM_GCC_493\Debug\main.o
                0x00006154                animacion2
 .text.main     0x000061c8       0x4c .\CortexM3\ARM_GCC_493\Debug\main.o
                0x000061c8                main
 .text.Rx_Surtidor
                0x00006214       0x14 .\CortexM3\ARM_GCC_493\Debug\Protocolo.o
                0x00006214                Rx_Surtidor
 .text.get_estado
                0x00006228       0x98 .\CortexM3\ARM_GCC_493\Debug\Protocolo.o
                0x00006228                get_estado
 .text.ver_pos  0x000062c0       0xa0 .\CortexM3\ARM_GCC_493\Debug\Protocolo.o
                0x000062c0                ver_pos
 .text.estado_ex
                0x00006360      0x17c .\CortexM3\ARM_GCC_493\Debug\Protocolo.o
                0x00006360                estado_ex
 .text.venta    0x000064dc      0x354 .\CortexM3\ARM_GCC_493\Debug\Protocolo.o
                0x000064dc                venta
 .text.programar
                0x00006830      0x880 .\CortexM3\ARM_GCC_493\Debug\Protocolo.o
                0x00006830                programar
 .text.cambiar_precio
                0x000070b0      0x27c .\CortexM3\ARM_GCC_493\Debug\Protocolo.o
                0x000070b0                cambiar_precio
 .text.totales  0x0000732c     0x1094 .\CortexM3\ARM_GCC_493\Debug\Protocolo.o
                0x0000732c                totales
 .text.set_imagen
                0x000083c0       0x98 .\CortexM3\ARM_GCC_493\Debug\LCD.o
                0x000083c0                set_imagen
 .text.write_LCD
                0x00008458       0xc8 .\CortexM3\ARM_GCC_493\Debug\LCD.o
                0x00008458                write_LCD
 .text.touch_present
                0x00008520       0xc0 .\CortexM3\ARM_GCC_493\Debug\ibuton.o
                0x00008520                touch_present
 .text.touch_write
                0x000085e0      0x10c .\CortexM3\ARM_GCC_493\Debug\ibuton.o
                0x000085e0                touch_write
 .text.touch_read_byte
                0x000086ec       0xb4 .\CortexM3\ARM_GCC_493\Debug\ibuton.o
                0x000086ec                touch_read_byte
 .text.crc_check
                0x000087a0       0x58 .\CortexM3\ARM_GCC_493\Debug\ibuton.o
                0x000087a0                crc_check
 .text.IntDefaultHandler
                0x000087f8        0x8 .\CortexM3\ARM_GCC_493\Debug\Cm3Start.o
                0x000087f8                IntDefaultHandler
 .text._sbrk    0x00008800       0x54 .\CortexM3\ARM_GCC_493\Debug\Cm3Start.o
                0x00008800                _sbrk
 .text.Start_c  0x00008854       0x98 .\CortexM3\ARM_GCC_493\Debug\Cm3Start.o
                0x00008854                Start_c
 .text.initialize_psoc
                0x000088ec       0x8c .\CortexM3\ARM_GCC_493\Debug\Cm3Start.o
                0x000088ec                initialize_psoc
 .text.CYMEMZERO
                0x00008978       0x1c .\CortexM3\ARM_GCC_493\Debug\BBB.a(cyfitter_cfg.o)
 .text.CYCONFIGCPY
                0x00008994       0x1c .\CortexM3\ARM_GCC_493\Debug\BBB.a(cyfitter_cfg.o)
 .text.CyClockStartupError
                0x000089b0        0xc .\CortexM3\ARM_GCC_493\Debug\BBB.a(cyfitter_cfg.o)
 .text.cfg_write_bytes32
                0x000089bc       0x74 .\CortexM3\ARM_GCC_493\Debug\BBB.a(cyfitter_cfg.o)
 .text.ClockSetup
                0x00008a30      0x154 .\CortexM3\ARM_GCC_493\Debug\BBB.a(cyfitter_cfg.o)
 .text.AnalogSetDefault
                0x00008b84       0x44 .\CortexM3\ARM_GCC_493\Debug\BBB.a(cyfitter_cfg.o)
 .text.cyfitter_cfg
                0x00008bc8      0x1a4 .\CortexM3\ARM_GCC_493\Debug\BBB.a(cyfitter_cfg.o)
                0x00008bc8                cyfitter_cfg
 *fill*         0x00008d6c        0x4 
 .text          0x00008d70       0x20 .\CortexM3\ARM_GCC_493\Debug\BBB.a(CyBootAsmGnu.o)
                0x00008d70                CyDelayCycles
                0x00008d80                CyEnterCriticalSection
                0x00008d88                CyExitCriticalSection
 .text.CyHalt   0x00008d90       0x18 .\CortexM3\ARM_GCC_493\Debug\BBB.a(CyLib.o)
                0x00008d90                CyHalt
 .text.CyDelay  0x00008da8       0x44 .\CortexM3\ARM_GCC_493\Debug\BBB.a(CyLib.o)
                0x00008da8                CyDelay
 .text.CyDelayUs
                0x00008dec       0x24 .\CortexM3\ARM_GCC_493\Debug\BBB.a(CyLib.o)
                0x00008dec                CyDelayUs
 .text.CyWdtStart
                0x00008e10       0x8c .\CortexM3\ARM_GCC_493\Debug\BBB.a(CyLib.o)
                0x00008e10                CyWdtStart
 .text.CyWdtClear
                0x00008e9c       0x18 .\CortexM3\ARM_GCC_493\Debug\BBB.a(CyLib.o)
                0x00008e9c                CyWdtClear
 .text.CyIntSetVector
                0x00008eb4       0x50 .\CortexM3\ARM_GCC_493\Debug\BBB.a(CyLib.o)
                0x00008eb4                CyIntSetVector
 .text.CyIntSetPriority
                0x00008f04       0x44 .\CortexM3\ARM_GCC_493\Debug\BBB.a(CyLib.o)
                0x00008f04                CyIntSetPriority
 .text.Surtidor_Start
                0x00008f48       0x20 .\CortexM3\ARM_GCC_493\Debug\BBB.a(Surtidor.o)
                0x00008f48                Surtidor_Start
 .text.Surtidor_Init
                0x00008f68       0x58 .\CortexM3\ARM_GCC_493\Debug\BBB.a(Surtidor.o)
                0x00008f68                Surtidor_Init
 .text.Surtidor_Enable
                0x00008fc0       0x64 .\CortexM3\ARM_GCC_493\Debug\BBB.a(Surtidor.o)
                0x00008fc0                Surtidor_Enable
 .text.Surtidor_ReadRxData
                0x00009024       0x94 .\CortexM3\ARM_GCC_493\Debug\BBB.a(Surtidor.o)
                0x00009024                Surtidor_ReadRxData
 .text.Surtidor_GetRxBufferSize
                0x000090b8       0x94 .\CortexM3\ARM_GCC_493\Debug\BBB.a(Surtidor.o)
                0x000090b8                Surtidor_GetRxBufferSize
 .text.Surtidor_ClearRxBuffer
                0x0000914c       0x7c .\CortexM3\ARM_GCC_493\Debug\BBB.a(Surtidor.o)
                0x0000914c                Surtidor_ClearRxBuffer
 .text.Surtidor_PutChar
                0x000091c8       0x34 .\CortexM3\ARM_GCC_493\Debug\BBB.a(Surtidor.o)
                0x000091c8                Surtidor_PutChar
 .text.Surtidor_RXISR
                0x000091fc       0xd8 .\CortexM3\ARM_GCC_493\Debug\BBB.a(Surtidor_INT.o)
                0x000091fc                Surtidor_RXISR
 .text.PC_Start
                0x000092d4       0x20 .\CortexM3\ARM_GCC_493\Debug\BBB.a(PC.o)
                0x000092d4                PC_Start
 .text.PC_Init  0x000092f4       0x58 .\CortexM3\ARM_GCC_493\Debug\BBB.a(PC.o)
                0x000092f4                PC_Init
 .text.PC_Enable
                0x0000934c       0x68 .\CortexM3\ARM_GCC_493\Debug\BBB.a(PC.o)
                0x0000934c                PC_Enable
 .text.PC_GetRxBufferSize
                0x000093b4       0x94 .\CortexM3\ARM_GCC_493\Debug\BBB.a(PC.o)
                0x000093b4                PC_GetRxBufferSize
 .text.PC_ClearRxBuffer
                0x00009448       0x7c .\CortexM3\ARM_GCC_493\Debug\BBB.a(PC.o)
                0x00009448                PC_ClearRxBuffer
 .text.PC_PutChar
                0x000094c4       0x34 .\CortexM3\ARM_GCC_493\Debug\BBB.a(PC.o)
                0x000094c4                PC_PutChar
 .text.PC_ClearTxBuffer
                0x000094f8       0x40 .\CortexM3\ARM_GCC_493\Debug\BBB.a(PC.o)
                0x000094f8                PC_ClearTxBuffer
 .text.PC_RXISR
                0x00009538       0xdc .\CortexM3\ARM_GCC_493\Debug\BBB.a(PC_INT.o)
                0x00009538                PC_RXISR
 .text.I2C_1_Init
                0x00009614       0x80 .\CortexM3\ARM_GCC_493\Debug\BBB.a(I2C_1.o)
                0x00009614                I2C_1_Init
 .text.I2C_1_Enable
                0x00009694       0x44 .\CortexM3\ARM_GCC_493\Debug\BBB.a(I2C_1.o)
                0x00009694                I2C_1_Enable
 .text.I2C_1_Start
                0x000096d8       0x2c .\CortexM3\ARM_GCC_493\Debug\BBB.a(I2C_1.o)
                0x000096d8                I2C_1_Start
 .text.I2C_1_ISR
                0x00009704      0x3ac .\CortexM3\ARM_GCC_493\Debug\BBB.a(I2C_1_INT.o)
                0x00009704                I2C_1_ISR
 .text.isr_1_StartEx
                0x00009ab0       0x24 .\CortexM3\ARM_GCC_493\Debug\BBB.a(isr_1.o)
                0x00009ab0                isr_1_StartEx
 .text.isr_1_Stop
                0x00009ad4       0x14 .\CortexM3\ARM_GCC_493\Debug\BBB.a(isr_1.o)
                0x00009ad4                isr_1_Stop
 .text.isr_1_SetVector
                0x00009ae8       0x24 .\CortexM3\ARM_GCC_493\Debug\BBB.a(isr_1.o)
                0x00009ae8                isr_1_SetVector
 .text.isr_1_SetPriority
                0x00009b0c       0x24 .\CortexM3\ARM_GCC_493\Debug\BBB.a(isr_1.o)
                0x00009b0c                isr_1_SetPriority
 .text.isr_1_Enable
                0x00009b30       0x18 .\CortexM3\ARM_GCC_493\Debug\BBB.a(isr_1.o)
                0x00009b30                isr_1_Enable
 .text.isr_1_Disable
                0x00009b48       0x18 .\CortexM3\ARM_GCC_493\Debug\BBB.a(isr_1.o)
                0x00009b48                isr_1_Disable
 .text.PC_IntClock_Start
                0x00009b60       0x34 .\CortexM3\ARM_GCC_493\Debug\BBB.a(PC_IntClock.o)
                0x00009b60                PC_IntClock_Start
 .text.LCD_1_Start
                0x00009b94       0x20 .\CortexM3\ARM_GCC_493\Debug\BBB.a(LCD_1.o)
                0x00009b94                LCD_1_Start
 .text.LCD_1_Init
                0x00009bb4       0x58 .\CortexM3\ARM_GCC_493\Debug\BBB.a(LCD_1.o)
                0x00009bb4                LCD_1_Init
 .text.LCD_1_Enable
                0x00009c0c       0x68 .\CortexM3\ARM_GCC_493\Debug\BBB.a(LCD_1.o)
                0x00009c0c                LCD_1_Enable
 .text.LCD_1_GetRxBufferSize
                0x00009c74       0x90 .\CortexM3\ARM_GCC_493\Debug\BBB.a(LCD_1.o)
                0x00009c74                LCD_1_GetRxBufferSize
 .text.LCD_1_ClearRxBuffer
                0x00009d04       0x7c .\CortexM3\ARM_GCC_493\Debug\BBB.a(LCD_1.o)
                0x00009d04                LCD_1_ClearRxBuffer
 .text.LCD_1_PutChar
                0x00009d80       0x34 .\CortexM3\ARM_GCC_493\Debug\BBB.a(LCD_1.o)
                0x00009d80                LCD_1_PutChar
 .text.LCD_1_RXISR
                0x00009db4       0xd8 .\CortexM3\ARM_GCC_493\Debug\BBB.a(LCD_1_INT.o)
                0x00009db4                LCD_1_RXISR
 .text.LCD_2_Start
                0x00009e8c       0x20 .\CortexM3\ARM_GCC_493\Debug\BBB.a(LCD_2.o)
                0x00009e8c                LCD_2_Start
 .text.LCD_2_Init
                0x00009eac       0x58 .\CortexM3\ARM_GCC_493\Debug\BBB.a(LCD_2.o)
                0x00009eac                LCD_2_Init
 .text.LCD_2_Enable
                0x00009f04       0x68 .\CortexM3\ARM_GCC_493\Debug\BBB.a(LCD_2.o)
                0x00009f04                LCD_2_Enable
 .text.LCD_2_PutChar
                0x00009f6c       0x34 .\CortexM3\ARM_GCC_493\Debug\BBB.a(LCD_2.o)
                0x00009f6c                LCD_2_PutChar
 .text.LCD_2_RXISR
                0x00009fa0       0xd8 .\CortexM3\ARM_GCC_493\Debug\BBB.a(LCD_2_INT.o)
                0x00009fa0                LCD_2_RXISR
 .text.LCD_1_IntClock_Start
                0x0000a078       0x34 .\CortexM3\ARM_GCC_493\Debug\BBB.a(LCD_1_IntClock.o)
                0x0000a078                LCD_1_IntClock_Start
 .text.LCD_2_IntClock_Start
                0x0000a0ac       0x34 .\CortexM3\ARM_GCC_493\Debug\BBB.a(LCD_2_IntClock.o)
                0x0000a0ac                LCD_2_IntClock_Start
 .text.IB1_Write
                0x0000a0e0       0x34 .\CortexM3\ARM_GCC_493\Debug\BBB.a(IB1.o)
                0x0000a0e0                IB1_Write
 .text.IB1_Read
                0x0000a114       0x1c .\CortexM3\ARM_GCC_493\Debug\BBB.a(IB1.o)
                0x0000a114                IB1_Read
 .text.IB2_Write
                0x0000a130       0x3c .\CortexM3\ARM_GCC_493\Debug\BBB.a(IB2.o)
                0x0000a130                IB2_Write
 .text.IB2_Read
                0x0000a16c       0x20 .\CortexM3\ARM_GCC_493\Debug\BBB.a(IB2.o)
                0x0000a16c                IB2_Read
 .text.isr_3_StartEx
                0x0000a18c       0x24 .\CortexM3\ARM_GCC_493\Debug\BBB.a(isr_3.o)
                0x0000a18c                isr_3_StartEx
 .text.isr_3_Stop
                0x0000a1b0       0x14 .\CortexM3\ARM_GCC_493\Debug\BBB.a(isr_3.o)
                0x0000a1b0                isr_3_Stop
 .text.isr_3_SetVector
                0x0000a1c4       0x24 .\CortexM3\ARM_GCC_493\Debug\BBB.a(isr_3.o)
                0x0000a1c4                isr_3_SetVector
 .text.isr_3_SetPriority
                0x0000a1e8       0x24 .\CortexM3\ARM_GCC_493\Debug\BBB.a(isr_3.o)
                0x0000a1e8                isr_3_SetPriority
 .text.isr_3_Enable
                0x0000a20c       0x18 .\CortexM3\ARM_GCC_493\Debug\BBB.a(isr_3.o)
                0x0000a20c                isr_3_Enable
 .text.isr_3_Disable
                0x0000a224       0x18 .\CortexM3\ARM_GCC_493\Debug\BBB.a(isr_3.o)
                0x0000a224                isr_3_Disable
 .text.Timer_Animacion_Init
                0x0000a23c       0x9c .\CortexM3\ARM_GCC_493\Debug\BBB.a(Timer_Animacion.o)
                0x0000a23c                Timer_Animacion_Init
 .text.Timer_Animacion_Enable
                0x0000a2d8       0x48 .\CortexM3\ARM_GCC_493\Debug\BBB.a(Timer_Animacion.o)
                0x0000a2d8                Timer_Animacion_Enable
 .text.Timer_Animacion_Start
                0x0000a320       0x20 .\CortexM3\ARM_GCC_493\Debug\BBB.a(Timer_Animacion.o)
                0x0000a320                Timer_Animacion_Start
 .text.Timer_Animacion_Stop
                0x0000a340       0x48 .\CortexM3\ARM_GCC_493\Debug\BBB.a(Timer_Animacion.o)
                0x0000a340                Timer_Animacion_Stop
 .text.Timer_Animacion_SetInterruptMode
                0x0000a388       0x20 .\CortexM3\ARM_GCC_493\Debug\BBB.a(Timer_Animacion.o)
                0x0000a388                Timer_Animacion_SetInterruptMode
 .text.Timer_Animacion_ReadStatusRegister
                0x0000a3a8       0x18 .\CortexM3\ARM_GCC_493\Debug\BBB.a(Timer_Animacion.o)
                0x0000a3a8                Timer_Animacion_ReadStatusRegister
 .text.Timer_Animacion_WritePeriod
                0x0000a3c0       0x24 .\CortexM3\ARM_GCC_493\Debug\BBB.a(Timer_Animacion.o)
                0x0000a3c0                Timer_Animacion_WritePeriod
 .text.Timer_Animacion_WriteCounter
                0x0000a3e4       0x20 .\CortexM3\ARM_GCC_493\Debug\BBB.a(Timer_Animacion.o)
                0x0000a3e4                Timer_Animacion_WriteCounter
 .text.Timer_Animacion2_Init
                0x0000a404       0x9c .\CortexM3\ARM_GCC_493\Debug\BBB.a(Timer_Animacion2.o)
                0x0000a404                Timer_Animacion2_Init
 .text.Timer_Animacion2_Enable
                0x0000a4a0       0x48 .\CortexM3\ARM_GCC_493\Debug\BBB.a(Timer_Animacion2.o)
                0x0000a4a0                Timer_Animacion2_Enable
 .text.Timer_Animacion2_Start
                0x0000a4e8       0x20 .\CortexM3\ARM_GCC_493\Debug\BBB.a(Timer_Animacion2.o)
                0x0000a4e8                Timer_Animacion2_Start
 .text.Timer_Animacion2_SetInterruptMode
                0x0000a508       0x20 .\CortexM3\ARM_GCC_493\Debug\BBB.a(Timer_Animacion2.o)
                0x0000a508                Timer_Animacion2_SetInterruptMode
 .text.Timer_Animacion2_ReadStatusRegister
                0x0000a528       0x18 .\CortexM3\ARM_GCC_493\Debug\BBB.a(Timer_Animacion2.o)
                0x0000a528                Timer_Animacion2_ReadStatusRegister
 .text.Timer_Animacion2_WritePeriod
                0x0000a540       0x24 .\CortexM3\ARM_GCC_493\Debug\BBB.a(Timer_Animacion2.o)
                0x0000a540                Timer_Animacion2_WritePeriod
 .text.Timer_Animacion2_WriteCounter
                0x0000a564       0x20 .\CortexM3\ARM_GCC_493\Debug\BBB.a(Timer_Animacion2.o)
                0x0000a564                Timer_Animacion2_WriteCounter
 .text.isr_4_StartEx
                0x0000a584       0x24 .\CortexM3\ARM_GCC_493\Debug\BBB.a(isr_4.o)
                0x0000a584                isr_4_StartEx
 .text.isr_4_SetVector
                0x0000a5a8       0x24 .\CortexM3\ARM_GCC_493\Debug\BBB.a(isr_4.o)
                0x0000a5a8                isr_4_SetVector
 .text.isr_4_SetPriority
                0x0000a5cc       0x24 .\CortexM3\ARM_GCC_493\Debug\BBB.a(isr_4.o)
                0x0000a5cc                isr_4_SetPriority
 .text.isr_4_Enable
                0x0000a5f0       0x18 .\CortexM3\ARM_GCC_493\Debug\BBB.a(isr_4.o)
                0x0000a5f0                isr_4_Enable
 .text.isr_4_Disable
                0x0000a608       0x18 .\CortexM3\ARM_GCC_493\Debug\BBB.a(isr_4.o)
                0x0000a608                isr_4_Disable
 .text.Timer_RxSurtidor_Init
                0x0000a620       0x9c .\CortexM3\ARM_GCC_493\Debug\BBB.a(Timer_RxSurtidor.o)
                0x0000a620                Timer_RxSurtidor_Init
 .text.Timer_RxSurtidor_Enable
                0x0000a6bc       0x48 .\CortexM3\ARM_GCC_493\Debug\BBB.a(Timer_RxSurtidor.o)
                0x0000a6bc                Timer_RxSurtidor_Enable
 .text.Timer_RxSurtidor_Start
                0x0000a704       0x20 .\CortexM3\ARM_GCC_493\Debug\BBB.a(Timer_RxSurtidor.o)
                0x0000a704                Timer_RxSurtidor_Start
 .text.Timer_RxSurtidor_Stop
                0x0000a724       0x48 .\CortexM3\ARM_GCC_493\Debug\BBB.a(Timer_RxSurtidor.o)
                0x0000a724                Timer_RxSurtidor_Stop
 .text.Timer_RxSurtidor_SetInterruptMode
                0x0000a76c       0x20 .\CortexM3\ARM_GCC_493\Debug\BBB.a(Timer_RxSurtidor.o)
                0x0000a76c                Timer_RxSurtidor_SetInterruptMode
 .text.Timer_RxSurtidor_ReadStatusRegister
                0x0000a78c       0x18 .\CortexM3\ARM_GCC_493\Debug\BBB.a(Timer_RxSurtidor.o)
                0x0000a78c                Timer_RxSurtidor_ReadStatusRegister
 .text.Timer_RxSurtidor_WritePeriod
                0x0000a7a4       0x24 .\CortexM3\ARM_GCC_493\Debug\BBB.a(Timer_RxSurtidor.o)
                0x0000a7a4                Timer_RxSurtidor_WritePeriod
 .text.Timer_RxSurtidor_WriteCounter
                0x0000a7c8       0x20 .\CortexM3\ARM_GCC_493\Debug\BBB.a(Timer_RxSurtidor.o)
                0x0000a7c8                Timer_RxSurtidor_WriteCounter
 .text.EEPROM_Enable
                0x0000a7e8       0x10 .\CortexM3\ARM_GCC_493\Debug\BBB.a(EEPROM.o)
                0x0000a7e8                EEPROM_Enable
 .text.EEPROM_Start
                0x0000a7f8        0xc .\CortexM3\ARM_GCC_493\Debug\BBB.a(EEPROM.o)
                0x0000a7f8                EEPROM_Start
 .text.EEPROM_WriteByte
                0x0000a804      0x120 .\CortexM3\ARM_GCC_493\Debug\BBB.a(EEPROM.o)
                0x0000a804                EEPROM_WriteByte
 .text.EEPROM_ReadByte
                0x0000a924       0x3c .\CortexM3\ARM_GCC_493\Debug\BBB.a(EEPROM.o)
                0x0000a924                EEPROM_ReadByte
 .text.CySetTempInt
                0x0000a960       0x7c .\CortexM3\ARM_GCC_493\Debug\BBB.a(CyFlash.o)
 .text.CyFlashGetSpcAlgorithm
                0x0000a9dc       0x70 .\CortexM3\ARM_GCC_493\Debug\BBB.a(CyFlash.o)
 .text.CySetTemp
                0x0000aa4c       0x24 .\CortexM3\ARM_GCC_493\Debug\BBB.a(CyFlash.o)
                0x0000aa4c                CySetTemp
 .text.CyEEPROM_Start
                0x0000aa70       0x8c .\CortexM3\ARM_GCC_493\Debug\BBB.a(CyFlash.o)
                0x0000aa70                CyEEPROM_Start
 .text.CyEEPROM_ReadReserve
                0x0000aafc       0x30 .\CortexM3\ARM_GCC_493\Debug\BBB.a(CyFlash.o)
                0x0000aafc                CyEEPROM_ReadReserve
 .text.CyEEPROM_ReadRelease
                0x0000ab2c       0x20 .\CortexM3\ARM_GCC_493\Debug\BBB.a(CyFlash.o)
                0x0000ab2c                CyEEPROM_ReadRelease
 .text.CySpcStart
                0x0000ab4c       0x44 .\CortexM3\ARM_GCC_493\Debug\BBB.a(CySpc.o)
                0x0000ab4c                CySpcStart
 .text.CySpcReadData
                0x0000ab90       0x58 .\CortexM3\ARM_GCC_493\Debug\BBB.a(CySpc.o)
                0x0000ab90                CySpcReadData
 .text.CySpcLoadMultiByte
                0x0000abe8       0xd4 .\CortexM3\ARM_GCC_493\Debug\BBB.a(CySpc.o)
                0x0000abe8                CySpcLoadMultiByte
 .text.CySpcWriteRow
                0x0000acbc       0x98 .\CortexM3\ARM_GCC_493\Debug\BBB.a(CySpc.o)
                0x0000acbc                CySpcWriteRow
 .text.CySpcGetTemp
                0x0000ad54       0x64 .\CortexM3\ARM_GCC_493\Debug\BBB.a(CySpc.o)
                0x0000ad54                CySpcGetTemp
 .text.CySpcLock
                0x0000adb8       0x68 .\CortexM3\ARM_GCC_493\Debug\BBB.a(CySpc.o)
                0x0000adb8                CySpcLock
 .text.CySpcUnlock
                0x0000ae20       0x50 .\CortexM3\ARM_GCC_493\Debug\BBB.a(CySpc.o)
                0x0000ae20                CySpcUnlock
 .text.CySpcGetAlgorithm
                0x0000ae70       0x48 .\CortexM3\ARM_GCC_493\Debug\BBB.a(CySpc.o)
                0x0000ae70                CySpcGetAlgorithm
 .text          0x0000aeb8      0x110 c:/program files (x86)/cypress/psoc creator/3.3/psoc creator/import/gnu/arm/4.9.3/bin/../lib/gcc/arm-none-eabi/4.9.3/armv7-m\libgcc.a(_arm_cmpdf2.o)
                0x0000aeb8                __gtdf2
                0x0000aeb8                __gedf2
                0x0000aec0                __ltdf2
                0x0000aec0                __ledf2
                0x0000aec8                __nedf2
                0x0000aec8                __eqdf2
                0x0000aec8                __cmpdf2
                0x0000af44                __aeabi_cdrcmple
                0x0000af54                __aeabi_cdcmpeq
                0x0000af54                __aeabi_cdcmple
                0x0000af64                __aeabi_dcmpeq
                0x0000af78                __aeabi_dcmplt
                0x0000af8c                __aeabi_dcmple
                0x0000afa0                __aeabi_dcmpge
                0x0000afb4                __aeabi_dcmpgt
 .text.atof     0x0000afc8        0x6 c:/program files (x86)/cypress/psoc creator/3.3/psoc creator/import/gnu/arm/4.9.3/bin/../lib/gcc/arm-none-eabi/4.9.3/../../../../arm-none-eabi/lib/armv7-m\libg_nano.a(lib_a-atof.o)
                0x0000afc8                atof
 *fill*         0x0000afce        0x2 
 .text.__errno  0x0000afd0        0xc c:/program files (x86)/cypress/psoc creator/3.3/psoc creator/import/gnu/arm/4.9.3/bin/../lib/gcc/arm-none-eabi/4.9.3/../../../../arm-none-eabi/lib/armv7-m\libg_nano.a(lib_a-errno.o)
                0x0000afd0                __errno
 .text.__libc_init_array
                0x0000afdc       0x4c c:/program files (x86)/cypress/psoc creator/3.3/psoc creator/import/gnu/arm/4.9.3/bin/../lib/gcc/arm-none-eabi/4.9.3/../../../../arm-none-eabi/lib/armv7-m\libg_nano.a(lib_a-init.o)
                0x0000afdc                __libc_init_array
 .text.memcpy   0x0000b028       0x16 c:/program files (x86)/cypress/psoc creator/3.3/psoc creator/import/gnu/arm/4.9.3/bin/../lib/gcc/arm-none-eabi/4.9.3/../../../../arm-none-eabi/lib/armv7-m\libg_nano.a(lib_a-memcpy.o)
                0x0000b028                memcpy
 .text.memset   0x0000b03e       0x10 c:/program files (x86)/cypress/psoc creator/3.3/psoc creator/import/gnu/arm/4.9.3/bin/../lib/gcc/arm-none-eabi/4.9.3/../../../../arm-none-eabi/lib/armv7-m\libg_nano.a(lib_a-memset.o)
                0x0000b03e                memset
 .text.match    0x0000b04e       0x26 c:/program files (x86)/cypress/psoc creator/3.3/psoc creator/import/gnu/arm/4.9.3/bin/../lib/gcc/arm-none-eabi/4.9.3/../../../../arm-none-eabi/lib/armv7-m\libg_nano.a(lib_a-strtod.o)
 .text.sulp     0x0000b074       0x42 c:/program files (x86)/cypress/psoc creator/3.3/psoc creator/import/gnu/arm/4.9.3/bin/../lib/gcc/arm-none-eabi/4.9.3/../../../../arm-none-eabi/lib/armv7-m\libg_nano.a(lib_a-strtod.o)
 *fill*         0x0000b0b6        0x2 
 .text._strtod_r
                0x0000b0b8      0xc40 c:/program files (x86)/cypress/psoc creator/3.3/psoc creator/import/gnu/arm/4.9.3/bin/../lib/gcc/arm-none-eabi/4.9.3/../../../../arm-none-eabi/lib/armv7-m\libg_nano.a(lib_a-strtod.o)
                0x0000b0b8                _strtod_r
 .text.strtod   0x0000bcf8       0x14 c:/program files (x86)/cypress/psoc creator/3.3/psoc creator/import/gnu/arm/4.9.3/bin/../lib/gcc/arm-none-eabi/4.9.3/../../../../arm-none-eabi/lib/armv7-m\libg_nano.a(lib_a-strtod.o)
                0x0000bcf8                strtod
 .text.rshift   0x0000bd0c       0x6c c:/program files (x86)/cypress/psoc creator/3.3/psoc creator/import/gnu/arm/4.9.3/bin/../lib/gcc/arm-none-eabi/4.9.3/../../../../arm-none-eabi/lib/armv7-m\libg_nano.a(lib_a-gdtoa-gethex.o)
 .text.__hexdig_fun
                0x0000bd78       0x2a c:/program files (x86)/cypress/psoc creator/3.3/psoc creator/import/gnu/arm/4.9.3/bin/../lib/gcc/arm-none-eabi/4.9.3/../../../../arm-none-eabi/lib/armv7-m\libg_nano.a(lib_a-gdtoa-gethex.o)
                0x0000bd78                __hexdig_fun
 .text.__gethex
                0x0000bda2      0x44a c:/program files (x86)/cypress/psoc creator/3.3/psoc creator/import/gnu/arm/4.9.3/bin/../lib/gcc/arm-none-eabi/4.9.3/../../../../arm-none-eabi/lib/armv7-m\libg_nano.a(lib_a-gdtoa-gethex.o)
                0x0000bda2                __gethex
 .text.L_shift  0x0000c1ec       0x24 c:/program files (x86)/cypress/psoc creator/3.3/psoc creator/import/gnu/arm/4.9.3/bin/../lib/gcc/arm-none-eabi/4.9.3/../../../../arm-none-eabi/lib/armv7-m\libg_nano.a(lib_a-gdtoa-hexnan.o)
 .text.__hexnan
                0x0000c210      0x114 c:/program files (x86)/cypress/psoc creator/3.3/psoc creator/import/gnu/arm/4.9.3/bin/../lib/gcc/arm-none-eabi/4.9.3/../../../../arm-none-eabi/lib/armv7-m\libg_nano.a(lib_a-gdtoa-hexnan.o)
                0x0000c210                __hexnan
 .text._localeconv_r
                0x0000c324        0x8 c:/program files (x86)/cypress/psoc creator/3.3/psoc creator/import/gnu/arm/4.9.3/bin/../lib/gcc/arm-none-eabi/4.9.3/../../../../arm-none-eabi/lib/armv7-m\libg_nano.a(lib_a-locale.o)
                0x0000c324                _localeconv_r
 .text._Balloc  0x0000c32c       0x6a c:/program files (x86)/cypress/psoc creator/3.3/psoc creator/import/gnu/arm/4.9.3/bin/../lib/gcc/arm-none-eabi/4.9.3/../../../../arm-none-eabi/lib/armv7-m\libg_nano.a(lib_a-mprec.o)
                0x0000c32c                _Balloc
 .text._Bfree   0x0000c396       0x2e c:/program files (x86)/cypress/psoc creator/3.3/psoc creator/import/gnu/arm/4.9.3/bin/../lib/gcc/arm-none-eabi/4.9.3/../../../../arm-none-eabi/lib/armv7-m\libg_nano.a(lib_a-mprec.o)
                0x0000c396                _Bfree
 .text.__multadd
                0x0000c3c4       0x7c c:/program files (x86)/cypress/psoc creator/3.3/psoc creator/import/gnu/arm/4.9.3/bin/../lib/gcc/arm-none-eabi/4.9.3/../../../../arm-none-eabi/lib/armv7-m\libg_nano.a(lib_a-mprec.o)
                0x0000c3c4                __multadd
 .text.__s2b    0x0000c440       0x80 c:/program files (x86)/cypress/psoc creator/3.3/psoc creator/import/gnu/arm/4.9.3/bin/../lib/gcc/arm-none-eabi/4.9.3/../../../../arm-none-eabi/lib/armv7-m\libg_nano.a(lib_a-mprec.o)
                0x0000c440                __s2b
 .text.__hi0bits
                0x0000c4c0       0x40 c:/program files (x86)/cypress/psoc creator/3.3/psoc creator/import/gnu/arm/4.9.3/bin/../lib/gcc/arm-none-eabi/4.9.3/../../../../arm-none-eabi/lib/armv7-m\libg_nano.a(lib_a-mprec.o)
                0x0000c4c0                __hi0bits
 .text.__lo0bits
                0x0000c500       0x5a c:/program files (x86)/cypress/psoc creator/3.3/psoc creator/import/gnu/arm/4.9.3/bin/../lib/gcc/arm-none-eabi/4.9.3/../../../../arm-none-eabi/lib/armv7-m\libg_nano.a(lib_a-mprec.o)
                0x0000c500                __lo0bits
 .text.__i2b    0x0000c55a       0x12 c:/program files (x86)/cypress/psoc creator/3.3/psoc creator/import/gnu/arm/4.9.3/bin/../lib/gcc/arm-none-eabi/4.9.3/../../../../arm-none-eabi/lib/armv7-m\libg_nano.a(lib_a-mprec.o)
                0x0000c55a                __i2b
 .text.__multiply
                0x0000c56c      0x120 c:/program files (x86)/cypress/psoc creator/3.3/psoc creator/import/gnu/arm/4.9.3/bin/../lib/gcc/arm-none-eabi/4.9.3/../../../../arm-none-eabi/lib/armv7-m\libg_nano.a(lib_a-mprec.o)
                0x0000c56c                __multiply
 .text.__pow5mult
                0x0000c68c       0x9c c:/program files (x86)/cypress/psoc creator/3.3/psoc creator/import/gnu/arm/4.9.3/bin/../lib/gcc/arm-none-eabi/4.9.3/../../../../arm-none-eabi/lib/armv7-m\libg_nano.a(lib_a-mprec.o)
                0x0000c68c                __pow5mult
 .text.__lshift
                0x0000c728       0xa6 c:/program files (x86)/cypress/psoc creator/3.3/psoc creator/import/gnu/arm/4.9.3/bin/../lib/gcc/arm-none-eabi/4.9.3/../../../../arm-none-eabi/lib/armv7-m\libg_nano.a(lib_a-mprec.o)
                0x0000c728                __lshift
 .text.__mcmp   0x0000c7ce       0x38 c:/program files (x86)/cypress/psoc creator/3.3/psoc creator/import/gnu/arm/4.9.3/bin/../lib/gcc/arm-none-eabi/4.9.3/../../../../arm-none-eabi/lib/armv7-m\libg_nano.a(lib_a-mprec.o)
                0x0000c7ce                __mcmp
 .text.__mdiff  0x0000c806       0xbe c:/program files (x86)/cypress/psoc creator/3.3/psoc creator/import/gnu/arm/4.9.3/bin/../lib/gcc/arm-none-eabi/4.9.3/../../../../arm-none-eabi/lib/armv7-m\libg_nano.a(lib_a-mprec.o)
                0x0000c806                __mdiff
 .text.__ulp    0x0000c8c4       0x48 c:/program files (x86)/cypress/psoc creator/3.3/psoc creator/import/gnu/arm/4.9.3/bin/../lib/gcc/arm-none-eabi/4.9.3/../../../../arm-none-eabi/lib/armv7-m\libg_nano.a(lib_a-mprec.o)
                0x0000c8c4                __ulp
 .text.__b2d    0x0000c90c       0x9e c:/program files (x86)/cypress/psoc creator/3.3/psoc creator/import/gnu/arm/4.9.3/bin/../lib/gcc/arm-none-eabi/4.9.3/../../../../arm-none-eabi/lib/armv7-m\libg_nano.a(lib_a-mprec.o)
                0x0000c90c                __b2d
 .text.__d2b    0x0000c9aa       0xa4 c:/program files (x86)/cypress/psoc creator/3.3/psoc creator/import/gnu/arm/4.9.3/bin/../lib/gcc/arm-none-eabi/4.9.3/../../../../arm-none-eabi/lib/armv7-m\libg_nano.a(lib_a-mprec.o)
                0x0000c9aa                __d2b
 .text.__ratio  0x0000ca4e       0x50 c:/program files (x86)/cypress/psoc creator/3.3/psoc creator/import/gnu/arm/4.9.3/bin/../lib/gcc/arm-none-eabi/4.9.3/../../../../arm-none-eabi/lib/armv7-m\libg_nano.a(lib_a-mprec.o)
                0x0000ca4e                __ratio
 .text.__copybits
                0x0000ca9e       0x34 c:/program files (x86)/cypress/psoc creator/3.3/psoc creator/import/gnu/arm/4.9.3/bin/../lib/gcc/arm-none-eabi/4.9.3/../../../../arm-none-eabi/lib/armv7-m\libg_nano.a(lib_a-mprec.o)
                0x0000ca9e                __copybits
 .text.__any_on
                0x0000cad2       0x44 c:/program files (x86)/cypress/psoc creator/3.3/psoc creator/import/gnu/arm/4.9.3/bin/../lib/gcc/arm-none-eabi/4.9.3/../../../../arm-none-eabi/lib/armv7-m\libg_nano.a(lib_a-mprec.o)
                0x0000cad2                __any_on
 .text._calloc_r
                0x0000cb16       0x1c c:/program files (x86)/cypress/psoc creator/3.3/psoc creator/import/gnu/arm/4.9.3/bin/../lib/gcc/arm-none-eabi/4.9.3/../../../../arm-none-eabi/lib/armv7-m\libg_nano.a(lib_a-nano-callocr.o)
                0x0000cb16                _calloc_r
 *fill*         0x0000cb32        0x2 
 .text._malloc_r
                0x0000cb34       0xac c:/program files (x86)/cypress/psoc creator/3.3/psoc creator/import/gnu/arm/4.9.3/bin/../lib/gcc/arm-none-eabi/4.9.3/../../../../arm-none-eabi/lib/armv7-m\libg_nano.a(lib_a-nano-mallocr.o)
                0x0000cb34                _malloc_r
 .text._sbrk_r  0x0000cbe0       0x20 c:/program files (x86)/cypress/psoc creator/3.3/psoc creator/import/gnu/arm/4.9.3/bin/../lib/gcc/arm-none-eabi/4.9.3/../../../../arm-none-eabi/lib/armv7-m\libg_nano.a(lib_a-sbrkr.o)
                0x0000cbe0                _sbrk_r
 .text.strlen   0x0000cc00       0x10 c:/program files (x86)/cypress/psoc creator/3.3/psoc creator/import/gnu/arm/4.9.3/bin/../lib/gcc/arm-none-eabi/4.9.3/../../../../arm-none-eabi/lib/armv7-m\libg_nano.a(lib_a-strlen.o)
                0x0000cc00                strlen
 .text.strncmp  0x0000cc10       0x32 c:/program files (x86)/cypress/psoc creator/3.3/psoc creator/import/gnu/arm/4.9.3/bin/../lib/gcc/arm-none-eabi/4.9.3/../../../../arm-none-eabi/lib/armv7-m\libg_nano.a(lib_a-strncmp.o)
                0x0000cc10                strncmp
 *fill*         0x0000cc42        0x2 
 .text.malloc   0x0000cc44       0x10 c:/program files (x86)/cypress/psoc creator/3.3/psoc creator/import/gnu/arm/4.9.3/bin/../lib/gcc/arm-none-eabi/4.9.3/../../../../arm-none-eabi/lib/armv7-m\libg_nano.a(lib_a-malloc.o)
                0x0000cc44                malloc
 .text          0x0000cc54      0x370 c:/program files (x86)/cypress/psoc creator/3.3/psoc creator/import/gnu/arm/4.9.3/bin/../lib/gcc/arm-none-eabi/4.9.3/armv7-m\libgcc.a(_arm_addsubdf3.o)
                0x0000cc54                __aeabi_drsub
                0x0000cc5c                __aeabi_dsub
                0x0000cc5c                __subdf3
                0x0000cc60                __aeabi_dadd
                0x0000cc60                __adddf3
                0x0000ced8                __floatunsidf
                0x0000ced8                __aeabi_ui2d
                0x0000cef8                __floatsidf
                0x0000cef8                __aeabi_i2d
                0x0000cf1c                __aeabi_f2d
                0x0000cf1c                __extendsfdf2
                0x0000cf58                __floatundidf
                0x0000cf58                __aeabi_ul2d
                0x0000cf68                __floatdidf
                0x0000cf68                __aeabi_l2d
 .text          0x0000cfc4      0x424 c:/program files (x86)/cypress/psoc creator/3.3/psoc creator/import/gnu/arm/4.9.3/bin/../lib/gcc/arm-none-eabi/4.9.3/armv7-m\libgcc.a(_arm_muldivdf3.o)
                0x0000cfc4                __aeabi_dmul
                0x0000cfc4                __muldf3
                0x0000d218                __divdf3
                0x0000d218                __aeabi_ddiv
 .text          0x0000d3e8       0x50 c:/program files (x86)/cypress/psoc creator/3.3/psoc creator/import/gnu/arm/4.9.3/bin/../lib/gcc/arm-none-eabi/4.9.3/armv7-m\libgcc.a(_arm_fixdfsi.o)
                0x0000d3e8                __aeabi_d2iz
                0x0000d3e8                __fixdfsi
 .text          0x0000d438       0x40 c:/program files (x86)/cypress/psoc creator/3.3/psoc creator/import/gnu/arm/4.9.3/bin/../lib/gcc/arm-none-eabi/4.9.3/armv7-m\libgcc.a(_arm_fixunsdfsi.o)
                0x0000d438                __aeabi_d2uiz
                0x0000d438                __fixunsdfsi
 *(.plt)
 *(.gnu.warning)
 *(.glue_7t)
 .glue_7t       0x00000000        0x0 linker stubs
 *(.glue_7)
 .glue_7        0x00000000        0x0 linker stubs
 *(.vfp11_veneer)
 .vfp11_veneer  0x00000000        0x0 linker stubs
 *(.bootloader)
 *(.ARM.extab* .gnu.linkonce.armextab.*)
 *(.gcc_except_table)

.v4_bx          0x0000d478        0x0
 .v4_bx         0x00000000        0x0 linker stubs

.iplt           0x0000d478        0x0
 .iplt          0x00000000        0x0 c:/program files (x86)/cypress/psoc creator/3.3/psoc creator/import/gnu/arm/4.9.3/bin/../lib/gcc/arm-none-eabi/4.9.3/armv7-m/crtbegin.o

.eh_frame_hdr
 *(.eh_frame_hdr)

.eh_frame       0x0000d478        0x4
 *(.eh_frame)
 .eh_frame      0x0000d478        0x0 c:/program files (x86)/cypress/psoc creator/3.3/psoc creator/import/gnu/arm/4.9.3/bin/../lib/gcc/arm-none-eabi/4.9.3/armv7-m/crtbegin.o
 .eh_frame      0x0000d478        0x0 c:/program files (x86)/cypress/psoc creator/3.3/psoc creator/import/gnu/arm/4.9.3/bin/../lib/gcc/arm-none-eabi/4.9.3/../../../../arm-none-eabi/lib/armv7-m\libg_nano.a(lib_a-strcmp.o)
                                 0x28 (size before relaxing)
 .eh_frame      0x0000d478        0x4 c:/program files (x86)/cypress/psoc creator/3.3/psoc creator/import/gnu/arm/4.9.3/bin/../lib/gcc/arm-none-eabi/4.9.3/armv7-m/crtend.o
                0x0000d47c                PROVIDE (__exidx_start, .)

.ARM.exidx
 *(.ARM.exidx* .gnu.linkonce.armexidx.*)
                0x0000d47c                __exidx_end = .

.rodata         0x0000d480      0x268
 *(.rodata .rodata.* .gnu.linkonce.r.*)
 .rodata        0x0000d480        0xc .\CortexM3\ARM_GCC_493\Debug\Protocolo.o
 .rodata        0x0000d48c       0x48 .\CortexM3\ARM_GCC_493\Debug\LCD.o
 .rodata        0x0000d4d4       0x78 .\CortexM3\ARM_GCC_493\Debug\BBB.a(cyfitter_cfg.o)
 .rodata.str1.1
                0x0000d54c        0x2 c:/program files (x86)/cypress/psoc creator/3.3/psoc creator/import/gnu/arm/4.9.3/bin/../lib/gcc/arm-none-eabi/4.9.3/../../../../arm-none-eabi/lib/armv7-m\libg_nano.a(lib_a-impure.o)
 *fill*         0x0000d54e        0x2 
 .rodata.fpinan.5309
                0x0000d550       0x14 c:/program files (x86)/cypress/psoc creator/3.3/psoc creator/import/gnu/arm/4.9.3/bin/../lib/gcc/arm-none-eabi/4.9.3/../../../../arm-none-eabi/lib/armv7-m\libg_nano.a(lib_a-strtod.o)
 .rodata.str1.1
                0x0000d564        0xc c:/program files (x86)/cypress/psoc creator/3.3/psoc creator/import/gnu/arm/4.9.3/bin/../lib/gcc/arm-none-eabi/4.9.3/../../../../arm-none-eabi/lib/armv7-m\libg_nano.a(lib_a-strtod.o)
 .rodata.tinytens
                0x0000d570       0x28 c:/program files (x86)/cypress/psoc creator/3.3/psoc creator/import/gnu/arm/4.9.3/bin/../lib/gcc/arm-none-eabi/4.9.3/../../../../arm-none-eabi/lib/armv7-m\libg_nano.a(lib_a-strtod.o)
 .rodata.fpi.5273
                0x0000d598       0x14 c:/program files (x86)/cypress/psoc creator/3.3/psoc creator/import/gnu/arm/4.9.3/bin/../lib/gcc/arm-none-eabi/4.9.3/../../../../arm-none-eabi/lib/armv7-m\libg_nano.a(lib_a-strtod.o)
 .rodata.str1.1
                0x0000d5ac        0x8 c:/program files (x86)/cypress/psoc creator/3.3/psoc creator/import/gnu/arm/4.9.3/bin/../lib/gcc/arm-none-eabi/4.9.3/../../../../arm-none-eabi/lib/armv7-m\libg_nano.a(lib_a-locale.o)
                                  0xb (size before relaxing)
 *fill*         0x0000d5b4        0x4 
 .rodata.__mprec_tens
                0x0000d5b8       0xc8 c:/program files (x86)/cypress/psoc creator/3.3/psoc creator/import/gnu/arm/4.9.3/bin/../lib/gcc/arm-none-eabi/4.9.3/../../../../arm-none-eabi/lib/armv7-m\libg_nano.a(lib_a-mprec.o)
                0x0000d5b8                __mprec_tens
 .rodata.__mprec_bigtens
                0x0000d680       0x28 c:/program files (x86)/cypress/psoc creator/3.3/psoc creator/import/gnu/arm/4.9.3/bin/../lib/gcc/arm-none-eabi/4.9.3/../../../../arm-none-eabi/lib/armv7-m\libg_nano.a(lib_a-mprec.o)
                0x0000d680                __mprec_bigtens
 .rodata.p05.5308
                0x0000d6a8        0xc c:/program files (x86)/cypress/psoc creator/3.3/psoc creator/import/gnu/arm/4.9.3/bin/../lib/gcc/arm-none-eabi/4.9.3/../../../../arm-none-eabi/lib/armv7-m\libg_nano.a(lib_a-mprec.o)
                0x0000d6b4                . = ALIGN (0x4)
 *(.init)
 .init          0x0000d6b4        0x4 c:/program files (x86)/cypress/psoc creator/3.3/psoc creator/import/gnu/arm/4.9.3/bin/../lib/gcc/arm-none-eabi/4.9.3/armv7-m/crti.o
                0x0000d6b4                _init
 .init          0x0000d6b8        0x8 c:/program files (x86)/cypress/psoc creator/3.3/psoc creator/import/gnu/arm/4.9.3/bin/../lib/gcc/arm-none-eabi/4.9.3/armv7-m/crtn.o
                0x0000d6c0                . = ALIGN (0x4)
                0x0000d6c0                __preinit_array_start = .
 *(.preinit_array)
                0x0000d6c0                __preinit_array_end = .
                0x0000d6c0                . = ALIGN (0x4)
                0x0000d6c0                __init_array_start = .
 *(SORT(.init_array.*))
 *(.init_array)
 .init_array    0x0000d6c0        0x4 c:/program files (x86)/cypress/psoc creator/3.3/psoc creator/import/gnu/arm/4.9.3/bin/../lib/gcc/arm-none-eabi/4.9.3/armv7-m/crtbegin.o
 .init_array    0x0000d6c4        0x4 .\CortexM3\ARM_GCC_493\Debug\Cm3Start.o
                0x0000d6c8                __init_array_end = .
                0x0000d6c8                . = ALIGN (0x4)
 *(.fini)
 .fini          0x0000d6c8        0x4 c:/program files (x86)/cypress/psoc creator/3.3/psoc creator/import/gnu/arm/4.9.3/bin/../lib/gcc/arm-none-eabi/4.9.3/armv7-m/crti.o
                0x0000d6c8                _fini
 .fini          0x0000d6cc        0x8 c:/program files (x86)/cypress/psoc creator/3.3/psoc creator/import/gnu/arm/4.9.3/bin/../lib/gcc/arm-none-eabi/4.9.3/armv7-m/crtn.o
                0x0000d6d4                . = ALIGN (0x4)
                0x0000d6d4                __fini_array_start = .
 *(.fini_array)
 .fini_array    0x0000d6d4        0x4 c:/program files (x86)/cypress/psoc creator/3.3/psoc creator/import/gnu/arm/4.9.3/bin/../lib/gcc/arm-none-eabi/4.9.3/armv7-m/crtbegin.o
 *(SORT(.fini_array.*))
                0x0000d6d8                __fini_array_end = .
                0x0000d6d8                . = ALIGN (0x4)
 *crtbegin.o(.ctors)
 *(EXCLUDE_FILE(*crtend.o) .ctors)
 *(SORT(.ctors.*))
 *crtend.o(.ctors)
                0x0000d6d8                . = ALIGN (0x4)
 *crtbegin.o(.dtors)
 *(EXCLUDE_FILE(*crtend.o) .dtors)
 *(SORT(.dtors.*))
 *crtend.o(.dtors)
                0x0000d6d8                . = ALIGN (0x4)
                0x0000d6d8                __cy_regions = .
                0x0000d6d8        0x4 LONG 0xd6e8 __cy_region_init_ram
                0x0000d6dc        0x4 LONG 0x1fff8108 __cy_region_start_data
                0x0000d6e0        0x4 LONG 0xf8 __cy_region_init_size_ram
                0x0000d6e4        0x4 LONG 0xd50 __cy_region_zero_size_ram
                0x0000d6e8                __cy_regions_end = .
                0x0000d6e8                . = ALIGN (0x8)
                0x0000d6e8                _etext = .

.ramvectors     0x1fff8000      0x100
                0x1fff8000                __cy_region_start_ram = .
 *(.ramvectors)
 .ramvectors    0x1fff8000      0x100 .\CortexM3\ARM_GCC_493\Debug\Cm3Start.o
                0x1fff8000                CyRamVectors

.noinit         0x1fff8100        0x5
 *(.noinit)
 .noinit        0x1fff8100        0x4 .\CortexM3\ARM_GCC_493\Debug\Cm3Start.o
 .noinit        0x1fff8104        0x1 .\CortexM3\ARM_GCC_493\Debug\BBB.a(CyLib.o)
                0x1fff8104                CyResetStatus

.data           0x1fff8108       0xf8 load address 0x0000d6e8
                0x1fff8108                __cy_region_start_data = .
 *(.jcr)
 .jcr           0x1fff8108        0x0 c:/program files (x86)/cypress/psoc creator/3.3/psoc creator/import/gnu/arm/4.9.3/bin/../lib/gcc/arm-none-eabi/4.9.3/armv7-m/crtbegin.o
 .jcr           0x1fff8108        0x4 c:/program files (x86)/cypress/psoc creator/3.3/psoc creator/import/gnu/arm/4.9.3/bin/../lib/gcc/arm-none-eabi/4.9.3/armv7-m/crtend.o
 *(.got.plt)
 *(.got)
 *(.shdata)
 *(.data .data.* .gnu.linkonce.d.*)
 .data          0x1fff810c       0x40 .\CortexM3\ARM_GCC_493\Debug\main.o
                0x1fff810c                letras
                0x1fff8128                clave_config
                0x1fff8130                test
                0x1fff8142                consulta_sistema
                0x1fff8144                clave_local
                0x1fff8148                producto1
                0x1fff8149                producto2
                0x1fff814a                producto3
                0x1fff814b                producto4
 .data          0x1fff814c        0x4 .\CortexM3\ARM_GCC_493\Debug\Cm3Start.o
 .data          0x1fff8150       0x10 .\CortexM3\ARM_GCC_493\Debug\BBB.a(CyLib.o)
                0x1fff8150                cydelay_freq_hz
                0x1fff8154                cydelay_freq_khz
                0x1fff8158                cydelay_freq_mhz
                0x1fff815c                cydelay_32k_ms
 .data.impure_data
                0x1fff8160       0x60 c:/program files (x86)/cypress/psoc creator/3.3/psoc creator/import/gnu/arm/4.9.3/bin/../lib/gcc/arm-none-eabi/4.9.3/../../../../arm-none-eabi/lib/armv7-m\libg_nano.a(lib_a-impure.o)
 .data._impure_ptr
                0x1fff81c0        0x4 c:/program files (x86)/cypress/psoc creator/3.3/psoc creator/import/gnu/arm/4.9.3/bin/../lib/gcc/arm-none-eabi/4.9.3/../../../../arm-none-eabi/lib/armv7-m\libg_nano.a(lib_a-impure.o)
                0x1fff81c0                _impure_ptr
 .data.lconv    0x1fff81c4       0x38 c:/program files (x86)/cypress/psoc creator/3.3/psoc creator/import/gnu/arm/4.9.3/bin/../lib/gcc/arm-none-eabi/4.9.3/../../../../arm-none-eabi/lib/armv7-m\libg_nano.a(lib_a-locale.o)
                0x1fff8200                . = ALIGN (0x8)
 *fill*         0x1fff81fc        0x4 
 *(.ram)
                0x1fff8200                _edata = .

.igot.plt       0x1fff8200        0x0 load address 0x0000d7e0
 .igot.plt      0x00000000        0x0 c:/program files (x86)/cypress/psoc creator/3.3/psoc creator/import/gnu/arm/4.9.3/bin/../lib/gcc/arm-none-eabi/4.9.3/armv7-m/crtbegin.o

.bss            0x1fff8200      0xd50 load address 0x0000d7e0
                0x1fff8200                PROVIDE (__bss_start__, .)
 *(.shbss)
 *(.bss .bss.* .gnu.linkonce.b.*)
 .bss           0x1fff8200       0x1c c:/program files (x86)/cypress/psoc creator/3.3/psoc creator/import/gnu/arm/4.9.3/bin/../lib/gcc/arm-none-eabi/4.9.3/armv7-m/crtbegin.o
 .bss           0x1fff821c        0xa .\CortexM3\ARM_GCC_493\Debug\BBB.a(Surtidor.o)
                0x1fff821c                Surtidor_initVar
                0x1fff821d                Surtidor_errorStatus
                0x1fff821e                Surtidor_rxBufferRead
                0x1fff8220                Surtidor_rxBufferWrite
                0x1fff8222                Surtidor_rxBufferLoopDetect
                0x1fff8223                Surtidor_rxBufferOverflow
 .bss           0x1fff8226        0xa .\CortexM3\ARM_GCC_493\Debug\BBB.a(PC.o)
                0x1fff8226                PC_initVar
                0x1fff8227                PC_errorStatus
                0x1fff8228                PC_rxBufferRead
                0x1fff822a                PC_rxBufferWrite
                0x1fff822c                PC_rxBufferLoopDetect
                0x1fff822d                PC_rxBufferOverflow
 .bss           0x1fff8230        0x1 .\CortexM3\ARM_GCC_493\Debug\BBB.a(I2C_1.o)
                0x1fff8230                I2C_1_initVar
 .bss           0x1fff8231        0x7 .\CortexM3\ARM_GCC_493\Debug\BBB.a(LCD_1.o)
                0x1fff8231                LCD_1_initVar
                0x1fff8232                LCD_1_errorStatus
                0x1fff8233                LCD_1_rxBufferRead
                0x1fff8234                LCD_1_rxBufferWrite
                0x1fff8235                LCD_1_rxBufferLoopDetect
                0x1fff8236                LCD_1_rxBufferOverflow
 .bss           0x1fff8238        0x7 .\CortexM3\ARM_GCC_493\Debug\BBB.a(LCD_2.o)
                0x1fff8238                LCD_2_initVar
                0x1fff8239                LCD_2_errorStatus
                0x1fff823a                LCD_2_rxBufferRead
                0x1fff823b                LCD_2_rxBufferWrite
                0x1fff823c                LCD_2_rxBufferLoopDetect
                0x1fff823d                LCD_2_rxBufferOverflow
 .bss           0x1fff823f        0x1 .\CortexM3\ARM_GCC_493\Debug\BBB.a(Timer_Animacion.o)
                0x1fff823f                Timer_Animacion_initVar
 .bss           0x1fff8240        0x1 .\CortexM3\ARM_GCC_493\Debug\BBB.a(Timer_Animacion2.o)
                0x1fff8240                Timer_Animacion2_initVar
 .bss           0x1fff8241        0x1 .\CortexM3\ARM_GCC_493\Debug\BBB.a(Timer_RxSurtidor.o)
                0x1fff8241                Timer_RxSurtidor_initVar
 *fill*         0x1fff8242        0x2 
 .bss           0x1fff8244        0x8 .\CortexM3\ARM_GCC_493\Debug\BBB.a(CySpc.o)
                0x1fff8244                SpcLockState
 .bss.__malloc_sbrk_start
                0x1fff824c        0x4 c:/program files (x86)/cypress/psoc creator/3.3/psoc creator/import/gnu/arm/4.9.3/bin/../lib/gcc/arm-none-eabi/4.9.3/../../../../arm-none-eabi/lib/armv7-m\libg_nano.a(lib_a-nano-mallocr.o)
                0x1fff824c                __malloc_sbrk_start
 .bss.__malloc_free_list
                0x1fff8250        0x4 c:/program files (x86)/cypress/psoc creator/3.3/psoc creator/import/gnu/arm/4.9.3/bin/../lib/gcc/arm-none-eabi/4.9.3/../../../../arm-none-eabi/lib/armv7-m\libg_nano.a(lib_a-nano-mallocr.o)
                0x1fff8250                __malloc_free_list
 *(COMMON)
 COMMON         0x1fff8254      0x52e .\CortexM3\ARM_GCC_493\Debug\main.o
                0x1fff8254                flujo_pos2
                0x1fff8255                status1st
                0x1fff8256                comas1
                0x1fff8258                lado2
                0x1fff82b5                id_coma1
                0x1fff82b8                km
                0x1fff82ba                num_decimal2
                0x1fff82bc                Productos
                0x1fff82c0                count_protector2
                0x1fff82c4                hora
                0x1fff82c8                nit
                0x1fff82d7                id_teclado1
                0x1fff82d8                version
                0x1fff82dc                posy1
                0x1fff82de                venta_activa2
                0x1fff82e0                direccion
                0x1fff8304                lema2
                0x1fff8324                status2LP
                0x1fff8325                crc_total
                0x1fff8326                status1LP
                0x1fff8327                id_teclado2
                0x1fff8328                timeout_autorizacion
                0x1fff832a                ok_datosRF
                0x1fff832b                id_coma2
                0x1fff832c                imagen_grado
                0x1fff8330                trama_totales
                0x1fff83f8                idaux
                0x1fff8400                sizeletra1
                0x1fff8402                tipo_venta
                0x1fff8403                flujo_LCD2
                0x1fff8404                sizeletra2
                0x1fff8406                flujo_pos
                0x1fff8407                flujo_pos1
                0x1fff8408                teclas1
                0x1fff8409                comas2
                0x1fff840a                ok_RF
                0x1fff840c                buffer_i2c
                0x1fff844c                nombre_pro2
                0x1fff8460                rf_mod
                0x1fff8528                count_protector
                0x1fff852c                id_estacion
                0x1fff8534                id_venta
                0x1fff853c                id_logo
                0x1fff853e                ppux10
                0x1fff853f                count_teclas1
                0x1fff8540                posy2
                0x1fff8542                state_rf
                0x1fff8544                nombre_pro1
                0x1fff8555                flujo_LCD1
                0x1fff8558                rventa2
                0x1fff85d0                telefono
                0x1fff85e4                print1
                0x1fff85e6                posx2
                0x1fff85e8                nombre_pro3
                0x1fff85fc                password_lcd
                0x1fff8608                fecha
                0x1fff860c                nombre
                0x1fff8630                Buffer_LCD1
                0x1fff864e                status2st
                0x1fff864f                seleccion_pos
                0x1fff8650                teclas2
                0x1fff8654                print2
                0x1fff8656                estado_tanqueando
                0x1fff8657                venta_activa
                0x1fff8658                lado1
                0x1fff86b6                posx1
                0x1fff86b8                count_teclas2
                0x1fff86bc                lema1
                0x1fff86dc                rventa1
                0x1fff8754                bloqueo_LCD
                0x1fff8758                Buffer_LCD2
                0x1fff8778                prox_caso
                0x1fff8780                v_digitos_1
                0x1fff8781                Producto
 COMMON         0x1fff8782        0x1 .\CortexM3\ARM_GCC_493\Debug\Protocolo.o
                0x1fff8782                rx_timeout
 *fill*         0x1fff8783        0x1 
 COMMON         0x1fff8784      0x100 .\CortexM3\ARM_GCC_493\Debug\BBB.a(Surtidor.o)
                0x1fff8784                Surtidor_rxBuffer
 COMMON         0x1fff8884      0x5dc .\CortexM3\ARM_GCC_493\Debug\BBB.a(PC.o)
                0x1fff8884                PC_rxBuffer
 COMMON         0x1fff8e60        0x1 .\CortexM3\ARM_GCC_493\Debug\BBB.a(I2C_1.o)
                0x1fff8e60                I2C_1_state
 *fill*         0x1fff8e61        0x3 
 COMMON         0x1fff8e64       0x11 .\CortexM3\ARM_GCC_493\Debug\BBB.a(I2C_1_MASTER.o)
                0x1fff8e64                I2C_1_mstrWrBufIndex
                0x1fff8e65                I2C_1_mstrControl
                0x1fff8e66                I2C_1_mstrStatus
                0x1fff8e67                I2C_1_mstrWrBufSize
                0x1fff8e68                I2C_1_mstrRdBufIndex
                0x1fff8e6c                I2C_1_mstrWrBufPtr
                0x1fff8e70                I2C_1_mstrRdBufPtr
                0x1fff8e74                I2C_1_mstrRdBufSize
 *fill*         0x1fff8e75        0x3 
 COMMON         0x1fff8e78        0x8 .\CortexM3\ARM_GCC_493\Debug\BBB.a(LCD_1.o)
                0x1fff8e78                LCD_1_rxBuffer
 COMMON         0x1fff8e80       0xc8 .\CortexM3\ARM_GCC_493\Debug\BBB.a(LCD_2.o)
                0x1fff8e80                LCD_2_rxBuffer
 COMMON         0x1fff8f48        0x2 .\CortexM3\ARM_GCC_493\Debug\BBB.a(CyFlash.o)
                0x1fff8f48                dieTemperature
 *fill*         0x1fff8f4a        0x2 
 COMMON         0x1fff8f4c        0x4 c:/program files (x86)/cypress/psoc creator/3.3/psoc creator/import/gnu/arm/4.9.3/bin/../lib/gcc/arm-none-eabi/4.9.3/../../../../arm-none-eabi/lib/armv7-m\libg_nano.a(lib_a-reent.o)
                0x1fff8f4c                errno
                0x1fff8f50                . = ALIGN (0x8)
 *(.ram.b)
                0x1fff8f50                _end = .
                0x1fff8f50                __end = .
                0x1fff8f50                PROVIDE (end, .)
                0x1fff8f50                PROVIDE (__bss_end__, .)
                0x0000d6e8                __cy_region_init_ram = LOADADDR (.data)
                0x000000f8                __cy_region_init_size_ram = (_edata - ADDR (.data))
                0x00000d50                __cy_region_zero_size_ram = (_end - _edata)

.heap           0x1fff8f50     0x1000 load address 0x0000d7e0
                0x1fff8f50                . = _end
                0x1fff9f50                . = (. + 0x1000)
 *fill*         0x1fff8f50     0x1000 
                0x1fff9f50                __cy_heap_limit = .

.stack          0x20004000     0x4000
                0x20004000                __cy_stack_limit = .
                0x20008000                . = (. + 0x4000)
 *fill*         0x20004000     0x4000 
                0x00000001                ASSERT ((__cy_stack_limit >= __cy_heap_limit), region RAM overflowed with stack)

.cyloadermeta
 *(.cyloadermeta)

.cyloadablemeta
 *(.cyloadablemeta)

.cyconfigecc    0x80000000      0xcc4
 *(.cyconfigecc)
 .cyconfigecc   0x80000000      0xcc4 .\CortexM3\ARM_GCC_493\Debug\cymetadata.o
                0x80000000                cy_meta_configecc

.cycustnvl      0x90000000        0x4
 *(.cycustnvl)
 .cycustnvl     0x90000000        0x4 .\CortexM3\ARM_GCC_493\Debug\cymetadata.o
                0x90000000                cy_meta_custnvl

.cywolatch      0x90100000        0x4
 *(.cywolatch)
 .cywolatch     0x90100000        0x4 .\CortexM3\ARM_GCC_493\Debug\cymetadata.o
                0x90100000                cy_meta_wonvl

.cyeeprom       0x90200000        0x0
 *(.cyeeprom)
                0x00000001                ASSERT ((. <= ((0x90200000 + ee_offset) + ee_size)), .cyeeprom data will not fit in EEPROM)

.cyflashprotect
                0x90400000      0x100
 *(.cyflashprotect)
 .cyflashprotect
                0x90400000      0x100 .\CortexM3\ARM_GCC_493\Debug\cymetadata.o
                0x90400000                cy_meta_flashprotect

.cymeta         0x90500000        0xc
 *(.cymeta)
 .cymeta        0x90500000        0xc .\CortexM3\ARM_GCC_493\Debug\cymetadata.o
                0x90500000                cy_metadata

.rel.dyn        0x0000d7e0        0x0 load address 0x9050000c
 .rel.iplt      0x00000000        0x0 c:/program files (x86)/cypress/psoc creator/3.3/psoc creator/import/gnu/arm/4.9.3/bin/../lib/gcc/arm-none-eabi/4.9.3/armv7-m/crtbegin.o

.stab
 *(.stab)

.stabstr
 *(.stabstr)

.debug
 *(.debug)

.line
 *(.line)

.debug_srcinfo
 *(.debug_srcinfo)

.debug_sfnames
 *(.debug_sfnames)

.debug_aranges  0x00000000     0x1208
 *(.debug_aranges)
 .debug_aranges
                0x00000000       0x90 .\CortexM3\ARM_GCC_493\Debug\main.o
 .debug_aranges
                0x00000090       0x68 .\CortexM3\ARM_GCC_493\Debug\Protocolo.o
 .debug_aranges
                0x000000f8       0x28 .\CortexM3\ARM_GCC_493\Debug\Print.o
 .debug_aranges
                0x00000120       0x40 .\CortexM3\ARM_GCC_493\Debug\LCD.o
 .debug_aranges
                0x00000160       0x38 .\CortexM3\ARM_GCC_493\Debug\ibuton.o
 .debug_aranges
                0x00000198       0x40 .\CortexM3\ARM_GCC_493\Debug\I2C.o
 .debug_aranges
                0x000001d8       0x48 .\CortexM3\ARM_GCC_493\Debug\Cm3Start.o
 .debug_aranges
                0x00000220       0x18 .\CortexM3\ARM_GCC_493\Debug\cymetadata.o
 .debug_aranges
                0x00000238       0x60 .\CortexM3\ARM_GCC_493\Debug\BBB.a(cyfitter_cfg.o)
 .debug_aranges
                0x00000298       0x20 .\CortexM3\ARM_GCC_493\Debug\BBB.a(CyBootAsmGnu.o)
 .debug_aranges
                0x000002b8      0x298 .\CortexM3\ARM_GCC_493\Debug\BBB.a(CyLib.o)
 .debug_aranges
                0x00000550       0x98 .\CortexM3\ARM_GCC_493\Debug\BBB.a(cyPm.o)
 .debug_aranges
                0x000005e8       0xf0 .\CortexM3\ARM_GCC_493\Debug\BBB.a(Surtidor.o)
 .debug_aranges
                0x000006d8       0x20 .\CortexM3\ARM_GCC_493\Debug\BBB.a(Surtidor_INT.o)
 .debug_aranges
                0x000006f8       0xf0 .\CortexM3\ARM_GCC_493\Debug\BBB.a(PC.o)
 .debug_aranges
                0x000007e8       0x20 .\CortexM3\ARM_GCC_493\Debug\BBB.a(PC_INT.o)
 .debug_aranges
                0x00000808       0x38 .\CortexM3\ARM_GCC_493\Debug\BBB.a(I2C_1.o)
 .debug_aranges
                0x00000840       0x20 .\CortexM3\ARM_GCC_493\Debug\BBB.a(I2C_1_INT.o)
 .debug_aranges
                0x00000860       0x38 .\CortexM3\ARM_GCC_493\Debug\BBB.a(I2C_1_PM.o)
 .debug_aranges
                0x00000898       0x80 .\CortexM3\ARM_GCC_493\Debug\BBB.a(I2C_1_MASTER.o)
 .debug_aranges
                0x00000918       0x80 .\CortexM3\ARM_GCC_493\Debug\BBB.a(isr_1.o)
 .debug_aranges
                0x00000998       0x70 .\CortexM3\ARM_GCC_493\Debug\BBB.a(PC_IntClock.o)
 .debug_aranges
                0x00000a08       0xf0 .\CortexM3\ARM_GCC_493\Debug\BBB.a(LCD_1.o)
 .debug_aranges
                0x00000af8       0x20 .\CortexM3\ARM_GCC_493\Debug\BBB.a(LCD_1_INT.o)
 .debug_aranges
                0x00000b18       0xf0 .\CortexM3\ARM_GCC_493\Debug\BBB.a(LCD_2.o)
 .debug_aranges
                0x00000c08       0x20 .\CortexM3\ARM_GCC_493\Debug\BBB.a(LCD_2_INT.o)
 .debug_aranges
                0x00000c28       0x70 .\CortexM3\ARM_GCC_493\Debug\BBB.a(LCD_1_IntClock.o)
 .debug_aranges
                0x00000c98       0x70 .\CortexM3\ARM_GCC_493\Debug\BBB.a(LCD_2_IntClock.o)
 .debug_aranges
                0x00000d08       0x38 .\CortexM3\ARM_GCC_493\Debug\BBB.a(IB1.o)
 .debug_aranges
                0x00000d40       0x38 .\CortexM3\ARM_GCC_493\Debug\BBB.a(IB2.o)
 .debug_aranges
                0x00000d78       0x80 .\CortexM3\ARM_GCC_493\Debug\BBB.a(isr_3.o)
 .debug_aranges
                0x00000df8       0x88 .\CortexM3\ARM_GCC_493\Debug\BBB.a(Timer_Animacion.o)
 .debug_aranges
                0x00000e80       0x88 .\CortexM3\ARM_GCC_493\Debug\BBB.a(Timer_Animacion2.o)
 .debug_aranges
                0x00000f08       0x80 .\CortexM3\ARM_GCC_493\Debug\BBB.a(isr_4.o)
 .debug_aranges
                0x00000f88       0x88 .\CortexM3\ARM_GCC_493\Debug\BBB.a(Timer_Modo.o)
 .debug_aranges
                0x00001010       0x88 .\CortexM3\ARM_GCC_493\Debug\BBB.a(Timer_RxSurtidor.o)
 .debug_aranges
                0x00001098       0x78 .\CortexM3\ARM_GCC_493\Debug\BBB.a(EEPROM.o)
 .debug_aranges
                0x00001110       0x80 .\CortexM3\ARM_GCC_493\Debug\BBB.a(CyFlash.o)
 .debug_aranges
                0x00001190       0x78 .\CortexM3\ARM_GCC_493\Debug\BBB.a(CySpc.o)

.debug_pubnames
 *(.debug_pubnames)

.debug_info     0x00000000     0xa726
 *(.debug_info .gnu.linkonce.wi.*)
 .debug_info    0x00000000      0xd2b .\CortexM3\ARM_GCC_493\Debug\main.o
 .debug_info    0x00000d2b      0xb8b .\CortexM3\ARM_GCC_493\Debug\Protocolo.o
 .debug_info    0x000018b6      0xc44 .\CortexM3\ARM_GCC_493\Debug\Print.o
 .debug_info    0x000024fa      0x9ba .\CortexM3\ARM_GCC_493\Debug\LCD.o
 .debug_info    0x00002eb4      0x8f7 .\CortexM3\ARM_GCC_493\Debug\ibuton.o
 .debug_info    0x000037ab      0x945 .\CortexM3\ARM_GCC_493\Debug\I2C.o
 .debug_info    0x000040f0      0x317 .\CortexM3\ARM_GCC_493\Debug\Cm3Start.o
 .debug_info    0x00004407      0x13e .\CortexM3\ARM_GCC_493\Debug\cymetadata.o
 .debug_info    0x00004545      0x448 .\CortexM3\ARM_GCC_493\Debug\BBB.a(cyfitter_cfg.o)
 .debug_info    0x0000498d       0x87 .\CortexM3\ARM_GCC_493\Debug\BBB.a(CyBootAsmGnu.o)
 .debug_info    0x00004a14      0xe31 .\CortexM3\ARM_GCC_493\Debug\BBB.a(CyLib.o)
 .debug_info    0x00005845      0x55f .\CortexM3\ARM_GCC_493\Debug\BBB.a(cyPm.o)
 .debug_info    0x00005da4      0x5ec .\CortexM3\ARM_GCC_493\Debug\BBB.a(Surtidor.o)
 .debug_info    0x00006390      0x151 .\CortexM3\ARM_GCC_493\Debug\BBB.a(Surtidor_INT.o)
 .debug_info    0x000064e1      0x5ed .\CortexM3\ARM_GCC_493\Debug\BBB.a(PC.o)
 .debug_info    0x00006ace      0x152 .\CortexM3\ARM_GCC_493\Debug\BBB.a(PC_INT.o)
 .debug_info    0x00006c20      0x1f7 .\CortexM3\ARM_GCC_493\Debug\BBB.a(I2C_1.o)
 .debug_info    0x00006e17      0x14d .\CortexM3\ARM_GCC_493\Debug\BBB.a(I2C_1_INT.o)
 .debug_info    0x00006f64      0x190 .\CortexM3\ARM_GCC_493\Debug\BBB.a(I2C_1_PM.o)
 .debug_info    0x000070f4      0x3ef .\CortexM3\ARM_GCC_493\Debug\BBB.a(I2C_1_MASTER.o)
 .debug_info    0x000074e3      0x238 .\CortexM3\ARM_GCC_493\Debug\BBB.a(isr_1.o)
 .debug_info    0x0000771b      0x25b .\CortexM3\ARM_GCC_493\Debug\BBB.a(PC_IntClock.o)
 .debug_info    0x00007976      0x5e7 .\CortexM3\ARM_GCC_493\Debug\BBB.a(LCD_1.o)
 .debug_info    0x00007f5d      0x141 .\CortexM3\ARM_GCC_493\Debug\BBB.a(LCD_1_INT.o)
 .debug_info    0x0000809e      0x5e7 .\CortexM3\ARM_GCC_493\Debug\BBB.a(LCD_2.o)
 .debug_info    0x00008685      0x141 .\CortexM3\ARM_GCC_493\Debug\BBB.a(LCD_2_INT.o)
 .debug_info    0x000087c6      0x25b .\CortexM3\ARM_GCC_493\Debug\BBB.a(LCD_1_IntClock.o)
 .debug_info    0x00008a21      0x25b .\CortexM3\ARM_GCC_493\Debug\BBB.a(LCD_2_IntClock.o)
 .debug_info    0x00008c7c      0x11d .\CortexM3\ARM_GCC_493\Debug\BBB.a(IB1.o)
 .debug_info    0x00008d99      0x11d .\CortexM3\ARM_GCC_493\Debug\BBB.a(IB2.o)
 .debug_info    0x00008eb6      0x238 .\CortexM3\ARM_GCC_493\Debug\BBB.a(isr_3.o)
 .debug_info    0x000090ee      0x23c .\CortexM3\ARM_GCC_493\Debug\BBB.a(Timer_Animacion.o)
 .debug_info    0x0000932a      0x23c .\CortexM3\ARM_GCC_493\Debug\BBB.a(Timer_Animacion2.o)
 .debug_info    0x00009566      0x238 .\CortexM3\ARM_GCC_493\Debug\BBB.a(isr_4.o)
 .debug_info    0x0000979e      0x23c .\CortexM3\ARM_GCC_493\Debug\BBB.a(Timer_Modo.o)
 .debug_info    0x000099da      0x23c .\CortexM3\ARM_GCC_493\Debug\BBB.a(Timer_RxSurtidor.o)
 .debug_info    0x00009c16      0x350 .\CortexM3\ARM_GCC_493\Debug\BBB.a(EEPROM.o)
 .debug_info    0x00009f66      0x36a .\CortexM3\ARM_GCC_493\Debug\BBB.a(CyFlash.o)
 .debug_info    0x0000a2d0      0x456 .\CortexM3\ARM_GCC_493\Debug\BBB.a(CySpc.o)

.debug_abbrev   0x00000000     0x2c0a
 *(.debug_abbrev)
 .debug_abbrev  0x00000000      0x1ce .\CortexM3\ARM_GCC_493\Debug\main.o
 .debug_abbrev  0x000001ce      0x1a6 .\CortexM3\ARM_GCC_493\Debug\Protocolo.o
 .debug_abbrev  0x00000374      0x166 .\CortexM3\ARM_GCC_493\Debug\Print.o
 .debug_abbrev  0x000004da      0x106 .\CortexM3\ARM_GCC_493\Debug\LCD.o
 .debug_abbrev  0x000005e0      0x124 .\CortexM3\ARM_GCC_493\Debug\ibuton.o
 .debug_abbrev  0x00000704      0x113 .\CortexM3\ARM_GCC_493\Debug\I2C.o
 .debug_abbrev  0x00000817      0x1b6 .\CortexM3\ARM_GCC_493\Debug\Cm3Start.o
 .debug_abbrev  0x000009cd       0x77 .\CortexM3\ARM_GCC_493\Debug\cymetadata.o
 .debug_abbrev  0x00000a44      0x1b7 .\CortexM3\ARM_GCC_493\Debug\BBB.a(cyfitter_cfg.o)
 .debug_abbrev  0x00000bfb       0x14 .\CortexM3\ARM_GCC_493\Debug\BBB.a(CyBootAsmGnu.o)
 .debug_abbrev  0x00000c0f      0x217 .\CortexM3\ARM_GCC_493\Debug\BBB.a(CyLib.o)
 .debug_abbrev  0x00000e26      0x16e .\CortexM3\ARM_GCC_493\Debug\BBB.a(cyPm.o)
 .debug_abbrev  0x00000f94      0x16c .\CortexM3\ARM_GCC_493\Debug\BBB.a(Surtidor.o)
 .debug_abbrev  0x00001100       0x97 .\CortexM3\ARM_GCC_493\Debug\BBB.a(Surtidor_INT.o)
 .debug_abbrev  0x00001197      0x16c .\CortexM3\ARM_GCC_493\Debug\BBB.a(PC.o)
 .debug_abbrev  0x00001303       0x97 .\CortexM3\ARM_GCC_493\Debug\BBB.a(PC_INT.o)
 .debug_abbrev  0x0000139a       0xe2 .\CortexM3\ARM_GCC_493\Debug\BBB.a(I2C_1.o)
 .debug_abbrev  0x0000147c       0x8e .\CortexM3\ARM_GCC_493\Debug\BBB.a(I2C_1_INT.o)
 .debug_abbrev  0x0000150a       0xf8 .\CortexM3\ARM_GCC_493\Debug\BBB.a(I2C_1_PM.o)
 .debug_abbrev  0x00001602      0x12b .\CortexM3\ARM_GCC_493\Debug\BBB.a(I2C_1_MASTER.o)
 .debug_abbrev  0x0000172d      0x17f .\CortexM3\ARM_GCC_493\Debug\BBB.a(isr_1.o)
 .debug_abbrev  0x000018ac      0x12a .\CortexM3\ARM_GCC_493\Debug\BBB.a(PC_IntClock.o)
 .debug_abbrev  0x000019d6      0x16c .\CortexM3\ARM_GCC_493\Debug\BBB.a(LCD_1.o)
 .debug_abbrev  0x00001b42       0x97 .\CortexM3\ARM_GCC_493\Debug\BBB.a(LCD_1_INT.o)
 .debug_abbrev  0x00001bd9      0x16c .\CortexM3\ARM_GCC_493\Debug\BBB.a(LCD_2.o)
 .debug_abbrev  0x00001d45       0x97 .\CortexM3\ARM_GCC_493\Debug\BBB.a(LCD_2_INT.o)
 .debug_abbrev  0x00001ddc      0x12a .\CortexM3\ARM_GCC_493\Debug\BBB.a(LCD_1_IntClock.o)
 .debug_abbrev  0x00001f06      0x12a .\CortexM3\ARM_GCC_493\Debug\BBB.a(LCD_2_IntClock.o)
 .debug_abbrev  0x00002030       0x9d .\CortexM3\ARM_GCC_493\Debug\BBB.a(IB1.o)
 .debug_abbrev  0x000020cd       0x9d .\CortexM3\ARM_GCC_493\Debug\BBB.a(IB2.o)
 .debug_abbrev  0x0000216a      0x17f .\CortexM3\ARM_GCC_493\Debug\BBB.a(isr_3.o)
 .debug_abbrev  0x000022e9       0xf6 .\CortexM3\ARM_GCC_493\Debug\BBB.a(Timer_Animacion.o)
 .debug_abbrev  0x000023df       0xf6 .\CortexM3\ARM_GCC_493\Debug\BBB.a(Timer_Animacion2.o)
 .debug_abbrev  0x000024d5      0x17f .\CortexM3\ARM_GCC_493\Debug\BBB.a(isr_4.o)
 .debug_abbrev  0x00002654       0xf6 .\CortexM3\ARM_GCC_493\Debug\BBB.a(Timer_Modo.o)
 .debug_abbrev  0x0000274a       0xf6 .\CortexM3\ARM_GCC_493\Debug\BBB.a(Timer_RxSurtidor.o)
 .debug_abbrev  0x00002840      0x124 .\CortexM3\ARM_GCC_493\Debug\BBB.a(EEPROM.o)
 .debug_abbrev  0x00002964      0x12d .\CortexM3\ARM_GCC_493\Debug\BBB.a(CyFlash.o)
 .debug_abbrev  0x00002a91      0x179 .\CortexM3\ARM_GCC_493\Debug\BBB.a(CySpc.o)

.debug_line     0x00000000     0x65dc
 *(.debug_line)
 .debug_line    0x00000000     0x140e .\CortexM3\ARM_GCC_493\Debug\main.o
 .debug_line    0x0000140e      0xb06 .\CortexM3\ARM_GCC_493\Debug\Protocolo.o
 .debug_line    0x00001f14      0x55a .\CortexM3\ARM_GCC_493\Debug\Print.o
 .debug_line    0x0000246e      0x25e .\CortexM3\ARM_GCC_493\Debug\LCD.o
 .debug_line    0x000026cc      0x290 .\CortexM3\ARM_GCC_493\Debug\ibuton.o
 .debug_line    0x0000295c      0x255 .\CortexM3\ARM_GCC_493\Debug\I2C.o
 .debug_line    0x00002bb1      0x1d4 .\CortexM3\ARM_GCC_493\Debug\Cm3Start.o
 .debug_line    0x00002d85       0x53 .\CortexM3\ARM_GCC_493\Debug\cymetadata.o
 .debug_line    0x00002dd8      0x222 .\CortexM3\ARM_GCC_493\Debug\BBB.a(cyfitter_cfg.o)
 .debug_line    0x00002ffa       0x68 .\CortexM3\ARM_GCC_493\Debug\BBB.a(CyBootAsmGnu.o)
 .debug_line    0x00003062      0x872 .\CortexM3\ARM_GCC_493\Debug\BBB.a(CyLib.o)
 .debug_line    0x000038d4      0x381 .\CortexM3\ARM_GCC_493\Debug\BBB.a(cyPm.o)
 .debug_line    0x00003c55      0x30e .\CortexM3\ARM_GCC_493\Debug\BBB.a(Surtidor.o)
 .debug_line    0x00003f63       0x90 .\CortexM3\ARM_GCC_493\Debug\BBB.a(Surtidor_INT.o)
 .debug_line    0x00003ff3      0x30a .\CortexM3\ARM_GCC_493\Debug\BBB.a(PC.o)
 .debug_line    0x000042fd       0x84 .\CortexM3\ARM_GCC_493\Debug\BBB.a(PC_INT.o)
 .debug_line    0x00004381       0xdd .\CortexM3\ARM_GCC_493\Debug\BBB.a(I2C_1.o)
 .debug_line    0x0000445e      0x118 .\CortexM3\ARM_GCC_493\Debug\BBB.a(I2C_1_INT.o)
 .debug_line    0x00004576       0xbe .\CortexM3\ARM_GCC_493\Debug\BBB.a(I2C_1_PM.o)
 .debug_line    0x00004634      0x1ed .\CortexM3\ARM_GCC_493\Debug\BBB.a(I2C_1_MASTER.o)
 .debug_line    0x00004821      0x169 .\CortexM3\ARM_GCC_493\Debug\BBB.a(isr_1.o)
 .debug_line    0x0000498a      0x1bf .\CortexM3\ARM_GCC_493\Debug\BBB.a(PC_IntClock.o)
 .debug_line    0x00004b49      0x30d .\CortexM3\ARM_GCC_493\Debug\BBB.a(LCD_1.o)
 .debug_line    0x00004e56       0x8a .\CortexM3\ARM_GCC_493\Debug\BBB.a(LCD_1_INT.o)
 .debug_line    0x00004ee0      0x30d .\CortexM3\ARM_GCC_493\Debug\BBB.a(LCD_2.o)
 .debug_line    0x000051ed       0x8a .\CortexM3\ARM_GCC_493\Debug\BBB.a(LCD_2_INT.o)
 .debug_line    0x00005277      0x1c2 .\CortexM3\ARM_GCC_493\Debug\BBB.a(LCD_1_IntClock.o)
 .debug_line    0x00005439      0x1c2 .\CortexM3\ARM_GCC_493\Debug\BBB.a(LCD_2_IntClock.o)
 .debug_line    0x000055fb       0x94 .\CortexM3\ARM_GCC_493\Debug\BBB.a(IB1.o)
 .debug_line    0x0000568f       0x94 .\CortexM3\ARM_GCC_493\Debug\BBB.a(IB2.o)
 .debug_line    0x00005723      0x169 .\CortexM3\ARM_GCC_493\Debug\BBB.a(isr_3.o)
 .debug_line    0x0000588c      0x169 .\CortexM3\ARM_GCC_493\Debug\BBB.a(Timer_Animacion.o)
 .debug_line    0x000059f5      0x16a .\CortexM3\ARM_GCC_493\Debug\BBB.a(Timer_Animacion2.o)
 .debug_line    0x00005b5f      0x169 .\CortexM3\ARM_GCC_493\Debug\BBB.a(isr_4.o)
 .debug_line    0x00005cc8      0x164 .\CortexM3\ARM_GCC_493\Debug\BBB.a(Timer_Modo.o)
 .debug_line    0x00005e2c      0x16a .\CortexM3\ARM_GCC_493\Debug\BBB.a(Timer_RxSurtidor.o)
 .debug_line    0x00005f96      0x228 .\CortexM3\ARM_GCC_493\Debug\BBB.a(EEPROM.o)
 .debug_line    0x000061be      0x207 .\CortexM3\ARM_GCC_493\Debug\BBB.a(CyFlash.o)
 .debug_line    0x000063c5      0x217 .\CortexM3\ARM_GCC_493\Debug\BBB.a(CySpc.o)

.debug_frame    0x00000000     0x4cf0
 *(.debug_frame)
 .debug_frame   0x00000000      0x238 .\CortexM3\ARM_GCC_493\Debug\main.o
 .debug_frame   0x00000238      0x198 .\CortexM3\ARM_GCC_493\Debug\Protocolo.o
 .debug_frame   0x000003d0       0x64 .\CortexM3\ARM_GCC_493\Debug\Print.o
 .debug_frame   0x00000434       0xe4 .\CortexM3\ARM_GCC_493\Debug\LCD.o
 .debug_frame   0x00000518       0xb0 .\CortexM3\ARM_GCC_493\Debug\ibuton.o
 .debug_frame   0x000005c8       0xe0 .\CortexM3\ARM_GCC_493\Debug\I2C.o
 .debug_frame   0x000006a8       0xd8 .\CortexM3\ARM_GCC_493\Debug\Cm3Start.o
 .debug_frame   0x00000780      0x16c .\CortexM3\ARM_GCC_493\Debug\BBB.a(cyfitter_cfg.o)
 .debug_frame   0x000008ec      0xbe8 .\CortexM3\ARM_GCC_493\Debug\BBB.a(CyLib.o)
 .debug_frame   0x000014d4      0x234 .\CortexM3\ARM_GCC_493\Debug\BBB.a(cyPm.o)
 .debug_frame   0x00001708      0x428 .\CortexM3\ARM_GCC_493\Debug\BBB.a(Surtidor.o)
 .debug_frame   0x00001b30       0x38 .\CortexM3\ARM_GCC_493\Debug\BBB.a(Surtidor_INT.o)
 .debug_frame   0x00001b68      0x428 .\CortexM3\ARM_GCC_493\Debug\BBB.a(PC.o)
 .debug_frame   0x00001f90       0x38 .\CortexM3\ARM_GCC_493\Debug\BBB.a(PC_INT.o)
 .debug_frame   0x00001fc8       0x98 .\CortexM3\ARM_GCC_493\Debug\BBB.a(I2C_1.o)
 .debug_frame   0x00002060       0x38 .\CortexM3\ARM_GCC_493\Debug\BBB.a(I2C_1_INT.o)
 .debug_frame   0x00002098       0x94 .\CortexM3\ARM_GCC_493\Debug\BBB.a(I2C_1_PM.o)
 .debug_frame   0x0000212c      0x208 .\CortexM3\ARM_GCC_493\Debug\BBB.a(I2C_1_MASTER.o)
 .debug_frame   0x00002334      0x1e8 .\CortexM3\ARM_GCC_493\Debug\BBB.a(isr_1.o)
 .debug_frame   0x0000251c      0x1b4 .\CortexM3\ARM_GCC_493\Debug\BBB.a(PC_IntClock.o)
 .debug_frame   0x000026d0      0x428 .\CortexM3\ARM_GCC_493\Debug\BBB.a(LCD_1.o)
 .debug_frame   0x00002af8       0x38 .\CortexM3\ARM_GCC_493\Debug\BBB.a(LCD_1_INT.o)
 .debug_frame   0x00002b30      0x428 .\CortexM3\ARM_GCC_493\Debug\BBB.a(LCD_2.o)
 .debug_frame   0x00002f58       0x38 .\CortexM3\ARM_GCC_493\Debug\BBB.a(LCD_2_INT.o)
 .debug_frame   0x00002f90      0x1b4 .\CortexM3\ARM_GCC_493\Debug\BBB.a(LCD_1_IntClock.o)
 .debug_frame   0x00003144      0x1b4 .\CortexM3\ARM_GCC_493\Debug\BBB.a(LCD_2_IntClock.o)
 .debug_frame   0x000032f8       0xa8 .\CortexM3\ARM_GCC_493\Debug\BBB.a(IB1.o)
 .debug_frame   0x000033a0       0xa8 .\CortexM3\ARM_GCC_493\Debug\BBB.a(IB2.o)
 .debug_frame   0x00003448      0x1e8 .\CortexM3\ARM_GCC_493\Debug\BBB.a(isr_3.o)
 .debug_frame   0x00003630      0x208 .\CortexM3\ARM_GCC_493\Debug\BBB.a(Timer_Animacion.o)
 .debug_frame   0x00003838      0x208 .\CortexM3\ARM_GCC_493\Debug\BBB.a(Timer_Animacion2.o)
 .debug_frame   0x00003a40      0x1e8 .\CortexM3\ARM_GCC_493\Debug\BBB.a(isr_4.o)
 .debug_frame   0x00003c28      0x208 .\CortexM3\ARM_GCC_493\Debug\BBB.a(Timer_Modo.o)
 .debug_frame   0x00003e30      0x208 .\CortexM3\ARM_GCC_493\Debug\BBB.a(Timer_RxSurtidor.o)
 .debug_frame   0x00004038      0x1c0 .\CortexM3\ARM_GCC_493\Debug\BBB.a(EEPROM.o)
 .debug_frame   0x000041f8      0x210 .\CortexM3\ARM_GCC_493\Debug\BBB.a(CyFlash.o)
 .debug_frame   0x00004408      0x1f8 .\CortexM3\ARM_GCC_493\Debug\BBB.a(CySpc.o)
 .debug_frame   0x00004600       0x20 c:/program files (x86)/cypress/psoc creator/3.3/psoc creator/import/gnu/arm/4.9.3/bin/../lib/gcc/arm-none-eabi/4.9.3/../../../../arm-none-eabi/lib/armv7-m\libg_nano.a(lib_a-atof.o)
 .debug_frame   0x00004620       0x20 c:/program files (x86)/cypress/psoc creator/3.3/psoc creator/import/gnu/arm/4.9.3/bin/../lib/gcc/arm-none-eabi/4.9.3/../../../../arm-none-eabi/lib/armv7-m\libg_nano.a(lib_a-errno.o)
 .debug_frame   0x00004640       0x28 c:/program files (x86)/cypress/psoc creator/3.3/psoc creator/import/gnu/arm/4.9.3/bin/../lib/gcc/arm-none-eabi/4.9.3/../../../../arm-none-eabi/lib/armv7-m\libg_nano.a(lib_a-exit.o)
 .debug_frame   0x00004668       0x2c c:/program files (x86)/cypress/psoc creator/3.3/psoc creator/import/gnu/arm/4.9.3/bin/../lib/gcc/arm-none-eabi/4.9.3/../../../../arm-none-eabi/lib/armv7-m\libg_nano.a(lib_a-init.o)
 .debug_frame   0x00004694       0x28 c:/program files (x86)/cypress/psoc creator/3.3/psoc creator/import/gnu/arm/4.9.3/bin/../lib/gcc/arm-none-eabi/4.9.3/../../../../arm-none-eabi/lib/armv7-m\libg_nano.a(lib_a-memcpy.o)
 .debug_frame   0x000046bc       0x20 c:/program files (x86)/cypress/psoc creator/3.3/psoc creator/import/gnu/arm/4.9.3/bin/../lib/gcc/arm-none-eabi/4.9.3/../../../../arm-none-eabi/lib/armv7-m\libg_nano.a(lib_a-memset.o)
 .debug_frame   0x000046dc       0xb4 c:/program files (x86)/cypress/psoc creator/3.3/psoc creator/import/gnu/arm/4.9.3/bin/../lib/gcc/arm-none-eabi/4.9.3/../../../../arm-none-eabi/lib/armv7-m\libg_nano.a(lib_a-strtod.o)
 .debug_frame   0x00004790       0x70 c:/program files (x86)/cypress/psoc creator/3.3/psoc creator/import/gnu/arm/4.9.3/bin/../lib/gcc/arm-none-eabi/4.9.3/../../../../arm-none-eabi/lib/armv7-m\libg_nano.a(lib_a-gdtoa-gethex.o)
 .debug_frame   0x00004800       0x58 c:/program files (x86)/cypress/psoc creator/3.3/psoc creator/import/gnu/arm/4.9.3/bin/../lib/gcc/arm-none-eabi/4.9.3/../../../../arm-none-eabi/lib/armv7-m\libg_nano.a(lib_a-gdtoa-hexnan.o)
 .debug_frame   0x00004858       0x98 c:/program files (x86)/cypress/psoc creator/3.3/psoc creator/import/gnu/arm/4.9.3/bin/../lib/gcc/arm-none-eabi/4.9.3/../../../../arm-none-eabi/lib/armv7-m\libg_nano.a(lib_a-locale.o)
 .debug_frame   0x000048f0      0x230 c:/program files (x86)/cypress/psoc creator/3.3/psoc creator/import/gnu/arm/4.9.3/bin/../lib/gcc/arm-none-eabi/4.9.3/../../../../arm-none-eabi/lib/armv7-m\libg_nano.a(lib_a-mprec.o)
 .debug_frame   0x00004b20       0x2c c:/program files (x86)/cypress/psoc creator/3.3/psoc creator/import/gnu/arm/4.9.3/bin/../lib/gcc/arm-none-eabi/4.9.3/../../../../arm-none-eabi/lib/armv7-m\libg_nano.a(lib_a-nano-callocr.o)
 .debug_frame   0x00004b4c       0x2c c:/program files (x86)/cypress/psoc creator/3.3/psoc creator/import/gnu/arm/4.9.3/bin/../lib/gcc/arm-none-eabi/4.9.3/../../../../arm-none-eabi/lib/armv7-m\libg_nano.a(lib_a-nano-mallocr.o)
 .debug_frame   0x00004b78       0x28 c:/program files (x86)/cypress/psoc creator/3.3/psoc creator/import/gnu/arm/4.9.3/bin/../lib/gcc/arm-none-eabi/4.9.3/../../../../arm-none-eabi/lib/armv7-m\libg_nano.a(lib_a-s_fpclassify.o)
 .debug_frame   0x00004ba0       0x2c c:/program files (x86)/cypress/psoc creator/3.3/psoc creator/import/gnu/arm/4.9.3/bin/../lib/gcc/arm-none-eabi/4.9.3/../../../../arm-none-eabi/lib/armv7-m\libg_nano.a(lib_a-sbrkr.o)
 .debug_frame   0x00004bcc       0x20 c:/program files (x86)/cypress/psoc creator/3.3/psoc creator/import/gnu/arm/4.9.3/bin/../lib/gcc/arm-none-eabi/4.9.3/../../../../arm-none-eabi/lib/armv7-m\libg_nano.a(lib_a-sf_nan.o)
 .debug_frame   0x00004bec       0x20 c:/program files (x86)/cypress/psoc creator/3.3/psoc creator/import/gnu/arm/4.9.3/bin/../lib/gcc/arm-none-eabi/4.9.3/../../../../arm-none-eabi/lib/armv7-m\libg_nano.a(lib_a-strlen.o)
 .debug_frame   0x00004c0c       0x2c c:/program files (x86)/cypress/psoc creator/3.3/psoc creator/import/gnu/arm/4.9.3/bin/../lib/gcc/arm-none-eabi/4.9.3/../../../../arm-none-eabi/lib/armv7-m\libg_nano.a(lib_a-strncmp.o)
 .debug_frame   0x00004c38       0x30 c:/program files (x86)/cypress/psoc creator/3.3/psoc creator/import/gnu/arm/4.9.3/bin/../lib/gcc/arm-none-eabi/4.9.3/../../../../arm-none-eabi/lib/armv7-m\libg_nano.a(lib_a-malloc.o)
 .debug_frame   0x00004c68       0x2c c:/program files (x86)/cypress/psoc creator/3.3/psoc creator/import/gnu/arm/4.9.3/bin/../lib/gcc/arm-none-eabi/4.9.3/../../../../arm-none-eabi/lib/armv7-m\libg_nano.a(lib_a-nano-freer.o)
 .debug_frame   0x00004c94       0x5c c:/program files (x86)/cypress/psoc creator/3.3/psoc creator/import/gnu/arm/4.9.3/bin/../lib/gcc/arm-none-eabi/4.9.3/../../../../arm-none-eabi/lib/armv7-m\libg_nano.a(lib_a-reent.o)

.debug_str      0x00000000     0x3900
 *(.debug_str)
 .debug_str     0x00000000      0x5e7 .\CortexM3\ARM_GCC_493\Debug\main.o
                                0x6b0 (size before relaxing)
 .debug_str     0x000005e7       0xed .\CortexM3\ARM_GCC_493\Debug\Protocolo.o
                                0x58c (size before relaxing)
 .debug_str     0x000006d4      0x187 .\CortexM3\ARM_GCC_493\Debug\Print.o
                                0x60c (size before relaxing)
 .debug_str     0x0000085b       0x6c .\CortexM3\ARM_GCC_493\Debug\LCD.o
                                0x509 (size before relaxing)
 .debug_str     0x000008c7       0x47 .\CortexM3\ARM_GCC_493\Debug\ibuton.o
                                0x4d4 (size before relaxing)
 .debug_str     0x0000090e       0x40 .\CortexM3\ARM_GCC_493\Debug\I2C.o
                                0x4d9 (size before relaxing)
 .debug_str     0x0000094e      0x139 .\CortexM3\ARM_GCC_493\Debug\Cm3Start.o
                                0x2c2 (size before relaxing)
 .debug_str     0x00000a87       0x77 .\CortexM3\ARM_GCC_493\Debug\cymetadata.o
                                0x1e1 (size before relaxing)
 .debug_str     0x00000afe      0x184 .\CortexM3\ARM_GCC_493\Debug\BBB.a(cyfitter_cfg.o)
                                0x323 (size before relaxing)
 .debug_str     0x00000c82      0x7ea .\CortexM3\ARM_GCC_493\Debug\BBB.a(CyLib.o)
                                0x9bd (size before relaxing)
 .debug_str     0x0000146c      0x367 .\CortexM3\ARM_GCC_493\Debug\BBB.a(cyPm.o)
                                0x522 (size before relaxing)
 .debug_str     0x000017d3      0x317 .\CortexM3\ARM_GCC_493\Debug\BBB.a(Surtidor.o)
                                0x547 (size before relaxing)
 .debug_str     0x00001aea       0x5d .\CortexM3\ARM_GCC_493\Debug\BBB.a(Surtidor_INT.o)
                                0x25d (size before relaxing)
 .debug_str     0x00001b47      0x222 .\CortexM3\ARM_GCC_493\Debug\BBB.a(PC.o)
                                0x475 (size before relaxing)
 .debug_str     0x00001d69       0x2b .\CortexM3\ARM_GCC_493\Debug\BBB.a(PC_INT.o)
                                0x22d (size before relaxing)
 .debug_str     0x00001d94       0xfd .\CortexM3\ARM_GCC_493\Debug\BBB.a(I2C_1.o)
                                0x289 (size before relaxing)
 .debug_str     0x00001e91       0x96 .\CortexM3\ARM_GCC_493\Debug\BBB.a(I2C_1_INT.o)
                                0x259 (size before relaxing)
 .debug_str     0x00001f27       0x62 .\CortexM3\ARM_GCC_493\Debug\BBB.a(I2C_1_PM.o)
                                0x235 (size before relaxing)
 .debug_str     0x00001f89      0x18e .\CortexM3\ARM_GCC_493\Debug\BBB.a(I2C_1_MASTER.o)
                                0x3bd (size before relaxing)
 .debug_str     0x00002117       0xe8 .\CortexM3\ARM_GCC_493\Debug\BBB.a(isr_1.o)
                                0x291 (size before relaxing)
 .debug_str     0x000021ff      0x194 .\CortexM3\ARM_GCC_493\Debug\BBB.a(PC_IntClock.o)
                                0x315 (size before relaxing)
 .debug_str     0x00002393      0x288 .\CortexM3\ARM_GCC_493\Debug\BBB.a(LCD_1.o)
                                0x4de (size before relaxing)
 .debug_str     0x0000261b       0x31 .\CortexM3\ARM_GCC_493\Debug\BBB.a(LCD_1_INT.o)
                                0x23e (size before relaxing)
 .debug_str     0x0000264c      0x297 .\CortexM3\ARM_GCC_493\Debug\BBB.a(LCD_2.o)
                                0x4de (size before relaxing)
 .debug_str     0x000028e3       0x31 .\CortexM3\ARM_GCC_493\Debug\BBB.a(LCD_2_INT.o)
                                0x23e (size before relaxing)
 .debug_str     0x00002914      0x16d .\CortexM3\ARM_GCC_493\Debug\BBB.a(LCD_1_IntClock.o)
                                0x339 (size before relaxing)
 .debug_str     0x00002a81      0x16d .\CortexM3\ARM_GCC_493\Debug\BBB.a(LCD_2_IntClock.o)
                                0x339 (size before relaxing)
 .debug_str     0x00002bee       0x5e .\CortexM3\ARM_GCC_493\Debug\BBB.a(IB1.o)
                                0x1cf (size before relaxing)
 .debug_str     0x00002c4c       0x53 .\CortexM3\ARM_GCC_493\Debug\BBB.a(IB2.o)
                                0x1cf (size before relaxing)
 .debug_str     0x00002c9f       0xe8 .\CortexM3\ARM_GCC_493\Debug\BBB.a(isr_3.o)
                                0x291 (size before relaxing)
 .debug_str     0x00002d87      0x1fc .\CortexM3\ARM_GCC_493\Debug\BBB.a(Timer_Animacion.o)
                                0x380 (size before relaxing)
 .debug_str     0x00002f83      0x1e3 .\CortexM3\ARM_GCC_493\Debug\BBB.a(Timer_Animacion2.o)
                                0x390 (size before relaxing)
 .debug_str     0x00003166       0xe8 .\CortexM3\ARM_GCC_493\Debug\BBB.a(isr_4.o)
                                0x291 (size before relaxing)
 .debug_str     0x0000324e      0x183 .\CortexM3\ARM_GCC_493\Debug\BBB.a(Timer_Modo.o)
                                0x330 (size before relaxing)
 .debug_str     0x000033d1      0x1e3 .\CortexM3\ARM_GCC_493\Debug\BBB.a(Timer_RxSurtidor.o)
                                0x390 (size before relaxing)
 .debug_str     0x000035b4      0x119 .\CortexM3\ARM_GCC_493\Debug\BBB.a(EEPROM.o)
                                0x2cf (size before relaxing)
 .debug_str     0x000036cd      0x11f .\CortexM3\ARM_GCC_493\Debug\BBB.a(CyFlash.o)
                                0x2e1 (size before relaxing)
 .debug_str     0x000037ec      0x114 .\CortexM3\ARM_GCC_493\Debug\BBB.a(CySpc.o)
                                0x2de (size before relaxing)

.debug_loc
 *(.debug_loc)

.debug_macinfo
 *(.debug_macinfo)

.debug_ranges   0x00000000      0xf80
 *(.debug_ranges)
 .debug_ranges  0x00000000       0x80 .\CortexM3\ARM_GCC_493\Debug\main.o
 .debug_ranges  0x00000080       0x58 .\CortexM3\ARM_GCC_493\Debug\Protocolo.o
 .debug_ranges  0x000000d8       0x18 .\CortexM3\ARM_GCC_493\Debug\Print.o
 .debug_ranges  0x000000f0       0x30 .\CortexM3\ARM_GCC_493\Debug\LCD.o
 .debug_ranges  0x00000120       0x28 .\CortexM3\ARM_GCC_493\Debug\ibuton.o
 .debug_ranges  0x00000148       0x30 .\CortexM3\ARM_GCC_493\Debug\I2C.o
 .debug_ranges  0x00000178       0x38 .\CortexM3\ARM_GCC_493\Debug\Cm3Start.o
 .debug_ranges  0x000001b0       0x50 .\CortexM3\ARM_GCC_493\Debug\BBB.a(cyfitter_cfg.o)
 .debug_ranges  0x00000200      0x288 .\CortexM3\ARM_GCC_493\Debug\BBB.a(CyLib.o)
 .debug_ranges  0x00000488       0x88 .\CortexM3\ARM_GCC_493\Debug\BBB.a(cyPm.o)
 .debug_ranges  0x00000510       0xe0 .\CortexM3\ARM_GCC_493\Debug\BBB.a(Surtidor.o)
 .debug_ranges  0x000005f0       0x10 .\CortexM3\ARM_GCC_493\Debug\BBB.a(Surtidor_INT.o)
 .debug_ranges  0x00000600       0xe0 .\CortexM3\ARM_GCC_493\Debug\BBB.a(PC.o)
 .debug_ranges  0x000006e0       0x10 .\CortexM3\ARM_GCC_493\Debug\BBB.a(PC_INT.o)
 .debug_ranges  0x000006f0       0x28 .\CortexM3\ARM_GCC_493\Debug\BBB.a(I2C_1.o)
 .debug_ranges  0x00000718       0x10 .\CortexM3\ARM_GCC_493\Debug\BBB.a(I2C_1_INT.o)
 .debug_ranges  0x00000728       0x28 .\CortexM3\ARM_GCC_493\Debug\BBB.a(I2C_1_PM.o)
 .debug_ranges  0x00000750       0x70 .\CortexM3\ARM_GCC_493\Debug\BBB.a(I2C_1_MASTER.o)
 .debug_ranges  0x000007c0       0x70 .\CortexM3\ARM_GCC_493\Debug\BBB.a(isr_1.o)
 .debug_ranges  0x00000830       0x60 .\CortexM3\ARM_GCC_493\Debug\BBB.a(PC_IntClock.o)
 .debug_ranges  0x00000890       0xe0 .\CortexM3\ARM_GCC_493\Debug\BBB.a(LCD_1.o)
 .debug_ranges  0x00000970       0x10 .\CortexM3\ARM_GCC_493\Debug\BBB.a(LCD_1_INT.o)
 .debug_ranges  0x00000980       0xe0 .\CortexM3\ARM_GCC_493\Debug\BBB.a(LCD_2.o)
 .debug_ranges  0x00000a60       0x10 .\CortexM3\ARM_GCC_493\Debug\BBB.a(LCD_2_INT.o)
 .debug_ranges  0x00000a70       0x60 .\CortexM3\ARM_GCC_493\Debug\BBB.a(LCD_1_IntClock.o)
 .debug_ranges  0x00000ad0       0x60 .\CortexM3\ARM_GCC_493\Debug\BBB.a(LCD_2_IntClock.o)
 .debug_ranges  0x00000b30       0x28 .\CortexM3\ARM_GCC_493\Debug\BBB.a(IB1.o)
 .debug_ranges  0x00000b58       0x28 .\CortexM3\ARM_GCC_493\Debug\BBB.a(IB2.o)
 .debug_ranges  0x00000b80       0x70 .\CortexM3\ARM_GCC_493\Debug\BBB.a(isr_3.o)
 .debug_ranges  0x00000bf0       0x78 .\CortexM3\ARM_GCC_493\Debug\BBB.a(Timer_Animacion.o)
 .debug_ranges  0x00000c68       0x78 .\CortexM3\ARM_GCC_493\Debug\BBB.a(Timer_Animacion2.o)
 .debug_ranges  0x00000ce0       0x70 .\CortexM3\ARM_GCC_493\Debug\BBB.a(isr_4.o)
 .debug_ranges  0x00000d50       0x78 .\CortexM3\ARM_GCC_493\Debug\BBB.a(Timer_Modo.o)