Archive member included because of file (symbol)

.\CortexM3\ARM_GCC_493\Debug\BBB.a(cyfitter_cfg.o)
                              .\CortexM3\ARM_GCC_493\Debug\Cm3Start.o (cyfitter_cfg)
.\CortexM3\ARM_GCC_493\Debug\BBB.a(CyBootAsmGnu.o)
                              .\CortexM3\ARM_GCC_493\Debug\BBB.a(cyfitter_cfg.o) (CyDelayCycles)
.\CortexM3\ARM_GCC_493\Debug\BBB.a(CyLib.o)
                              .\CortexM3\ARM_GCC_493\Debug\Cm3Start.o (CyResetStatus)
.\CortexM3\ARM_GCC_493\Debug\BBB.a(cyPm.o)
                              .\CortexM3\ARM_GCC_493\Debug\BBB.a(CyLib.o) (CyPmReadStatus)
.\CortexM3\ARM_GCC_493\Debug\BBB.a(Surtidor.o)
                              .\CortexM3\ARM_GCC_493\Debug\Protocolo.o (Surtidor_rxBuffer)
.\CortexM3\ARM_GCC_493\Debug\BBB.a(Surtidor_INT.o)
                              .\CortexM3\ARM_GCC_493\Debug\BBB.a(Surtidor.o) (Surtidor_RXISR)
.\CortexM3\ARM_GCC_493\Debug\BBB.a(PC.o)
                              .\CortexM3\ARM_GCC_493\Debug\main.o (PC_rxBuffer)
.\CortexM3\ARM_GCC_493\Debug\BBB.a(PC_INT.o)
                              .\CortexM3\ARM_GCC_493\Debug\BBB.a(PC.o) (PC_RXISR)
.\CortexM3\ARM_GCC_493\Debug\BBB.a(I2C_1.o)
                              .\CortexM3\ARM_GCC_493\Debug\main.o (I2C_1_Start)
.\CortexM3\ARM_GCC_493\Debug\BBB.a(I2C_1_INT.o)
                              .\CortexM3\ARM_GCC_493\Debug\BBB.a(I2C_1.o) (I2C_1_ISR)
.\CortexM3\ARM_GCC_493\Debug\BBB.a(I2C_1_PM.o)
                              .\CortexM3\ARM_GCC_493\Debug\BBB.a(I2C_1.o) (I2C_1_backup)
.\CortexM3\ARM_GCC_493\Debug\BBB.a(I2C_1_MASTER.o)
                              .\CortexM3\ARM_GCC_493\Debug\BBB.a(I2C_1.o) (I2C_1_mstrStatus)
.\CortexM3\ARM_GCC_493\Debug\BBB.a(isr_1.o)
                              .\CortexM3\ARM_GCC_493\Debug\Protocolo.o (isr_1_StartEx)
.\CortexM3\ARM_GCC_493\Debug\BBB.a(PC_IntClock.o)
                              .\CortexM3\ARM_GCC_493\Debug\BBB.a(PC.o) (PC_IntClock_Start)
.\CortexM3\ARM_GCC_493\Debug\BBB.a(LCD_1.o)
                              .\CortexM3\ARM_GCC_493\Debug\main.o (LCD_1_rxBuffer)
.\CortexM3\ARM_GCC_493\Debug\BBB.a(LCD_1_INT.o)
                              .\CortexM3\ARM_GCC_493\Debug\BBB.a(LCD_1.o) (LCD_1_RXISR)
.\CortexM3\ARM_GCC_493\Debug\BBB.a(LCD_2.o)
                              .\CortexM3\ARM_GCC_493\Debug\main.o (LCD_2_Start)
.\CortexM3\ARM_GCC_493\Debug\BBB.a(LCD_2_INT.o)
                              .\CortexM3\ARM_GCC_493\Debug\BBB.a(LCD_2.o) (LCD_2_RXISR)
.\CortexM3\ARM_GCC_493\Debug\BBB.a(LCD_1_IntClock.o)
                              .\CortexM3\ARM_GCC_493\Debug\BBB.a(LCD_1.o) (LCD_1_IntClock_Start)
.\CortexM3\ARM_GCC_493\Debug\BBB.a(LCD_2_IntClock.o)
                              .\CortexM3\ARM_GCC_493\Debug\BBB.a(LCD_2.o) (LCD_2_IntClock_Start)
.\CortexM3\ARM_GCC_493\Debug\BBB.a(IB1.o)
                              .\CortexM3\ARM_GCC_493\Debug\ibuton.o (IB1_Write)
.\CortexM3\ARM_GCC_493\Debug\BBB.a(IB2.o)
                              .\CortexM3\ARM_GCC_493\Debug\ibuton.o (IB2_Write)
.\CortexM3\ARM_GCC_493\Debug\BBB.a(isr_3.o)
                              .\CortexM3\ARM_GCC_493\Debug\main.o (isr_3_StartEx)
.\CortexM3\ARM_GCC_493\Debug\BBB.a(Timer_Animacion.o)
                              .\CortexM3\ARM_GCC_493\Debug\main.o (Timer_Animacion_Start)
.\CortexM3\ARM_GCC_493\Debug\BBB.a(Timer_Animacion2.o)
                              .\CortexM3\ARM_GCC_493\Debug\main.o (Timer_Animacion2_Start)
.\CortexM3\ARM_GCC_493\Debug\BBB.a(isr_4.o)
                              .\CortexM3\ARM_GCC_493\Debug\main.o (isr_4_StartEx)
.\CortexM3\ARM_GCC_493\Debug\BBB.a(Timer_Modo.o)
                              .\CortexM3\ARM_GCC_493\Debug\main.o (Timer_Modo_ReadStatusRegister)
.\CortexM3\ARM_GCC_493\Debug\BBB.a(Timer_RxSurtidor.o)
                              .\CortexM3\ARM_GCC_493\Debug\Protocolo.o (Timer_RxSurtidor_Start)
.\CortexM3\ARM_GCC_493\Debug\BBB.a(EEPROM.o)
                              .\CortexM3\ARM_GCC_493\Debug\main.o (EEPROM_Start)
.\CortexM3\ARM_GCC_493\Debug\BBB.a(CyFlash.o)
                              .\CortexM3\ARM_GCC_493\Debug\BBB.a(EEPROM.o) (dieTemperature)
.\CortexM3\ARM_GCC_493\Debug\BBB.a(CySpc.o)
                              .\CortexM3\ARM_GCC_493\Debug\BBB.a(EEPROM.o) (CySpcStart)
c:/program files (x86)/cypress/psoc creator/3.3/psoc creator/import/gnu/arm/4.9.3/bin/../lib/gcc/arm-none-eabi/4.9.3/armv7-m\libgcc.a(_arm_cmpdf2.o)
                              .\CortexM3\ARM_GCC_493\Debug\main.o (__aeabi_dcmple)
c:/program files (x86)/cypress/psoc creator/3.3/psoc creator/import/gnu/arm/4.9.3/bin/../lib/gcc/arm-none-eabi/4.9.3/../../../../arm-none-eabi/lib/armv7-m\libg_nano.a(lib_a-atof.o)
                              .\CortexM3\ARM_GCC_493\Debug\main.o (atof)
c:/program files (x86)/cypress/psoc creator/3.3/psoc creator/import/gnu/arm/4.9.3/bin/../lib/gcc/arm-none-eabi/4.9.3/../../../../arm-none-eabi/lib/armv7-m\libg_nano.a(lib_a-errno.o)
                              .\CortexM3\ARM_GCC_493\Debug\Cm3Start.o (__errno)
[...]
Memory Configuration

Name             Origin             Length             Attributes
rom              0x00000000         0x00040000         xr
ram              0x1fff8000         0x00010000         xrw
*default*        0x00000000         0xffffffff

Linker script and memory map

LOAD c:/program files (x86)/cypress/psoc creator/3.3/psoc creator/import/gnu/arm/4.9.3/bin/../lib/gcc/arm-none-eabi/4.9.3/armv7-m/crti.o
LOAD c:/program files (x86)/cypress/psoc creator/3.3/psoc creator/import/gnu/arm/4.9.3/bin/../lib/gcc/arm-none-eabi/4.9.3/armv7-m/crtbegin.o
LOAD c:/program files (x86)/cypress/psoc creator/3.3/psoc creator/import/gnu/arm/4.9.3/bin/../lib/gcc/arm-none-eabi/4.9.3/../../../../arm-none-eabi/lib/armv7-m/crt0.o
START GROUP
LOAD .\CortexM3\ARM_GCC_493\Debug\main.o
LOAD .\CortexM3\ARM_GCC_493\Debug\Protocolo.o
LOAD .\CortexM3\ARM_GCC_493\Debug\Print.o
LOAD .\CortexM3\ARM_GCC_493\Debug\LCD.o
LOAD .\CortexM3\ARM_GCC_493\Debug\ibuton.o
LOAD .\CortexM3\ARM_GCC_493\Debug\I2C.o
LOAD .\CortexM3\ARM_GCC_493\Debug\Cm3Start.o
LOAD .\CortexM3\ARM_GCC_493\Debug\cymetadata.o
LOAD .\CortexM3\ARM_GCC_493\Debug\BBB.a
LOAD C:\Program Files (x86)\Cypress\PSoC Creator\3.3\PSoC Creator\psoc\content\cycomponentlibrary\CyComponentLibrary.cylib\CortexM3\ARM_GCC_493\Debug\CyComponentLibrary.a
LOAD c:/program files (x86)/cypress/psoc creator/3.3/psoc creator/import/gnu/arm/4.9.3/bin/../lib/gcc/arm-none-eabi/4.9.3/../../../../arm-none-eabi/lib/armv7-m\libm.a
END GROUP
START GROUP
LOAD c:/program files (x86)/cypress/psoc creator/3.3/psoc creator/import/gnu/arm/4.9.3/bin/../lib/gcc/arm-none-eabi/4.9.3/armv7-m\libgcc.a
LOAD c:/program files (x86)/cypress/psoc creator/3.3/psoc creator/import/gnu/arm/4.9.3/bin/../lib/gcc/arm-none-eabi/4.9.3/../../../../arm-none-eabi/lib/armv7-m\libg_nano.a
LOAD c:/program files (x86)/cypress/psoc creator/3.3/psoc creator/import/gnu/arm/4.9.3/bin/../lib/gcc/arm-none-eabi/4.9.3/../../../../arm-none-eabi/lib/armv7-m\libc_nano.a
END GROUP
START GROUP
LOAD c:/program files (x86)/cypress/psoc creator/3.3/psoc creator/import/gnu/arm/4.9.3/bin/../lib/gcc/arm-none-eabi/4.9.3/armv7-m\libgcc.a
LOAD c:/program files (x86)/cypress/psoc creator/3.3/psoc creator/import/gnu/arm/4.9.3/bin/../lib/gcc/arm-none-eabi/4.9.3/../../../../arm-none-eabi/lib/armv7-m\libc_nano.a
END GROUP
LOAD c:/program files (x86)/cypress/psoc creator/3.3/psoc creator/import/gnu/arm/4.9.3/bin/../lib/gcc/arm-none-eabi/4.9.3/armv7-m/crtend.o
LOAD c:/program files (x86)/cypress/psoc creator/3.3/psoc creator/import/gnu/arm/4.9.3/bin/../lib/gcc/arm-none-eabi/4.9.3/armv7-m/crtn.o
START GROUP
LOAD c:/program files (x86)/cypress/psoc creator/3.3/psoc creator/import/gnu/arm/4.9.3/bin/../lib/gcc/arm-none-eabi/4.9.3/armv7-m\libgcc.a
LOAD c:/program files (x86)/cypress/psoc creator/3.3/psoc creator/import/gnu/arm/4.9.3/bin/../lib/gcc/arm-none-eabi/4.9.3/../../../../arm-none-eabi/lib/armv7-m\libc.a
LOAD c:/program files (x86)/cypress/psoc creator/3.3/psoc creator/import/gnu/arm/4.9.3/bin/../lib/gcc/arm-none-eabi/4.9.3/../../../../arm-none-eabi/lib/armv7-m\libnosys.a
END GROUP
                0x00000000                CY_APPL_ORIGIN = 0x0
                0x00000100                CY_FLASH_ROW_SIZE = 0x100
                0x00000020                CY_ECC_ROW_SIZE = 0x20
                0x00000000                CY_EE_IN_BTLDR = 0x0
                0x00000000                CY_APPL_LOADABLE = 0x0
                0x00000800                CY_EE_SIZE = 0x800
                0x00000001                CY_APPL_NUM = 0x1
                0x00000001                CY_APPL_MAX = 0x1
                0x00000040                CY_METADATA_SIZE = 0x40
                0x1fff8f50                PROVIDE (__cy_heap_start, _end)
                0x00000001                PROVIDE (__cy_region_num, ((__cy_regions_end - __cy_regions) / 0x10))
                0x20008000                PROVIDE (__cy_stack, (ORIGIN (ram) + 0x10000))
                0x20004000                PROVIDE (__cy_heap_end, (__cy_stack - 0x4000))

.cybootloader   0x00000000        0x0
 *(.cybootloader)
                0x00000000                appl1_start = CY_APPL_ORIGIN?CY_APPL_ORIGIN:ALIGN (CY_FLASH_ROW_SIZE)
                0x0001ff00                appl2_start = (appl1_start + ALIGN ((((0x40000 - appl1_start) - (0x2 * CY_FLASH_ROW_SIZE)) / 0x2), CY_FLASH_ROW_SIZE))
                0x00000000                appl_start = (CY_APPL_NUM == 0x1)?appl1_start:appl2_start
                0x00000000                ecc_offset = ((appl_start / CY_FLASH_ROW_SIZE) * CY_ECC_ROW_SIZE)
                0x00000000                ee_offset = (CY_APPL_LOADABLE && ! (CY_EE_IN_BTLDR))?((CY_EE_SIZE / CY_APPL_MAX) * (CY_APPL_NUM - 0x1)):0x0
                0x00000800                ee_size = (CY_APPL_LOADABLE && ! (CY_EE_IN_BTLDR))?(CY_EE_SIZE / CY_APPL_MAX):CY_EE_SIZE
                0x00000000                PROVIDE (CY_ECC_OFFSET, ecc_offset)

.text           0x00000000     0xd220
 CREATE_OBJECT_SYMBOLS
                0x00000000                PROVIDE (__cy_interrupt_vector, RomVectors)
 *(.romvectors)
 .romvectors    0x00000000       0x10 .\CortexM3\ARM_GCC_493\Debug\Cm3Start.o
                0x00000000                RomVectors
                0x00000001                ASSERT ((. != __cy_interrupt_vector), No interrupt vector)
                0x00000001                ASSERT (CY_APPL_ORIGIN?(SIZEOF (.cybootloader) <= CY_APPL_ORIGIN):0x1, Wrong image location)
                0x00000010                PROVIDE (__cy_reset, Reset)
 *(.text.Reset)
 .text.Reset    0x00000010       0x18 .\CortexM3\ARM_GCC_493\Debug\Cm3Start.o
                0x00000010                Reset
                0x00000001                ASSERT ((. != __cy_reset), No reset code)
 *(.dma_init)
                0x00000001                ASSERT ((((appl_start + .) <= 0x10000) || 0x1), DMA Init must be within the first 64k of flash)
 *(.text .text.* .gnu.linkonce.t.*)
 .text          0x00000028       0x5c c:/program files (x86)/cypress/psoc creator/3.3/psoc creator/import/gnu/arm/4.9.3/bin/../lib/gcc/arm-none-eabi/4.9.3/armv7-m/crtbegin.o
 .text.init     0x00000084      0x1d4 .\CortexM3\ARM_GCC_493\Debug\main.o
                0x00000084                init
 .text.error_op
                0x00000258       0x80 .\CortexM3\ARM_GCC_493\Debug\main.o
                0x00000258                error_op
 .text.init_surt
                0x000002d8      0x324 .\CortexM3\ARM_GCC_493\Debug\main.o
                0x000002d8                init_surt
 .text.polling_rf
                0x000005fc      0x528 .\CortexM3\ARM_GCC_493\Debug\main.o
                0x000005fc                polling_rf
 .text.polling_rf2
                0x00000b24      0x52c .\CortexM3\ARM_GCC_493\Debug\main.o
                0x00000b24                polling_rf2
 .text.polling_LCD1
                0x00001050     0x4e38 .\CortexM3\ARM_GCC_493\Debug\main.o
                0x00001050                polling_LCD1
 .text.animacion
                0x00005e88       0x74 .\CortexM3\ARM_GCC_493\Debug\main.o
                0x00005e88                animacion
 .text.animacion2
                0x00005efc       0x74 .\CortexM3\ARM_GCC_493\Debug\main.o
                0x00005efc                animacion2
 .text.main     0x00005f70       0x4c .\CortexM3\ARM_GCC_493\Debug\main.o
                0x00005f70                main
 .text.Rx_Surtidor
                0x00005fbc       0x14 .\CortexM3\ARM_GCC_493\Debug\Protocolo.o
                0x00005fbc                Rx_Surtidor
 .text.get_estado
                0x00005fd0       0x98 .\CortexM3\ARM_GCC_493\Debug\Protocolo.o
                0x00005fd0                get_estado
 .text.ver_pos  0x00006068       0xa0 .\CortexM3\ARM_GCC_493\Debug\Protocolo.o
                0x00006068                ver_pos
 .text.estado_ex
                0x00006108      0x17c .\CortexM3\ARM_GCC_493\Debug\Protocolo.o
                0x00006108                estado_ex
 .text.venta    0x00006284      0x354 .\CortexM3\ARM_GCC_493\Debug\Protocolo.o
                0x00006284                venta
 .text.programar
                0x000065d8      0x880 .\CortexM3\ARM_GCC_493\Debug\Protocolo.o
                0x000065d8                programar
 .text.cambiar_precio
                0x00006e58      0x27c .\CortexM3\ARM_GCC_493\Debug\Protocolo.o
                0x00006e58                cambiar_precio
 .text.totales  0x000070d4     0x1094 .\CortexM3\ARM_GCC_493\Debug\Protocolo.o
                0x000070d4                totales
 .text.set_imagen
                0x00008168       0x98 .\CortexM3\ARM_GCC_493\Debug\LCD.o
                0x00008168                set_imagen
 .text.write_LCD
                0x00008200       0xc8 .\CortexM3\ARM_GCC_493\Debug\LCD.o
                0x00008200                write_LCD
 .text.touch_present
                0x000082c8       0xc0 .\CortexM3\ARM_GCC_493\Debug\ibuton.o
                0x000082c8                touch_present
 .text.touch_write
                0x00008388      0x10c .\CortexM3\ARM_GCC_493\Debug\ibuton.o
                0x00008388                touch_write
 .text.touch_read_byte
                0x00008494       0xb4 .\CortexM3\ARM_GCC_493\Debug\ibuton.o
                0x00008494                touch_read_byte
 .text.crc_check
                0x00008548       0x58 .\CortexM3\ARM_GCC_493\Debug\ibuton.o
                0x00008548                crc_check
 .text.IntDefaultHandler
                0x000085a0        0x8 .\CortexM3\ARM_GCC_493\Debug\Cm3Start.o
                0x000085a0                IntDefaultHandler
 .text._sbrk    0x000085a8       0x54 .\CortexM3\ARM_GCC_493\Debug\Cm3Start.o
                0x000085a8                _sbrk
 .text.Start_c  0x000085fc       0x98 .\CortexM3\ARM_GCC_493\Debug\Cm3Start.o
                0x000085fc                Start_c
 .text.initialize_psoc
                0x00008694       0x8c .\CortexM3\ARM_GCC_493\Debug\Cm3Start.o
                0x00008694                initialize_psoc
 .text.CYMEMZERO
                0x00008720       0x1c .\CortexM3\ARM_GCC_493\Debug\BBB.a(cyfitter_cfg.o)
 .text.CYCONFIGCPY
                0x0000873c       0x1c .\CortexM3\ARM_GCC_493\Debug\BBB.a(cyfitter_cfg.o)
 .text.CyClockStartupError
                0x00008758        0xc .\CortexM3\ARM_GCC_493\Debug\BBB.a(cyfitter_cfg.o)
 .text.cfg_write_bytes32
                0x00008764       0x74 .\CortexM3\ARM_GCC_493\Debug\BBB.a(cyfitter_cfg.o)
 .text.ClockSetup
                0x000087d8      0x154 .\CortexM3\ARM_GCC_493\Debug\BBB.a(cyfitter_cfg.o)
 .text.AnalogSetDefault
                0x0000892c       0x44 .\CortexM3\ARM_GCC_493\Debug\BBB.a(cyfitter_cfg.o)
 .text.cyfitter_cfg
                0x00008970      0x1a4 .\CortexM3\ARM_GCC_493\Debug\BBB.a(cyfitter_cfg.o)
                0x00008970                cyfitter_cfg
 *fill*         0x00008b14        0x4 
 .text          0x00008b18       0x20 .\CortexM3\ARM_GCC_493\Debug\BBB.a(CyBootAsmGnu.o)
                0x00008b18                CyDelayCycles
                0x00008b28                CyEnterCriticalSection
                0x00008b30                CyExitCriticalSection
 .text.CyHalt   0x00008b38       0x18 .\CortexM3\ARM_GCC_493\Debug\BBB.a(CyLib.o)
                0x00008b38                CyHalt
 .text.CyDelay  0x00008b50       0x44 .\CortexM3\ARM_GCC_493\Debug\BBB.a(CyLib.o)
                0x00008b50                CyDelay
 .text.CyDelayUs
                0x00008b94       0x24 .\CortexM3\ARM_GCC_493\Debug\BBB.a(CyLib.o)
                0x00008b94                CyDelayUs
 .text.CyWdtStart
                0x00008bb8       0x8c .\CortexM3\ARM_GCC_493\Debug\BBB.a(CyLib.o)
                0x00008bb8                CyWdtStart
 .text.CyWdtClear
                0x00008c44       0x18 .\CortexM3\ARM_GCC_493\Debug\BBB.a(CyLib.o)
                0x00008c44                CyWdtClear
 .text.CyIntSetVector
                0x00008c5c       0x50 .\CortexM3\ARM_GCC_493\Debug\BBB.a(CyLib.o)
                0x00008c5c                CyIntSetVector
 .text.CyIntSetPriority
                0x00008cac       0x44 .\CortexM3\ARM_GCC_493\Debug\BBB.a(CyLib.o)
                0x00008cac                CyIntSetPriority
 .text.Surtidor_Start
                0x00008cf0       0x20 .\CortexM3\ARM_GCC_493\Debug\BBB.a(Surtidor.o)
                0x00008cf0                Surtidor_Start
 .text.Surtidor_Init
                0x00008d10       0x58 .\CortexM3\ARM_GCC_493\Debug\BBB.a(Surtidor.o)
                0x00008d10                Surtidor_Init
 .text.Surtidor_Enable
                0x00008d68       0x64 .\CortexM3\ARM_GCC_493\Debug\BBB.a(Surtidor.o)
                0x00008d68                Surtidor_Enable
 .text.Surtidor_ReadRxData
                0x00008dcc       0x94 .\CortexM3\ARM_GCC_493\Debug\BBB.a(Surtidor.o)
                0x00008dcc                Surtidor_ReadRxData
 .text.Surtidor_GetRxBufferSize
                0x00008e60       0x94 .\CortexM3\ARM_GCC_493\Debug\BBB.a(Surtidor.o)
                0x00008e60                Surtidor_GetRxBufferSize
 .text.Surtidor_ClearRxBuffer
                0x00008ef4       0x7c .\CortexM3\ARM_GCC_493\Debug\BBB.a(Surtidor.o)
                0x00008ef4                Surtidor_ClearRxBuffer
 .text.Surtidor_PutChar
                0x00008f70       0x34 .\CortexM3\ARM_GCC_493\Debug\BBB.a(Surtidor.o)
                0x00008f70                Surtidor_PutChar
 .text.Surtidor_RXISR
                0x00008fa4       0xd8 .\CortexM3\ARM_GCC_493\Debug\BBB.a(Surtidor_INT.o)
                0x00008fa4                Surtidor_RXISR
 .text.PC_Start
                0x0000907c       0x20 .\CortexM3\ARM_GCC_493\Debug\BBB.a(PC.o)
                0x0000907c                PC_Start
 .text.PC_Init  0x0000909c       0x58 .\CortexM3\ARM_GCC_493\Debug\BBB.a(PC.o)
                0x0000909c                PC_Init
 .text.PC_Enable
                0x000090f4       0x68 .\CortexM3\ARM_GCC_493\Debug\BBB.a(PC.o)
                0x000090f4                PC_Enable
 .text.PC_GetRxBufferSize
                0x0000915c       0x94 .\CortexM3\ARM_GCC_493\Debug\BBB.a(PC.o)
                0x0000915c                PC_GetRxBufferSize
 .text.PC_ClearRxBuffer
                0x000091f0       0x7c .\CortexM3\ARM_GCC_493\Debug\BBB.a(PC.o)
                0x000091f0                PC_ClearRxBuffer
 .text.PC_PutChar
                0x0000926c       0x34 .\CortexM3\ARM_GCC_493\Debug\BBB.a(PC.o)
                0x0000926c                PC_PutChar
 .text.PC_ClearTxBuffer
                0x000092a0       0x40 .\CortexM3\ARM_GCC_493\Debug\BBB.a(PC.o)
                0x000092a0                PC_ClearTxBuffer
 .text.PC_RXISR
                0x000092e0       0xdc .\CortexM3\ARM_GCC_493\Debug\BBB.a(PC_INT.o)
                0x000092e0                PC_RXISR
 .text.I2C_1_Init
                0x000093bc       0x80 .\CortexM3\ARM_GCC_493\Debug\BBB.a(I2C_1.o)
                0x000093bc                I2C_1_Init
 .text.I2C_1_Enable
                0x0000943c       0x44 .\CortexM3\ARM_GCC_493\Debug\BBB.a(I2C_1.o)
                0x0000943c                I2C_1_Enable
 .text.I2C_1_Start
                0x00009480       0x2c .\CortexM3\ARM_GCC_493\Debug\BBB.a(I2C_1.o)
                0x00009480                I2C_1_Start
 .text.I2C_1_ISR
                0x000094ac      0x3ac .\CortexM3\ARM_GCC_493\Debug\BBB.a(I2C_1_INT.o)
                0x000094ac                I2C_1_ISR
 .text.isr_1_StartEx
                0x00009858       0x24 .\CortexM3\ARM_GCC_493\Debug\BBB.a(isr_1.o)
                0x00009858                isr_1_StartEx
 .text.isr_1_Stop
                0x0000987c       0x14 .\CortexM3\ARM_GCC_493\Debug\BBB.a(isr_1.o)
                0x0000987c                isr_1_Stop
 .text.isr_1_SetVector
                0x00009890       0x24 .\CortexM3\ARM_GCC_493\Debug\BBB.a(isr_1.o)
                0x00009890                isr_1_SetVector
 .text.isr_1_SetPriority
                0x000098b4       0x24 .\CortexM3\ARM_GCC_493\Debug\BBB.a(isr_1.o)
                0x000098b4                isr_1_SetPriority
 .text.isr_1_Enable
                0x000098d8       0x18 .\CortexM3\ARM_GCC_493\Debug\BBB.a(isr_1.o)
                0x000098d8                isr_1_Enable
 .text.isr_1_Disable
                0x000098f0       0x18 .\CortexM3\ARM_GCC_493\Debug\BBB.a(isr_1.o)
                0x000098f0                isr_1_Disable
 .text.PC_IntClock_Start
                0x00009908       0x34 .\CortexM3\ARM_GCC_493\Debug\BBB.a(PC_IntClock.o)
                0x00009908                PC_IntClock_Start
 .text.LCD_1_Start
                0x0000993c       0x20 .\CortexM3\ARM_GCC_493\Debug\BBB.a(LCD_1.o)
                0x0000993c                LCD_1_Start
 .text.LCD_1_Init
                0x0000995c       0x58 .\CortexM3\ARM_GCC_493\Debug\BBB.a(LCD_1.o)
                0x0000995c                LCD_1_Init
 .text.LCD_1_Enable
                0x000099b4       0x68 .\CortexM3\ARM_GCC_493\Debug\BBB.a(LCD_1.o)
                0x000099b4                LCD_1_Enable
 .text.LCD_1_GetRxBufferSize
                0x00009a1c       0x90 .\CortexM3\ARM_GCC_493\Debug\BBB.a(LCD_1.o)
                0x00009a1c                LCD_1_GetRxBufferSize
 .text.LCD_1_ClearRxBuffer
                0x00009aac       0x7c .\CortexM3\ARM_GCC_493\Debug\BBB.a(LCD_1.o)
                0x00009aac                LCD_1_ClearRxBuffer
 .text.LCD_1_PutChar
                0x00009b28       0x34 .\CortexM3\ARM_GCC_493\Debug\BBB.a(LCD_1.o)
                0x00009b28                LCD_1_PutChar
 .text.LCD_1_RXISR
                0x00009b5c       0xd8 .\CortexM3\ARM_GCC_493\Debug\BBB.a(LCD_1_INT.o)
                0x00009b5c                LCD_1_RXISR
 .text.LCD_2_Start
                0x00009c34       0x20 .\CortexM3\ARM_GCC_493\Debug\BBB.a(LCD_2.o)
                0x00009c34                LCD_2_Start
 .text.LCD_2_Init
                0x00009c54       0x58 .\CortexM3\ARM_GCC_493\Debug\BBB.a(LCD_2.o)
                0x00009c54                LCD_2_Init
 .text.LCD_2_Enable
                0x00009cac       0x68 .\CortexM3\ARM_GCC_493\Debug\BBB.a(LCD_2.o)
                0x00009cac                LCD_2_Enable
 .text.LCD_2_PutChar
                0x00009d14       0x34 .\CortexM3\ARM_GCC_493\Debug\BBB.a(LCD_2.o)
                0x00009d14                LCD_2_PutChar
 .text.LCD_2_RXISR
                0x00009d48       0xd8 .\CortexM3\ARM_GCC_493\Debug\BBB.a(LCD_2_INT.o)
                0x00009d48                LCD_2_RXISR
 .text.LCD_1_IntClock_Start
                0x00009e20       0x34 .\CortexM3\ARM_GCC_493\Debug\BBB.a(LCD_1_IntClock.o)
                0x00009e20                LCD_1_IntClock_Start
 .text.LCD_2_IntClock_Start
                0x00009e54       0x34 .\CortexM3\ARM_GCC_493\Debug\BBB.a(LCD_2_IntClock.o)
                0x00009e54                LCD_2_IntClock_Start
 .text.IB1_Write
                0x00009e88       0x34 .\CortexM3\ARM_GCC_493\Debug\BBB.a(IB1.o)
                0x00009e88                IB1_Write
 .text.IB1_Read
                0x00009ebc       0x1c .\CortexM3\ARM_GCC_493\Debug\BBB.a(IB1.o)
                0x00009ebc                IB1_Read
 .text.IB2_Write
                0x00009ed8       0x3c .\CortexM3\ARM_GCC_493\Debug\BBB.a(IB2.o)
                0x00009ed8                IB2_Write
 .text.IB2_Read
                0x00009f14       0x20 .\CortexM3\ARM_GCC_493\Debug\BBB.a(IB2.o)
                0x00009f14                IB2_Read
 .text.isr_3_StartEx
                0x00009f34       0x24 .\CortexM3\ARM_GCC_493\Debug\BBB.a(isr_3.o)
                0x00009f34                isr_3_StartEx
 .text.isr_3_Stop
                0x00009f58       0x14 .\CortexM3\ARM_GCC_493\Debug\BBB.a(isr_3.o)
                0x00009f58                isr_3_Stop
 .text.isr_3_SetVector
                0x00009f6c       0x24 .\CortexM3\ARM_GCC_493\Debug\BBB.a(isr_3.o)
                0x00009f6c                isr_3_SetVector
 .text.isr_3_SetPriority
                0x00009f90       0x24 .\CortexM3\ARM_GCC_493\Debug\BBB.a(isr_3.o)
                0x00009f90                isr_3_SetPriority
 .text.isr_3_Enable
                0x00009fb4       0x18 .\CortexM3\ARM_GCC_493\Debug\BBB.a(isr_3.o)
                0x00009fb4                isr_3_Enable
 .text.isr_3_Disable
                0x00009fcc       0x18 .\CortexM3\ARM_GCC_493\Debug\BBB.a(isr_3.o)
                0x00009fcc                isr_3_Disable
 .text.Timer_Animacion_Init
                0x00009fe4       0x9c .\CortexM3\ARM_GCC_493\Debug\BBB.a(Timer_Animacion.o)
                0x00009fe4                Timer_Animacion_Init
 .text.Timer_Animacion_Enable
                0x0000a080       0x48 .\CortexM3\ARM_GCC_493\Debug\BBB.a(Timer_Animacion.o)
                0x0000a080                Timer_Animacion_Enable
 .text.Timer_Animacion_Start
                0x0000a0c8       0x20 .\CortexM3\ARM_GCC_493\Debug\BBB.a(Timer_Animacion.o)
                0x0000a0c8                Timer_Animacion_Start
 .text.Timer_Animacion_Stop
                0x0000a0e8       0x48 .\CortexM3\ARM_GCC_493\Debug\BBB.a(Timer_Animacion.o)
                0x0000a0e8                Timer_Animacion_Stop
 .text.Timer_Animacion_SetInterruptMode
                0x0000a130       0x20 .\CortexM3\ARM_GCC_493\Debug\BBB.a(Timer_Animacion.o)
                0x0000a130                Timer_Animacion_SetInterruptMode
 .text.Timer_Animacion_ReadStatusRegister
                0x0000a150       0x18 .\CortexM3\ARM_GCC_493\Debug\BBB.a(Timer_Animacion.o)
                0x0000a150                Timer_Animacion_ReadStatusRegister
 .text.Timer_Animacion_WritePeriod
                0x0000a168       0x24 .\CortexM3\ARM_GCC_493\Debug\BBB.a(Timer_Animacion.o)
                0x0000a168                Timer_Animacion_WritePeriod
 .text.Timer_Animacion_WriteCounter
                0x0000a18c       0x20 .\CortexM3\ARM_GCC_493\Debug\BBB.a(Timer_Animacion.o)
                0x0000a18c                Timer_Animacion_WriteCounter
 .text.Timer_Animacion2_Init
                0x0000a1ac       0x9c .\CortexM3\ARM_GCC_493\Debug\BBB.a(Timer_Animacion2.o)
                0x0000a1ac                Timer_Animacion2_Init
 .text.Timer_Animacion2_Enable
                0x0000a248       0x48 .\CortexM3\ARM_GCC_493\Debug\BBB.a(Timer_Animacion2.o)
                0x0000a248                Timer_Animacion2_Enable
 .text.Timer_Animacion2_Start
                0x0000a290       0x20 .\CortexM3\ARM_GCC_493\Debug\BBB.a(Timer_Animacion2.o)
                0x0000a290                Timer_Animacion2_Start
 .text.Timer_Animacion2_SetInterruptMode
                0x0000a2b0       0x20 .\CortexM3\ARM_GCC_493\Debug\BBB.a(Timer_Animacion2.o)
                0x0000a2b0                Timer_Animacion2_SetInterruptMode
 .text.Timer_Animacion2_ReadStatusRegister
                0x0000a2d0       0x18 .\CortexM3\ARM_GCC_493\Debug\BBB.a(Timer_Animacion2.o)
                0x0000a2d0                Timer_Animacion2_ReadStatusRegister
 .text.Timer_Animacion2_WritePeriod
                0x0000a2e8       0x24 .\CortexM3\ARM_GCC_493\Debug\BBB.a(Timer_Animacion2.o)
                0x0000a2e8                Timer_Animacion2_WritePeriod
 .text.Timer_Animacion2_WriteCounter
                0x0000a30c       0x20 .\CortexM3\ARM_GCC_493\Debug\BBB.a(Timer_Animacion2.o)
                0x0000a30c                Timer_Animacion2_WriteCounter
 .text.isr_4_StartEx
                0x0000a32c       0x24 .\CortexM3\ARM_GCC_493\Debug\BBB.a(isr_4.o)
                0x0000a32c                isr_4_StartEx
 .text.isr_4_SetVector
                0x0000a350       0x24 .\CortexM3\ARM_GCC_493\Debug\BBB.a(isr_4.o)
                0x0000a350                isr_4_SetVector
 .text.isr_4_SetPriority
                0x0000a374       0x24 .\CortexM3\ARM_GCC_493\Debug\BBB.a(isr_4.o)
                0x0000a374                isr_4_SetPriority
 .text.isr_4_Enable
                0x0000a398       0x18 .\CortexM3\ARM_GCC_493\Debug\BBB.a(isr_4.o)
                0x0000a398                isr_4_Enable
 .text.isr_4_Disable
                0x0000a3b0       0x18 .\CortexM3\ARM_GCC_493\Debug\BBB.a(isr_4.o)
                0x0000a3b0                isr_4_Disable
 .text.Timer_RxSurtidor_Init
                0x0000a3c8       0x9c .\CortexM3\ARM_GCC_493\Debug\BBB.a(Timer_RxSurtidor.o)
                0x0000a3c8                Timer_RxSurtidor_Init
 .text.Timer_RxSurtidor_Enable
                0x0000a464       0x48 .\CortexM3\ARM_GCC_493\Debug\BBB.a(Timer_RxSurtidor.o)
                0x0000a464                Timer_RxSurtidor_Enable
 .text.Timer_RxSurtidor_Start
                0x0000a4ac       0x20 .\CortexM3\ARM_GCC_493\Debug\BBB.a(Timer_RxSurtidor.o)
                0x0000a4ac                Timer_RxSurtidor_Start
 .text.Timer_RxSurtidor_Stop
                0x0000a4cc       0x48 .\CortexM3\ARM_GCC_493\Debug\BBB.a(Timer_RxSurtidor.o)
                0x0000a4cc                Timer_RxSurtidor_Stop
 .text.Timer_RxSurtidor_SetInterruptMode
                0x0000a514       0x20 .\CortexM3\ARM_GCC_493\Debug\BBB.a(Timer_RxSurtidor.o)
                0x0000a514                Timer_RxSurtidor_SetInterruptMode
 .text.Timer_RxSurtidor_ReadStatusRegister
                0x0000a534       0x18 .\CortexM3\ARM_GCC_493\Debug\BBB.a(Timer_RxSurtidor.o)
                0x0000a534                Timer_RxSurtidor_ReadStatusRegister
 .text.Timer_RxSurtidor_WritePeriod
                0x0000a54c       0x24 .\CortexM3\ARM_GCC_493\Debug\BBB.a(Timer_RxSurtidor.o)
                0x0000a54c                Timer_RxSurtidor_WritePeriod
 .text.Timer_RxSurtidor_WriteCounter
                0x0000a570       0x20 .\CortexM3\ARM_GCC_493\Debug\BBB.a(Timer_RxSurtidor.o)
                0x0000a570                Timer_RxSurtidor_WriteCounter
 .text.EEPROM_Enable
                0x0000a590       0x10 .\CortexM3\ARM_GCC_493\Debug\BBB.a(EEPROM.o)
                0x0000a590                EEPROM_Enable
 .text.EEPROM_Start
                0x0000a5a0        0xc .\CortexM3\ARM_GCC_493\Debug\BBB.a(EEPROM.o)
                0x0000a5a0                EEPROM_Start
 .text.EEPROM_WriteByte
                0x0000a5ac      0x120 .\CortexM3\ARM_GCC_493\Debug\BBB.a(EEPROM.o)
                0x0000a5ac                EEPROM_WriteByte
 .text.EEPROM_ReadByte
                0x0000a6cc       0x3c .\CortexM3\ARM_GCC_493\Debug\BBB.a(EEPROM.o)
                0x0000a6cc                EEPROM_ReadByte
 .text.CySetTempInt
                0x0000a708       0x7c .\CortexM3\ARM_GCC_493\Debug\BBB.a(CyFlash.o)
 .text.CyFlashGetSpcAlgorithm
                0x0000a784       0x70 .\CortexM3\ARM_GCC_493\Debug\BBB.a(CyFlash.o)
 .text.CySetTemp
                0x0000a7f4       0x24 .\CortexM3\ARM_GCC_493\Debug\BBB.a(CyFlash.o)
                0x0000a7f4                CySetTemp
 .text.CyEEPROM_Start
                0x0000a818       0x8c .\CortexM3\ARM_GCC_493\Debug\BBB.a(CyFlash.o)
                0x0000a818                CyEEPROM_Start
 .text.CyEEPROM_ReadReserve
                0x0000a8a4       0x30 .\CortexM3\ARM_GCC_493\Debug\BBB.a(CyFlash.o)
                0x0000a8a4                CyEEPROM_ReadReserve
 .text.CyEEPROM_ReadRelease
                0x0000a8d4       0x20 .\CortexM3\ARM_GCC_493\Debug\BBB.a(CyFlash.o)
                0x0000a8d4                CyEEPROM_ReadRelease
 .text.CySpcStart
                0x0000a8f4       0x44 .\CortexM3\ARM_GCC_493\Debug\BBB.a(CySpc.o)
                0x0000a8f4                CySpcStart
 .text.CySpcReadData
                0x0000a938       0x58 .\CortexM3\ARM_GCC_493\Debug\BBB.a(CySpc.o)
                0x0000a938                CySpcReadData
 .text.CySpcLoadMultiByte
                0x0000a990       0xd4 .\CortexM3\ARM_GCC_493\Debug\BBB.a(CySpc.o)
                0x0000a990                CySpcLoadMultiByte
 .text.CySpcWriteRow
                0x0000aa64       0x98 .\CortexM3\ARM_GCC_493\Debug\BBB.a(CySpc.o)
                0x0000aa64                CySpcWriteRow
 .text.CySpcGetTemp
                0x0000aafc       0x64 .\CortexM3\ARM_GCC_493\Debug\BBB.a(CySpc.o)
                0x0000aafc                CySpcGetTemp
 .text.CySpcLock
                0x0000ab60       0x68 .\CortexM3\ARM_GCC_493\Debug\BBB.a(CySpc.o)
                0x0000ab60                CySpcLock
 .text.CySpcUnlock
                0x0000abc8       0x50 .\CortexM3\ARM_GCC_493\Debug\BBB.a(CySpc.o)
                0x0000abc8                CySpcUnlock
 .text.CySpcGetAlgorithm
                0x0000ac18       0x48 .\CortexM3\ARM_GCC_493\Debug\BBB.a(CySpc.o)
                0x0000ac18                CySpcGetAlgorithm
 .text          0x0000ac60      0x110 c:/program files (x86)/cypress/psoc creator/3.3/psoc creator/import/gnu/arm/4.9.3/bin/../lib/gcc/arm-none-eabi/4.9.3/armv7-m\libgcc.a(_arm_cmpdf2.o)
                0x0000ac60                __gtdf2
                0x0000ac60                __gedf2
                0x0000ac68                __ltdf2
                0x0000ac68                __ledf2
                0x0000ac70                __nedf2
                0x0000ac70                __eqdf2
                0x0000ac70                __cmpdf2
                0x0000acec                __aeabi_cdrcmple
                0x0000acfc                __aeabi_cdcmpeq
                0x0000acfc                __aeabi_cdcmple
                0x0000ad0c                __aeabi_dcmpeq
                0x0000ad20                __aeabi_dcmplt
                0x0000ad34                __aeabi_dcmple
                0x0000ad48                __aeabi_dcmpge
                0x0000ad5c                __aeabi_dcmpgt
 .text.atof     0x0000ad70        0x6 c:/program files (x86)/cypress/psoc creator/3.3/psoc creator/import/gnu/arm/4.9.3/bin/../lib/gcc/arm-none-eabi/4.9.3/../../../../arm-none-eabi/lib/armv7-m\libg_nano.a(lib_a-atof.o)
                0x0000ad70                atof
 *fill*         0x0000ad76        0x2 
 .text.__errno  0x0000ad78        0xc c:/program files (x86)/cypress/psoc creator/3.3/psoc creator/import/gnu/arm/4.9.3/bin/../lib/gcc/arm-none-eabi/4.9.3/../../../../arm-none-eabi/lib/armv7-m\libg_nano.a(lib_a-errno.o)
                0x0000ad78                __errno
 .text.__libc_init_array
                0x0000ad84       0x4c c:/program files (x86)/cypress/psoc creator/3.3/psoc creator/import/gnu/arm/4.9.3/bin/../lib/gcc/arm-none-eabi/4.9.3/../../../../arm-none-eabi/lib/armv7-m\libg_nano.a(lib_a-init.o)
                0x0000ad84                __libc_init_array
 .text.memcpy   0x0000add0       0x16 c:/program files (x86)/cypress/psoc creator/3.3/psoc creator/import/gnu/arm/4.9.3/bin/../lib/gcc/arm-none-eabi/4.9.3/../../../../arm-none-eabi/lib/armv7-m\libg_nano.a(lib_a-memcpy.o)
                0x0000add0                memcpy
 .text.memset   0x0000ade6       0x10 c:/program files (x86)/cypress/psoc creator/3.3/psoc creator/import/gnu/arm/4.9.3/bin/../lib/gcc/arm-none-eabi/4.9.3/../../../../arm-none-eabi/lib/armv7-m\libg_nano.a(lib_a-memset.o)
                0x0000ade6                memset
 .text.match    0x0000adf6       0x26 c:/program files (x86)/cypress/psoc creator/3.3/psoc creator/import/gnu/arm/4.9.3/bin/../lib/gcc/arm-none-eabi/4.9.3/../../../../arm-none-eabi/lib/armv7-m\libg_nano.a(lib_a-strtod.o)
 .text.sulp     0x0000ae1c       0x42 c:/program files (x86)/cypress/psoc creator/3.3/psoc creator/import/gnu/arm/4.9.3/bin/../lib/gcc/arm-none-eabi/4.9.3/../../../../arm-none-eabi/lib/armv7-m\libg_nano.a(lib_a-strtod.o)
 *fill*         0x0000ae5e        0x2 
 .text._strtod_r
                0x0000ae60      0xc40 c:/program files (x86)/cypress/psoc creator/3.3/psoc creator/import/gnu/arm/4.9.3/bin/../lib/gcc/arm-none-eabi/4.9.3/../../../../arm-none-eabi/lib/armv7-m\libg_nano.a(lib_a-strtod.o)
                0x0000ae60                _strtod_r
 .text.strtod   0x0000baa0       0x14 c:/program files (x86)/cypress/psoc creator/3.3/psoc creator/import/gnu/arm/4.9.3/bin/../lib/gcc/arm-none-eabi/4.9.3/../../../../arm-none-eabi/lib/armv7-m\libg_nano.a(lib_a-strtod.o)
                0x0000baa0                strtod
 .text.rshift   0x0000bab4       0x6c c:/program files (x86)/cypress/psoc creator/3.3/psoc creator/import/gnu/arm/4.9.3/bin/../lib/gcc/arm-none-eabi/4.9.3/../../../../arm-none-eabi/lib/armv7-m\libg_nano.a(lib_a-gdtoa-gethex.o)
 .text.__hexdig_fun
                0x0000bb20       0x2a c:/program files (x86)/cypress/psoc creator/3.3/psoc creator/import/gnu/arm/4.9.3/bin/../lib/gcc/arm-none-eabi/4.9.3/../../../../arm-none-eabi/lib/armv7-m\libg_nano.a(lib_a-gdtoa-gethex.o)
                0x0000bb20                __hexdig_fun
 .text.__gethex
                0x0000bb4a      0x44a c:/program files (x86)/cypress/psoc creator/3.3/psoc creator/import/gnu/arm/4.9.3/bin/../lib/gcc/arm-none-eabi/4.9.3/../../../../arm-none-eabi/lib/armv7-m\libg_nano.a(lib_a-gdtoa-gethex.o)
                0x0000bb4a                __gethex
 .text.L_shift  0x0000bf94       0x24 c:/program files (x86)/cypress/psoc creator/3.3/psoc creator/import/gnu/arm/4.9.3/bin/../lib/gcc/arm-none-eabi/4.9.3/../../../../arm-none-eabi/lib/armv7-m\libg_nano.a(lib_a-gdtoa-hexnan.o)
 .text.__hexnan
                0x0000bfb8      0x114 c:/program files (x86)/cypress/psoc creator/3.3/psoc creator/import/gnu/arm/4.9.3/bin/../lib/gcc/arm-none-eabi/4.9.3/../../../../arm-none-eabi/lib/armv7-m\libg_nano.a(lib_a-gdtoa-hexnan.o)
                0x0000bfb8                __hexnan
 .text._localeconv_r
                0x0000c0cc        0x8 c:/program files (x86)/cypress/psoc creator/3.3/psoc creator/import/gnu/arm/4.9.3/bin/../lib/gcc/arm-none-eabi/4.9.3/../../../../arm-none-eabi/lib/armv7-m\libg_nano.a(lib_a-locale.o)
                0x0000c0cc                _localeconv_r
 .text._Balloc  0x0000c0d4       0x6a c:/program files (x86)/cypress/psoc creator/3.3/psoc creator/import/gnu/arm/4.9.3/bin/../lib/gcc/arm-none-eabi/4.9.3/../../../../arm-none-eabi/lib/armv7-m\libg_nano.a(lib_a-mprec.o)
                0x0000c0d4                _Balloc
 .text._Bfree   0x0000c13e       0x2e c:/program files (x86)/cypress/psoc creator/3.3/psoc creator/import/gnu/arm/4.9.3/bin/../lib/gcc/arm-none-eabi/4.9.3/../../../../arm-none-eabi/lib/armv7-m\libg_nano.a(lib_a-mprec.o)
                0x0000c13e                _Bfree
 .text.__multadd
                0x0000c16c       0x7c c:/program files (x86)/cypress/psoc creator/3.3/psoc creator/import/gnu/arm/4.9.3/bin/../lib/gcc/arm-none-eabi/4.9.3/../../../../arm-none-eabi/lib/armv7-m\libg_nano.a(lib_a-mprec.o)
                0x0000c16c                __multadd
 .text.__s2b    0x0000c1e8       0x80 c:/program files (x86)/cypress/psoc creator/3.3/psoc creator/import/gnu/arm/4.9.3/bin/../lib/gcc/arm-none-eabi/4.9.3/../../../../arm-none-eabi/lib/armv7-m\libg_nano.a(lib_a-mprec.o)
                0x0000c1e8                __s2b
 .text.__hi0bits
                0x0000c268       0x40 c:/program files (x86)/cypress/psoc creator/3.3/psoc creator/import/gnu/arm/4.9.3/bin/../lib/gcc/arm-none-eabi/4.9.3/../../../../arm-none-eabi/lib/armv7-m\libg_nano.a(lib_a-mprec.o)
                0x0000c268                __hi0bits
 .text.__lo0bits
                0x0000c2a8       0x5a c:/program files (x86)/cypress/psoc creator/3.3/psoc creator/import/gnu/arm/4.9.3/bin/../lib/gcc/arm-none-eabi/4.9.3/../../../../arm-none-eabi/lib/armv7-m\libg_nano.a(lib_a-mprec.o)
                0x0000c2a8                __lo0bits
 .text.__i2b    0x0000c302       0x12 c:/program files (x86)/cypress/psoc creator/3.3/psoc creator/import/gnu/arm/4.9.3/bin/../lib/gcc/arm-none-eabi/4.9.3/../../../../arm-none-eabi/lib/armv7-m\libg_nano.a(lib_a-mprec.o)
                0x0000c302                __i2b
 .text.__multiply
                0x0000c314      0x120 c:/program files (x86)/cypress/psoc creator/3.3/psoc creator/import/gnu/arm/4.9.3/bin/../lib/gcc/arm-none-eabi/4.9.3/../../../../arm-none-eabi/lib/armv7-m\libg_nano.a(lib_a-mprec.o)
                0x0000c314                __multiply
 .text.__pow5mult
                0x0000c434       0x9c c:/program files (x86)/cypress/psoc creator/3.3/psoc creator/import/gnu/arm/4.9.3/bin/../lib/gcc/arm-none-eabi/4.9.3/../../../../arm-none-eabi/lib/armv7-m\libg_nano.a(lib_a-mprec.o)
                0x0000c434                __pow5mult
 .text.__lshift
                0x0000c4d0       0xa6 c:/program files (x86)/cypress/psoc creator/3.3/psoc creator/import/gnu/arm/4.9.3/bin/../lib/gcc/arm-none-eabi/4.9.3/../../../../arm-none-eabi/lib/armv7-m\libg_nano.a(lib_a-mprec.o)
                0x0000c4d0                __lshift
 .text.__mcmp   0x0000c576       0x38 c:/program files (x86)/cypress/psoc creator/3.3/psoc creator/import/gnu/arm/4.9.3/bin/../lib/gcc/arm-none-eabi/4.9.3/../../../../arm-none-eabi/lib/armv7-m\libg_nano.a(lib_a-mprec.o)
                0x0000c576                __mcmp
 .text.__mdiff  0x0000c5ae       0xbe c:/program files (x86)/cypress/psoc creator/3.3/psoc creator/import/gnu/arm/4.9.3/bin/../lib/gcc/arm-none-eabi/4.9.3/../../../../arm-none-eabi/lib/armv7-m\libg_nano.a(lib_a-mprec.o)
                0x0000c5ae                __mdiff
 .text.__ulp    0x0000c66c       0x48 c:/program files (x86)/cypress/psoc creator/3.3/psoc creator/import/gnu/arm/4.9.3/bin/../lib/gcc/arm-none-eabi/4.9.3/../../../../arm-none-eabi/lib/armv7-m\libg_nano.a(lib_a-mprec.o)
                0x0000c66c                __ulp
 .text.__b2d    0x0000c6b4       0x9e c:/program files (x86)/cypress/psoc creator/3.3/psoc creator/import/gnu/arm/4.9.3/bin/../lib/gcc/arm-none-eabi/4.9.3/../../../../arm-none-eabi/lib/armv7-m\libg_nano.a(lib_a-mprec.o)
                0x0000c6b4                __b2d
 .text.__d2b    0x0000c752       0xa4 c:/program files (x86)/cypress/psoc creator/3.3/psoc creator/import/gnu/arm/4.9.3/bin/../lib/gcc/arm-none-eabi/4.9.3/../../../../arm-none-eabi/lib/armv7-m\libg_nano.a(lib_a-mprec.o)
                0x0000c752                __d2b
 .text.__ratio  0x0000c7f6       0x50 c:/program files (x86)/cypress/psoc creator/3.3/psoc creator/import/gnu/arm/4.9.3/bin/../lib/gcc/arm-none-eabi/4.9.3/../../../../arm-none-eabi/lib/armv7-m\libg_nano.a(lib_a-mprec.o)
                0x0000c7f6                __ratio
 .text.__copybits
                0x0000c846       0x34 c:/program files (x86)/cypress/psoc creator/3.3/psoc creator/import/gnu/arm/4.9.3/bin/../lib/gcc/arm-none-eabi/4.9.3/../../../../arm-none-eabi/lib/armv7-m\libg_nano.a(lib_a-mprec.o)
                0x0000c846                __copybits
 .text.__any_on
                0x0000c87a       0x44 c:/program files (x86)/cypress/psoc creator/3.3/psoc creator/import/gnu/arm/4.9.3/bin/../lib/gcc/arm-none-eabi/4.9.3/../../../../arm-none-eabi/lib/armv7-m\libg_nano.a(lib_a-mprec.o)
                0x0000c87a                __any_on
 .text._calloc_r
                0x0000c8be       0x1c c:/program files (x86)/cypress/psoc creator/3.3/psoc creator/import/gnu/arm/4.9.3/bin/../lib/gcc/arm-none-eabi/4.9.3/../../../../arm-none-eabi/lib/armv7-m\libg_nano.a(lib_a-nano-callocr.o)
                0x0000c8be                _calloc_r
 *fill*         0x0000c8da        0x2 
 .text._malloc_r
                0x0000c8dc       0xac c:/program files (x86)/cypress/psoc creator/3.3/psoc creator/import/gnu/arm/4.9.3/bin/../lib/gcc/arm-none-eabi/4.9.3/../../../../arm-none-eabi/lib/armv7-m\libg_nano.a(lib_a-nano-mallocr.o)
                0x0000c8dc                _malloc_r
 .text._sbrk_r  0x0000c988       0x20 c:/program files (x86)/cypress/psoc creator/3.3/psoc creator/import/gnu/arm/4.9.3/bin/../lib/gcc/arm-none-eabi/4.9.3/../../../../arm-none-eabi/lib/armv7-m\libg_nano.a(lib_a-sbrkr.o)
                0x0000c988                _sbrk_r
 .text.strlen   0x0000c9a8       0x10 c:/program files (x86)/cypress/psoc creator/3.3/psoc creator/import/gnu/arm/4.9.3/bin/../lib/gcc/arm-none-eabi/4.9.3/../../../../arm-none-eabi/lib/armv7-m\libg_nano.a(lib_a-strlen.o)
                0x0000c9a8                strlen
 .text.strncmp  0x0000c9b8       0x32 c:/program files (x86)/cypress/psoc creator/3.3/psoc creator/import/gnu/arm/4.9.3/bin/../lib/gcc/arm-none-eabi/4.9.3/../../../../arm-none-eabi/lib/armv7-m\libg_nano.a(lib_a-strncmp.o)
                0x0000c9b8                strncmp
 *fill*         0x0000c9ea        0x2 
 .text.malloc   0x0000c9ec       0x10 c:/program files (x86)/cypress/psoc creator/3.3/psoc creator/import/gnu/arm/4.9.3/bin/../lib/gcc/arm-none-eabi/4.9.3/../../../../arm-none-eabi/lib/armv7-m\libg_nano.a(lib_a-malloc.o)
                0x0000c9ec                malloc
 .text          0x0000c9fc      0x370 c:/program files (x86)/cypress/psoc creator/3.3/psoc creator/import/gnu/arm/4.9.3/bin/../lib/gcc/arm-none-eabi/4.9.3/armv7-m\libgcc.a(_arm_addsubdf3.o)
                0x0000c9fc                __aeabi_drsub
                0x0000ca04                __aeabi_dsub
                0x0000ca04                __subdf3
                0x0000ca08                __aeabi_dadd
                0x0000ca08                __adddf3
                0x0000cc80                __floatunsidf
                0x0000cc80                __aeabi_ui2d
                0x0000cca0                __floatsidf
                0x0000cca0                __aeabi_i2d
                0x0000ccc4                __aeabi_f2d
                0x0000ccc4                __extendsfdf2
                0x0000cd00                __floatundidf
                0x0000cd00                __aeabi_ul2d
                0x0000cd10                __floatdidf
                0x0000cd10                __aeabi_l2d
 .text          0x0000cd6c      0x424 c:/program files (x86)/cypress/psoc creator/3.3/psoc creator/import/gnu/arm/4.9.3/bin/../lib/gcc/arm-none-eabi/4.9.3/armv7-m\libgcc.a(_arm_muldivdf3.o)
                0x0000cd6c                __aeabi_dmul
                0x0000cd6c                __muldf3
                0x0000cfc0                __divdf3
                0x0000cfc0                __aeabi_ddiv
 .text          0x0000d190       0x50 c:/program files (x86)/cypress/psoc creator/3.3/psoc creator/import/gnu/arm/4.9.3/bin/../lib/gcc/arm-none-eabi/4.9.3/armv7-m\libgcc.a(_arm_fixdfsi.o)
                0x0000d190                __aeabi_d2iz
                0x0000d190                __fixdfsi
 .text          0x0000d1e0       0x40 c:/program files (x86)/cypress/psoc creator/3.3/psoc creator/import/gnu/arm/4.9.3/bin/../lib/gcc/arm-none-eabi/4.9.3/armv7-m\libgcc.a(_arm_fixunsdfsi.o)
                0x0000d1e0                __aeabi_d2uiz
                0x0000d1e0                __fixunsdfsi
 *(.plt)
 *(.gnu.warning)
 *(.glue_7t)
 .glue_7t       0x00000000        0x0 linker stubs
 *(.glue_7)
 .glue_7        0x00000000        0x0 linker stubs
 *(.vfp11_veneer)
 .vfp11_veneer  0x00000000        0x0 linker stubs
 *(.bootloader)
 *(.ARM.extab* .gnu.linkonce.armextab.*)
 *(.gcc_except_table)

.v4_bx          0x0000d220        0x0
 .v4_bx         0x00000000        0x0 linker stubs

.iplt           0x0000d220        0x0
 .iplt          0x00000000        0x0 c:/program files (x86)/cypress/psoc creator/3.3/psoc creator/import/gnu/arm/4.9.3/bin/../lib/gcc/arm-none-eabi/4.9.3/armv7-m/crtbegin.o

.eh_frame_hdr
 *(.eh_frame_hdr)

.eh_frame       0x0000d220        0x4
 *(.eh_frame)
 .eh_frame      0x0000d220        0x0 c:/program files (x86)/cypress/psoc creator/3.3/psoc creator/import/gnu/arm/4.9.3/bin/../lib/gcc/arm-none-eabi/4.9.3/armv7-m/crtbegin.o
 .eh_frame      0x0000d220        0x0 c:/program files (x86)/cypress/psoc creator/3.3/psoc creator/import/gnu/arm/4.9.3/bin/../lib/gcc/arm-none-eabi/4.9.3/../../../../arm-none-eabi/lib/armv7-m\libg_nano.a(lib_a-strcmp.o)
                                 0x28 (size before relaxing)
 .eh_frame      0x0000d220        0x4 c:/program files (x86)/cypress/psoc creator/3.3/psoc creator/import/gnu/arm/4.9.3/bin/../lib/gcc/arm-none-eabi/4.9.3/armv7-m/crtend.o
                0x0000d224                PROVIDE (__exidx_start, .)

.ARM.exidx
 *(.ARM.exidx* .gnu.linkonce.armexidx.*)
                0x0000d224                __exidx_end = .

.rodata         0x0000d228      0x268
 *(.rodata .rodata.* .gnu.linkonce.r.*)
 .rodata        0x0000d228        0xc .\CortexM3\ARM_GCC_493\Debug\Protocolo.o
 .rodata        0x0000d234       0x48 .\CortexM3\ARM_GCC_493\Debug\LCD.o
 .rodata        0x0000d27c       0x78 .\CortexM3\ARM_GCC_493\Debug\BBB.a(cyfitter_cfg.o)
 .rodata.str1.1
                0x0000d2f4        0x2 c:/program files (x86)/cypress/psoc creator/3.3/psoc creator/import/gnu/arm/4.9.3/bin/../lib/gcc/arm-none-eabi/4.9.3/../../../../arm-none-eabi/lib/armv7-m\libg_nano.a(lib_a-impure.o)
 *fill*         0x0000d2f6        0x2 
 .rodata.fpinan.5309
                0x0000d2f8       0x14 c:/program files (x86)/cypress/psoc creator/3.3/psoc creator/import/gnu/arm/4.9.3/bin/../lib/gcc/arm-none-eabi/4.9.3/../../../../arm-none-eabi/lib/armv7-m\libg_nano.a(lib_a-strtod.o)
 .rodata.str1.1
                0x0000d30c        0xc c:/program files (x86)/cypress/psoc creator/3.3/psoc creator/import/gnu/arm/4.9.3/bin/../lib/gcc/arm-none-eabi/4.9.3/../../../../arm-none-eabi/lib/armv7-m\libg_nano.a(lib_a-strtod.o)
 .rodata.tinytens
                0x0000d318       0x28 c:/program files (x86)/cypress/psoc creator/3.3/psoc creator/import/gnu/arm/4.9.3/bin/../lib/gcc/arm-none-eabi/4.9.3/../../../../arm-none-eabi/lib/armv7-m\libg_nano.a(lib_a-strtod.o)
 .rodata.fpi.5273
                0x0000d340       0x14 c:/program files (x86)/cypress/psoc creator/3.3/psoc creator/import/gnu/arm/4.9.3/bin/../lib/gcc/arm-none-eabi/4.9.3/../../../../arm-none-eabi/lib/armv7-m\libg_nano.a(lib_a-strtod.o)
 .rodata.str1.1
                0x0000d354        0x8 c:/program files (x86)/cypress/psoc creator/3.3/psoc creator/import/gnu/arm/4.9.3/bin/../lib/gcc/arm-none-eabi/4.9.3/../../../../arm-none-eabi/lib/armv7-m\libg_nano.a(lib_a-locale.o)
                                  0xb (size before relaxing)
 *fill*         0x0000d35c        0x4 
 .rodata.__mprec_tens
                0x0000d360       0xc8 c:/program files (x86)/cypress/psoc creator/3.3/psoc creator/import/gnu/arm/4.9.3/bin/../lib/gcc/arm-none-eabi/4.9.3/../../../../arm-none-eabi/lib/armv7-m\libg_nano.a(lib_a-mprec.o)
                0x0000d360                __mprec_tens
 .rodata.__mprec_bigtens
                0x0000d428       0x28 c:/program files (x86)/cypress/psoc creator/3.3/psoc creator/import/gnu/arm/4.9.3/bin/../lib/gcc/arm-none-eabi/4.9.3/../../../../arm-none-eabi/lib/armv7-m\libg_nano.a(lib_a-mprec.o)
                0x0000d428                __mprec_bigtens
 .rodata.p05.5308
                0x0000d450        0xc c:/program files (x86)/cypress/psoc creator/3.3/psoc creator/import/gnu/arm/4.9.3/bin/../lib/gcc/arm-none-eabi/4.9.3/../../../../arm-none-eabi/lib/armv7-m\libg_nano.a(lib_a-mprec.o)
                0x0000d45c                . = ALIGN (0x4)
 *(.init)
 .init          0x0000d45c        0x4 c:/program files (x86)/cypress/psoc creator/3.3/psoc creator/import/gnu/arm/4.9.3/bin/../lib/gcc/arm-none-eabi/4.9.3/armv7-m/crti.o
                0x0000d45c                _init
 .init          0x0000d460        0x8 c:/program files (x86)/cypress/psoc creator/3.3/psoc creator/import/gnu/arm/4.9.3/bin/../lib/gcc/arm-none-eabi/4.9.3/armv7-m/crtn.o
                0x0000d468                . = ALIGN (0x4)
                0x0000d468                __preinit_array_start = .
 *(.preinit_array)
                0x0000d468                __preinit_array_end = .
                0x0000d468                . = ALIGN (0x4)
                0x0000d468                __init_array_start = .
 *(SORT(.init_array.*))
 *(.init_array)
 .init_array    0x0000d468        0x4 c:/program files (x86)/cypress/psoc creator/3.3/psoc creator/import/gnu/arm/4.9.3/bin/../lib/gcc/arm-none-eabi/4.9.3/armv7-m/crtbegin.o
 .init_array    0x0000d46c        0x4 .\CortexM3\ARM_GCC_493\Debug\Cm3Start.o
                0x0000d470                __init_array_end = .
                0x0000d470                . = ALIGN (0x4)
 *(.fini)
 .fini          0x0000d470        0x4 c:/program files (x86)/cypress/psoc creator/3.3/psoc creator/import/gnu/arm/4.9.3/bin/../lib/gcc/arm-none-eabi/4.9.3/armv7-m/crti.o
                0x0000d470                _fini
 .fini          0x0000d474        0x8 c:/program files (x86)/cypress/psoc creator/3.3/psoc creator/import/gnu/arm/4.9.3/bin/../lib/gcc/arm-none-eabi/4.9.3/armv7-m/crtn.o
                0x0000d47c                . = ALIGN (0x4)
                0x0000d47c                __fini_array_start = .
 *(.fini_array)
 .fini_array    0x0000d47c        0x4 c:/program files (x86)/cypress/psoc creator/3.3/psoc creator/import/gnu/arm/4.9.3/bin/../lib/gcc/arm-none-eabi/4.9.3/armv7-m/crtbegin.o
 *(SORT(.fini_array.*))
                0x0000d480                __fini_array_end = .
                0x0000d480                . = ALIGN (0x4)
 *crtbegin.o(.ctors)
 *(EXCLUDE_FILE(*crtend.o) .ctors)
 *(SORT(.ctors.*))
 *crtend.o(.ctors)
                0x0000d480                . = ALIGN (0x4)
 *crtbegin.o(.dtors)
 *(EXCLUDE_FILE(*crtend.o) .dtors)
 *(SORT(.dtors.*))
 *crtend.o(.dtors)
                0x0000d480                . = ALIGN (0x4)
                0x0000d480                __cy_regions = .
                0x0000d480        0x4 LONG 0xd490 __cy_region_init_ram
                0x0000d484        0x4 LONG 0x1fff8108 __cy_region_start_data
                0x0000d488        0x4 LONG 0xf8 __cy_region_init_size_ram
                0x0000d48c        0x4 LONG 0xd50 __cy_region_zero_size_ram
                0x0000d490                __cy_regions_end = .
                0x0000d490                . = ALIGN (0x8)
                0x0000d490                _etext = .

.ramvectors     0x1fff8000      0x100
                0x1fff8000                __cy_region_start_ram = .
 *(.ramvectors)
 .ramvectors    0x1fff8000      0x100 .\CortexM3\ARM_GCC_493\Debug\Cm3Start.o
                0x1fff8000                CyRamVectors

.noinit         0x1fff8100        0x5
 *(.noinit)
 .noinit        0x1fff8100        0x4 .\CortexM3\ARM_GCC_493\Debug\Cm3Start.o
 .noinit        0x1fff8104        0x1 .\CortexM3\ARM_GCC_493\Debug\BBB.a(CyLib.o)
                0x1fff8104                CyResetStatus

.data           0x1fff8108       0xf8 load address 0x0000d490
                0x1fff8108                __cy_region_start_data = .
 *(.jcr)
 .jcr           0x1fff8108        0x0 c:/program files (x86)/cypress/psoc creator/3.3/psoc creator/import/gnu/arm/4.9.3/bin/../lib/gcc/arm-none-eabi/4.9.3/armv7-m/crtbegin.o
 .jcr           0x1fff8108        0x4 c:/program files (x86)/cypress/psoc creator/3.3/psoc creator/import/gnu/arm/4.9.3/bin/../lib/gcc/arm-none-eabi/4.9.3/armv7-m/crtend.o
 *(.got.plt)
 *(.got)
 *(.shdata)
 *(.data .data.* .gnu.linkonce.d.*)
 .data          0x1fff810c       0x40 .\CortexM3\ARM_GCC_493\Debug\main.o
                0x1fff810c                letras
                0x1fff8128                clave_config
                0x1fff8130                test
                0x1fff8142                consulta_sistema
                0x1fff8144                clave_local
                0x1fff8148                producto1
                0x1fff8149                producto2
                0x1fff814a                producto3
                0x1fff814b                producto4
 .data          0x1fff814c        0x4 .\CortexM3\ARM_GCC_493\Debug\Cm3Start.o
 .data          0x1fff8150       0x10 .\CortexM3\ARM_GCC_493\Debug\BBB.a(CyLib.o)
                0x1fff8150                cydelay_freq_hz
                0x1fff8154                cydelay_freq_khz
                0x1fff8158                cydelay_freq_mhz
                0x1fff815c                cydelay_32k_ms
 .data.impure_data
                0x1fff8160       0x60 c:/program files (x86)/cypress/psoc creator/3.3/psoc creator/import/gnu/arm/4.9.3/bin/../lib/gcc/arm-none-eabi/4.9.3/../../../../arm-none-eabi/lib/armv7-m\libg_nano.a(lib_a-impure.o)
 .data._impure_ptr
                0x1fff81c0        0x4 c:/program files (x86)/cypress/psoc creator/3.3/psoc creator/import/gnu/arm/4.9.3/bin/../lib/gcc/arm-none-eabi/4.9.3/../../../../arm-none-eabi/lib/armv7-m\libg_nano.a(lib_a-impure.o)
                0x1fff81c0                _impure_ptr
 .data.lconv    0x1fff81c4       0x38 c:/program files (x86)/cypress/psoc creator/3.3/psoc creator/import/gnu/arm/4.9.3/bin/../lib/gcc/arm-none-eabi/4.9.3/../../../../arm-none-eabi/lib/armv7-m\libg_nano.a(lib_a-locale.o)
                0x1fff8200                . = ALIGN (0x8)
 *fill*         0x1fff81fc        0x4 
 *(.ram)
                0x1fff8200                _edata = .

.igot.plt       0x1fff8200        0x0 load address 0x0000d588
 .igot.plt      0x00000000        0x0 c:/program files (x86)/cypress/psoc creator/3.3/psoc creator/import/gnu/arm/4.9.3/bin/../lib/gcc/arm-none-eabi/4.9.3/armv7-m/crtbegin.o

.bss            0x1fff8200      0xd50 load address 0x0000d588
                0x1fff8200                PROVIDE (__bss_start__, .)
 *(.shbss)
 *(.bss .bss.* .gnu.linkonce.b.*)
 .bss           0x1fff8200       0x1c c:/program files (x86)/cypress/psoc creator/3.3/psoc creator/import/gnu/arm/4.9.3/bin/../lib/gcc/arm-none-eabi/4.9.3/armv7-m/crtbegin.o
 .bss           0x1fff821c        0xa .\CortexM3\ARM_GCC_493\Debug\BBB.a(Surtidor.o)
                0x1fff821c                Surtidor_initVar
                0x1fff821d                Surtidor_errorStatus
                0x1fff821e                Surtidor_rxBufferRead
                0x1fff8220                Surtidor_rxBufferWrite
                0x1fff8222                Surtidor_rxBufferLoopDetect
                0x1fff8223                Surtidor_rxBufferOverflow
 .bss           0x1fff8226        0xa .\CortexM3\ARM_GCC_493\Debug\BBB.a(PC.o)
                0x1fff8226                PC_initVar
                0x1fff8227                PC_errorStatus
                0x1fff8228                PC_rxBufferRead
                0x1fff822a                PC_rxBufferWrite
                0x1fff822c                PC_rxBufferLoopDetect
                0x1fff822d                PC_rxBufferOverflow
 .bss           0x1fff8230        0x1 .\CortexM3\ARM_GCC_493\Debug\BBB.a(I2C_1.o)
                0x1fff8230                I2C_1_initVar
 .bss           0x1fff8231        0x7 .\CortexM3\ARM_GCC_493\Debug\BBB.a(LCD_1.o)
                0x1fff8231                LCD_1_initVar
                0x1fff8232                LCD_1_errorStatus
                0x1fff8233                LCD_1_rxBufferRead
                0x1fff8234                LCD_1_rxBufferWrite
                0x1fff8235                LCD_1_rxBufferLoopDetect
                0x1fff8236                LCD_1_rxBufferOverflow
 .bss           0x1fff8238        0x7 .\CortexM3\ARM_GCC_493\Debug\BBB.a(LCD_2.o)
                0x1fff8238                LCD_2_initVar
                0x1fff8239                LCD_2_errorStatus
                0x1fff823a                LCD_2_rxBufferRead
                0x1fff823b                LCD_2_rxBufferWrite
                0x1fff823c                LCD_2_rxBufferLoopDetect
                0x1fff823d                LCD_2_rxBufferOverflow
 .bss           0x1fff823f        0x1 .\CortexM3\ARM_GCC_493\Debug\BBB.a(Timer_Animacion.o)
                0x1fff823f                Timer_Animacion_initVar
 .bss           0x1fff8240        0x1 .\CortexM3\ARM_GCC_493\Debug\BBB.a(Timer_Animacion2.o)
                0x1fff8240                Timer_Animacion2_initVar
 .bss           0x1fff8241        0x1 .\CortexM3\ARM_GCC_493\Debug\BBB.a(Timer_RxSurtidor.o)
                0x1fff8241                Timer_RxSurtidor_initVar
 *fill*         0x1fff8242        0x2 
 .bss           0x1fff8244        0x8 .\CortexM3\ARM_GCC_493\Debug\BBB.a(CySpc.o)
                0x1fff8244                SpcLockState
 .bss.__malloc_sbrk_start
                0x1fff824c        0x4 c:/program files (x86)/cypress/psoc creator/3.3/psoc creator/import/gnu/arm/4.9.3/bin/../lib/gcc/arm-none-eabi/4.9.3/../../../../arm-none-eabi/lib/armv7-m\libg_nano.a(lib_a-nano-mallocr.o)
                0x1fff824c                __malloc_sbrk_start
 .bss.__malloc_free_list
                0x1fff8250        0x4 c:/program files (x86)/cypress/psoc creator/3.3/psoc creator/import/gnu/arm/4.9.3/bin/../lib/gcc/arm-none-eabi/4.9.3/../../../../arm-none-eabi/lib/armv7-m\libg_nano.a(lib_a-nano-mallocr.o)
                0x1fff8250                __malloc_free_list
 *(COMMON)
 COMMON         0x1fff8254      0x52e .\CortexM3\ARM_GCC_493\Debug\main.o
                0x1fff8254                flujo_pos2
                0x1fff8255                status1st
                0x1fff8256                comas1
                0x1fff8258                lado2
                0x1fff82b5                id_coma1
                0x1fff82b8                km
                0x1fff82ba                num_decimal2
                0x1fff82bc                Productos
                0x1fff82c0                count_protector2
                0x1fff82c4                hora
                0x1fff82c8                nit
                0x1fff82d7                id_teclado1
                0x1fff82d8                version
                0x1fff82dc                posy1
                0x1fff82de                venta_activa2
                0x1fff82e0                direccion
                0x1fff8304                lema2
                0x1fff8324                status2LP
                0x1fff8325                crc_total
                0x1fff8326                status1LP
                0x1fff8327                id_teclado2
                0x1fff8328                timeout_autorizacion
                0x1fff832a                ok_datosRF
                0x1fff832b                id_coma2
                0x1fff832c                imagen_grado
                0x1fff8330                trama_totales
                0x1fff83f8                idaux
                0x1fff8400                sizeletra1
                0x1fff8402                tipo_venta
                0x1fff8403                flujo_LCD2
                0x1fff8404                sizeletra2
                0x1fff8406                flujo_pos
                0x1fff8407                flujo_pos1
                0x1fff8408                teclas1
                0x1fff8409                comas2
                0x1fff840a                ok_RF
                0x1fff840c                buffer_i2c
                0x1fff844c                nombre_pro2
                0x1fff8460                rf_mod
                0x1fff8528                count_protector
                0x1fff852c                id_estacion
                0x1fff8534                id_venta
                0x1fff853c                id_logo
                0x1fff853e                ppux10
                0x1fff853f                count_teclas1
                0x1fff8540                posy2
                0x1fff8542                state_rf
                0x1fff8544                nombre_pro1
                0x1fff8555                flujo_LCD1
                0x1fff8558                rventa2
                0x1fff85d0                telefono
                0x1fff85e4                print1
                0x1fff85e6                posx2
                0x1fff85e8                nombre_pro3
                0x1fff85fc                password_lcd
                0x1fff8608                fecha
                0x1fff860c                nombre
                0x1fff8630                Buffer_LCD1
                0x1fff864e                status2st
                0x1fff864f                seleccion_pos
                0x1fff8650                teclas2
                0x1fff8654                print2
                0x1fff8656                estado_tanqueando
                0x1fff8657                venta_activa
                0x1fff8658                lado1
                0x1fff86b6                posx1
                0x1fff86b8                count_teclas2
                0x1fff86bc                lema1
                0x1fff86dc                rventa1
                0x1fff8754                bloqueo_LCD
                0x1fff8758                Buffer_LCD2
                0x1fff8778                prox_caso
                0x1fff8780                v_digitos_1
                0x1fff8781                Producto
 COMMON         0x1fff8782        0x1 .\CortexM3\ARM_GCC_493\Debug\Protocolo.o
                0x1fff8782                rx_timeout
 *fill*         0x1fff8783        0x1 
 COMMON         0x1fff8784      0x100 .\CortexM3\ARM_GCC_493\Debug\BBB.a(Surtidor.o)
                0x1fff8784                Surtidor_rxBuffer
 COMMON         0x1fff8884      0x5dc .\CortexM3\ARM_GCC_493\Debug\BBB.a(PC.o)
                0x1fff8884                PC_rxBuffer
 COMMON         0x1fff8e60        0x1 .\CortexM3\ARM_GCC_493\Debug\BBB.a(I2C_1.o)
                0x1fff8e60                I2C_1_state
 *fill*         0x1fff8e61        0x3 
 COMMON         0x1fff8e64       0x11 .\CortexM3\ARM_GCC_493\Debug\BBB.a(I2C_1_MASTER.o)
                0x1fff8e64                I2C_1_mstrWrBufIndex
                0x1fff8e65                I2C_1_mstrControl
                0x1fff8e66                I2C_1_mstrStatus
                0x1fff8e67                I2C_1_mstrWrBufSize
                0x1fff8e68                I2C_1_mstrRdBufIndex
                0x1fff8e6c                I2C_1_mstrWrBufPtr
                0x1fff8e70                I2C_1_mstrRdBufPtr
                0x1fff8e74                I2C_1_mstrRdBufSize
 *fill*         0x1fff8e75        0x3 
 COMMON         0x1fff8e78        0x8 .\CortexM3\ARM_GCC_493\Debug\BBB.a(LCD_1.o)
                0x1fff8e78                LCD_1_rxBuffer
 COMMON         0x1fff8e80       0xc8 .\CortexM3\ARM_GCC_493\Debug\BBB.a(LCD_2.o)
                0x1fff8e80                LCD_2_rxBuffer
 COMMON         0x1fff8f48        0x2 .\CortexM3\ARM_GCC_493\Debug\BBB.a(CyFlash.o)
                0x1fff8f48                dieTemperature
 *fill*         0x1fff8f4a        0x2 
 COMMON         0x1fff8f4c        0x4 c:/program files (x86)/cypress/psoc creator/3.3/psoc creator/import/gnu/arm/4.9.3/bin/../lib/gcc/arm-none-eabi/4.9.3/../../../../arm-none-eabi/lib/armv7-m\libg_nano.a(lib_a-reent.o)
                0x1fff8f4c                errno
                0x1fff8f50                . = ALIGN (0x8)
 *(.ram.b)
                0x1fff8f50                _end = .
                0x1fff8f50                __end = .
                0x1fff8f50                PROVIDE (end, .)
                0x1fff8f50                PROVIDE (__bss_end__, .)
                0x0000d490                __cy_region_init_ram = LOADADDR (.data)
                0x000000f8                __cy_region_init_size_ram = (_edata - ADDR (.data))
                0x00000d50                __cy_region_zero_size_ram = (_end - _edata)

.heap           0x1fff8f50     0x1000 load address 0x0000d588
                0x1fff8f50                . = _end
                0x1fff9f50                . = (. + 0x1000)
 *fill*         0x1fff8f50     0x1000 
                0x1fff9f50                __cy_heap_limit = .

.stack          0x20004000     0x4000
                0x20004000                __cy_stack_limit = .
                0x20008000                . = (. + 0x4000)
 *fill*         0x20004000     0x4000 
                0x00000001                ASSERT ((__cy_stack_limit >= __cy_heap_limit), region RAM overflowed with stack)

.cyloadermeta
 *(.cyloadermeta)

.cyloadablemeta
 *(.cyloadablemeta)

.cyconfigecc    0x80000000      0xcc4
 *(.cyconfigecc)
 .cyconfigecc   0x80000000      0xcc4 .\CortexM3\ARM_GCC_493\Debug\cymetadata.o
                0x80000000                cy_meta_configecc

.cycustnvl      0x90000000        0x4
 *(.cycustnvl)
 .cycustnvl     0x90000000        0x4 .\CortexM3\ARM_GCC_493\Debug\cymetadata.o
                0x90000000                cy_meta_custnvl

.cywolatch      0x90100000        0x4
 *(.cywolatch)
 .cywolatch     0x90100000        0x4 .\CortexM3\ARM_GCC_493\Debug\cymetadata.o
                0x90100000                cy_meta_wonvl

.cyeeprom       0x90200000        0x0
 *(.cyeeprom)
                0x00000001                ASSERT ((. <= ((0x90200000 + ee_offset) + ee_size)), .cyeeprom data will not fit in EEPROM)

.cyflashprotect
                0x90400000      0x100
 *(.cyflashprotect)
 .cyflashprotect
                0x90400000      0x100 .\CortexM3\ARM_GCC_493\Debug\cymetadata.o
                0x90400000                cy_meta_flashprotect

.cymeta         0x90500000        0xc
 *(.cymeta)
 .cymeta        0x90500000        0xc .\CortexM3\ARM_GCC_493\Debug\cymetadata.o
                0x90500000                cy_metadata

.rel.dyn        0x0000d588        0x0 load address 0x9050000c
 .rel.iplt      0x00000000        0x0 c:/program files (x86)/cypress/psoc creator/3.3/psoc creator/import/gnu/arm/4.9.3/bin/../lib/gcc/arm-none-eabi/4.9.3/armv7-m/crtbegin.o

.stab
 *(.stab)

.stabstr
 *(.stabstr)

.debug
 *(.debug)

.line
 *(.line)

.debug_srcinfo
 *(.debug_srcinfo)

.debug_sfnames
 *(.debug_sfnames)

.debug_aranges  0x00000000     0x1208
 *(.debug_aranges)
 .debug_aranges
                0x00000000       0x90 .\CortexM3\ARM_GCC_493\Debug\main.o
 .debug_aranges
                0x00000090       0x68 .\CortexM3\ARM_GCC_493\Debug\Protocolo.o
 .debug_aranges
                0x000000f8       0x28 .\CortexM3\ARM_GCC_493\Debug\Print.o
 .debug_aranges
                0x00000120       0x40 .\CortexM3\ARM_GCC_493\Debug\LCD.o
 .debug_aranges
                0x00000160       0x38 .\CortexM3\ARM_GCC_493\Debug\ibuton.o
 .debug_aranges
                0x00000198       0x40 .\CortexM3\ARM_GCC_493\Debug\I2C.o
 .debug_aranges
                0x000001d8       0x48 .\CortexM3\ARM_GCC_493\Debug\Cm3Start.o
 .debug_aranges
                0x00000220       0x18 .\CortexM3\ARM_GCC_493\Debug\cymetadata.o
 .debug_aranges
                0x00000238       0x60 .\CortexM3\ARM_GCC_493\Debug\BBB.a(cyfitter_cfg.o)
 .debug_aranges
                0x00000298       0x20 .\CortexM3\ARM_GCC_493\Debug\BBB.a(CyBootAsmGnu.o)
 .debug_aranges
                0x000002b8      0x298 .\CortexM3\ARM_GCC_493\Debug\BBB.a(CyLib.o)
 .debug_aranges
                0x00000550       0x98 .\CortexM3\ARM_GCC_493\Debug\BBB.a(cyPm.o)
 .debug_aranges
                0x000005e8       0xf0 .\CortexM3\ARM_GCC_493\Debug\BBB.a(Surtidor.o)
 .debug_aranges
                0x000006d8       0x20 .\CortexM3\ARM_GCC_493\Debug\BBB.a(Surtidor_INT.o)
 .debug_aranges
                0x000006f8       0xf0 .\CortexM3\ARM_GCC_493\Debug\BBB.a(PC.o)
 .debug_aranges
                0x000007e8       0x20 .\CortexM3\ARM_GCC_493\Debug\BBB.a(PC_INT.o)
 .debug_aranges
                0x00000808       0x38 .\CortexM3\ARM_GCC_493\Debug\BBB.a(I2C_1.o)
 .debug_aranges
                0x00000840       0x20 .\CortexM3\ARM_GCC_493\Debug\BBB.a(I2C_1_INT.o)
 .debug_aranges
                0x00000860       0x38 .\CortexM3\ARM_GCC_493\Debug\BBB.a(I2C_1_PM.o)
 .debug_aranges
                0x00000898       0x80 .\CortexM3\ARM_GCC_493\Debug\BBB.a(I2C_1_MASTER.o)
 .debug_aranges
                0x00000918       0x80 .\CortexM3\ARM_GCC_493\Debug\BBB.a(isr_1.o)
 .debug_aranges
                0x00000998       0x70 .\CortexM3\ARM_GCC_493\Debug\BBB.a(PC_IntClock.o)
 .debug_aranges
                0x00000a08       0xf0 .\CortexM3\ARM_GCC_493\Debug\BBB.a(LCD_1.o)
 .debug_aranges
                0x00000af8       0x20 .\CortexM3\ARM_GCC_493\Debug\BBB.a(LCD_1_INT.o)
 .debug_aranges
                0x00000b18       0xf0 .\CortexM3\ARM_GCC_493\Debug\BBB.a(LCD_2.o)
 .debug_aranges
                0x00000c08       0x20 .\CortexM3\ARM_GCC_493\Debug\BBB.a(LCD_2_INT.o)
 .debug_aranges
                0x00000c28       0x70 .\CortexM3\ARM_GCC_493\Debug\BBB.a(LCD_1_IntClock.o)
 .debug_aranges
                0x00000c98       0x70 .\CortexM3\ARM_GCC_493\Debug\BBB.a(LCD_2_IntClock.o)
 .debug_aranges
                0x00000d08       0x38 .\CortexM3\ARM_GCC_493\Debug\BBB.a(IB1.o)
 .debug_aranges
                0x00000d40       0x38 .\CortexM3\ARM_GCC_493\Debug\BBB.a(IB2.o)
 .debug_aranges
                0x00000d78       0x80 .\CortexM3\ARM_GCC_493\Debug\BBB.a(isr_3.o)
 .debug_aranges
                0x00000df8       0x88 .\CortexM3\ARM_GCC_493\Debug\BBB.a(Timer_Animacion.o)
 .debug_aranges
                0x00000e80       0x88 .\CortexM3\ARM_GCC_493\Debug\BBB.a(Timer_Animacion2.o)
 .debug_aranges
                0x00000f08       0x80 .\CortexM3\ARM_GCC_493\Debug\BBB.a(isr_4.o)
 .debug_aranges
                0x00000f88       0x88 .\CortexM3\ARM_GCC_493\Debug\BBB.a(Timer_Modo.o)
 .debug_aranges
                0x00001010       0x88 .\CortexM3\ARM_GCC_493\Debug\BBB.a(Timer_RxSurtidor.o)
 .debug_aranges
                0x00001098       0x78 .\CortexM3\ARM_GCC_493\Debug\BBB.a(EEPROM.o)
 .debug_aranges
                0x00001110       0x80 .\CortexM3\ARM_GCC_493\Debug\BBB.a(CyFlash.o)
 .debug_aranges
                0x00001190       0x78 .\CortexM3\ARM_GCC_493\Debug\BBB.a(CySpc.o)

.debug_pubnames
 *(.debug_pubnames)

.debug_info     0x00000000     0xa726
 *(.debug_info .gnu.linkonce.wi.*)
 .debug_info    0x00000000      0xd2b .\CortexM3\ARM_GCC_493\Debug\main.o
 .debug_info    0x00000d2b      0xb8b .\CortexM3\ARM_GCC_493\Debug\Protocolo.o
 .debug_info    0x000018b6      0xc44 .\CortexM3\ARM_GCC_493\Debug\Print.o
 .debug_info    0x000024fa      0x9ba .\CortexM3\ARM_GCC_493\Debug\LCD.o
 .debug_info    0x00002eb4      0x8f7 .\CortexM3\ARM_GCC_493\Debug\ibuton.o
 .debug_info    0x000037ab      0x945 .\CortexM3\ARM_GCC_493\Debug\I2C.o
 .debug_info    0x000040f0      0x317 .\CortexM3\ARM_GCC_493\Debug\Cm3Start.o
 .debug_info    0x00004407      0x13e .\CortexM3\ARM_GCC_493\Debug\cymetadata.o
 .debug_info    0x00004545      0x448 .\CortexM3\ARM_GCC_493\Debug\BBB.a(cyfitter_cfg.o)
 .debug_info    0x0000498d       0x87 .\CortexM3\ARM_GCC_493\Debug\BBB.a(CyBootAsmGnu.o)
 .debug_info    0x00004a14      0xe31 .\CortexM3\ARM_GCC_493\Debug\BBB.a(CyLib.o)
 .debug_info    0x00005845      0x55f .\CortexM3\ARM_GCC_493\Debug\BBB.a(cyPm.o)
 .debug_info    0x00005da4      0x5ec .\CortexM3\ARM_GCC_493\Debug\BBB.a(Surtidor.o)
 .debug_info    0x00006390      0x151 .\CortexM3\ARM_GCC_493\Debug\BBB.a(Surtidor_INT.o)
 .debug_info    0x000064e1      0x5ed .\CortexM3\ARM_GCC_493\Debug\BBB.a(PC.o)
 .debug_info    0x00006ace      0x152 .\CortexM3\ARM_GCC_493\Debug\BBB.a(PC_INT.o)
 .debug_info    0x00006c20      0x1f7 .\CortexM3\ARM_GCC_493\Debug\BBB.a(I2C_1.o)
 .debug_info    0x00006e17      0x14d .\CortexM3\ARM_GCC_493\Debug\BBB.a(I2C_1_INT.o)
 .debug_info    0x00006f64      0x190 .\CortexM3\ARM_GCC_493\Debug\BBB.a(I2C_1_PM.o)
 .debug_info    0x000070f4      0x3ef .\CortexM3\ARM_GCC_493\Debug\BBB.a(I2C_1_MASTER.o)
 .debug_info    0x000074e3      0x238 .\CortexM3\ARM_GCC_493\Debug\BBB.a(isr_1.o)
 .debug_info    0x0000771b      0x25b .\CortexM3\ARM_GCC_493\Debug\BBB.a(PC_IntClock.o)
 .debug_info    0x00007976      0x5e7 .\CortexM3\ARM_GCC_493\Debug\BBB.a(LCD_1.o)
 .debug_info    0x00007f5d      0x141 .\CortexM3\ARM_GCC_493\Debug\BBB.a(LCD_1_INT.o)
 .debug_info    0x0000809e      0x5e7 .\CortexM3\ARM_GCC_493\Debug\BBB.a(LCD_2.o)
 .debug_info    0x00008685      0x141 .\CortexM3\ARM_GCC_493\Debug\BBB.a(LCD_2_INT.o)
 .debug_info    0x000087c6      0x25b .\CortexM3\ARM_GCC_493\Debug\BBB.a(LCD_1_IntClock.o)
 .debug_info    0x00008a21      0x25b .\CortexM3\ARM_GCC_493\Debug\BBB.a(LCD_2_IntClock.o)
 .debug_info    0x00008c7c      0x11d .\CortexM3\ARM_GCC_493\Debug\BBB.a(IB1.o)
 .debug_info    0x00008d99      0x11d .\CortexM3\ARM_GCC_493\Debug\BBB.a(IB2.o)
 .debug_info    0x00008eb6      0x238 .\CortexM3\ARM_GCC_493\Debug\BBB.a(isr_3.o)
 .debug_info    0x000090ee      0x23c .\CortexM3\ARM_GCC_493\Debug\BBB.a(Timer_Animacion.o)
 .debug_info    0x0000932a      0x23c .\CortexM3\ARM_GCC_493\Debug\BBB.a(Timer_Animacion2.o)
 .debug_info    0x00009566      0x238 .\CortexM3\ARM_GCC_493\Debug\BBB.a(isr_4.o)
 .debug_info    0x0000979e      0x23c .\CortexM3\ARM_GCC_493\Debug\BBB.a(Timer_Modo.o)
 .debug_info    0x000099da      0x23c .\CortexM3\ARM_GCC_493\Debug\BBB.a(Timer_RxSurtidor.o)
 .debug_info    0x00009c16      0x350 .\CortexM3\ARM_GCC_493\Debug\BBB.a(EEPROM.o)
 .debug_info    0x00009f66      0x36a .\CortexM3\ARM_GCC_493\Debug\BBB.a(CyFlash.o)
 .debug_info    0x0000a2d0      0x456 .\CortexM3\ARM_GCC_493\Debug\BBB.a(CySpc.o)

.debug_abbrev   0x00000000     0x2c0a
 *(.debug_abbrev)
 .debug_abbrev  0x00000000      0x1ce .\CortexM3\ARM_GCC_493\Debug\main.o
 .debug_abbrev  0x000001ce      0x1a6 .\CortexM3\ARM_GCC_493\Debug\Protocolo.o
 .debug_abbrev  0x00000374      0x166 .\CortexM3\ARM_GCC_493\Debug\Print.o
 .debug_abbrev  0x000004da      0x106 .\CortexM3\ARM_GCC_493\Debug\LCD.o
 .debug_abbrev  0x000005e0      0x124 .\CortexM3\ARM_GCC_493\Debug\ibuton.o
 .debug_abbrev  0x00000704      0x113 .\CortexM3\ARM_GCC_493\Debug\I2C.o
 .debug_abbrev  0x00000817      0x1b6 .\CortexM3\ARM_GCC_493\Debug\Cm3Start.o
 .debug_abbrev  0x000009cd       0x77 .\CortexM3\ARM_GCC_493\Debug\cymetadata.o
 .debug_abbrev  0x00000a44      0x1b7 .\CortexM3\ARM_GCC_493\Debug\BBB.a(cyfitter_cfg.o)
 .debug_abbrev  0x00000bfb       0x14 .\CortexM3\ARM_GCC_493\Debug\BBB.a(CyBootAsmGnu.o)
 .debug_abbrev  0x00000c0f      0x217 .\CortexM3\ARM_GCC_493\Debug\BBB.a(CyLib.o)
 .debug_abbrev  0x00000e26      0x16e .\CortexM3\ARM_GCC_493\Debug\BBB.a(cyPm.o)
 .debug_abbrev  0x00000f94      0x16c .\CortexM3\ARM_GCC_493\Debug\BBB.a(Surtidor.o)
 .debug_abbrev  0x00001100       0x97 .\CortexM3\ARM_GCC_493\Debug\BBB.a(Surtidor_INT.o)
 .debug_abbrev  0x00001197      0x16c .\CortexM3\ARM_GCC_493\Debug\BBB.a(PC.o)
 .debug_abbrev  0x00001303       0x97 .\CortexM3\ARM_GCC_493\Debug\BBB.a(PC_INT.o)
 .debug_abbrev  0x0000139a       0xe2 .\CortexM3\ARM_GCC_493\Debug\BBB.a(I2C_1.o)
 .debug_abbrev  0x0000147c       0x8e .\CortexM3\ARM_GCC_493\Debug\BBB.a(I2C_1_INT.o)
 .debug_abbrev  0x0000150a       0xf8 .\CortexM3\ARM_GCC_493\Debug\BBB.a(I2C_1_PM.o)
 .debug_abbrev  0x00001602      0x12b .\CortexM3\ARM_GCC_493\Debug\BBB.a(I2C_1_MASTER.o)
 .debug_abbrev  0x0000172d      0x17f .\CortexM3\ARM_GCC_493\Debug\BBB.a(isr_1.o)
 .debug_abbrev  0x000018ac      0x12a .\CortexM3\ARM_GCC_493\Debug\BBB.a(PC_IntClock.o)
 .debug_abbrev  0x000019d6      0x16c .\CortexM3\ARM_GCC_493\Debug\BBB.a(LCD_1.o)
 .debug_abbrev  0x00001b42       0x97 .\CortexM3\ARM_GCC_493\Debug\BBB.a(LCD_1_INT.o)
 .debug_abbrev  0x00001bd9      0x16c .\CortexM3\ARM_GCC_493\Debug\BBB.a(LCD_2.o)
 .debug_abbrev  0x00001d45       0x97 .\CortexM3\ARM_GCC_493\Debug\BBB.a(LCD_2_INT.o)
 .debug_abbrev  0x00001ddc      0x12a .\CortexM3\ARM_GCC_493\Debug\BBB.a(LCD_1_IntClock.o)
 .debug_abbrev  0x00001f06      0x12a .\CortexM3\ARM_GCC_493\Debug\BBB.a(LCD_2_IntClock.o)
 .debug_abbrev  0x00002030       0x9d .\CortexM3\ARM_GCC_493\Debug\BBB.a(IB1.o)
 .debug_abbrev  0x000020cd       0x9d .\CortexM3\ARM_GCC_493\Debug\BBB.a(IB2.o)
 .debug_abbrev  0x0000216a      0x17f .\CortexM3\ARM_GCC_493\Debug\BBB.a(isr_3.o)
 .debug_abbrev  0x000022e9       0xf6 .\CortexM3\ARM_GCC_493\Debug\BBB.a(Timer_Animacion.o)
 .debug_abbrev  0x000023df       0xf6 .\CortexM3\ARM_GCC_493\Debug\BBB.a(Timer_Animacion2.o)
 .debug_abbrev  0x000024d5      0x17f .\CortexM3\ARM_GCC_493\Debug\BBB.a(isr_4.o)
 .debug_abbrev  0x00002654       0xf6 .\CortexM3\ARM_GCC_493\Debug\BBB.a(Timer_Modo.o)
 .debug_abbrev  0x0000274a       0xf6 .\CortexM3\ARM_GCC_493\Debug\BBB.a(Timer_RxSurtidor.o)
 .debug_abbrev  0x00002840      0x124 .\CortexM3\ARM_GCC_493\Debug\BBB.a(EEPROM.o)
 .debug_abbrev  0x00002964      0x12d .\CortexM3\ARM_GCC_493\Debug\BBB.a(CyFlash.o)
 .debug_abbrev  0x00002a91      0x179 .\CortexM3\ARM_GCC_493\Debug\BBB.a(CySpc.o)

.debug_line     0x00000000     0x6534
 *(.debug_line)
 .debug_line    0x00000000     0x1366 .\CortexM3\ARM_GCC_493\Debug\main.o
 .debug_line    0x00001366      0xb06 .\CortexM3\ARM_GCC_493\Debug\Protocolo.o
 .debug_line    0x00001e6c      0x55a .\CortexM3\ARM_GCC_493\Debug\Print.o
 .debug_line    0x000023c6      0x25e .\CortexM3\ARM_GCC_493\Debug\LCD.o
 .debug_line    0x00002624      0x290 .\CortexM3\ARM_GCC_493\Debug\ibuton.o
 .debug_line    0x000028b4      0x255 .\CortexM3\ARM_GCC_493\Debug\I2C.o
 .debug_line    0x00002b09      0x1d4 .\CortexM3\ARM_GCC_493\Debug\Cm3Start.o
 .debug_line    0x00002cdd       0x53 .\CortexM3\ARM_GCC_493\Debug\cymetadata.o
 .debug_line    0x00002d30      0x222 .\CortexM3\ARM_GCC_493\Debug\BBB.a(cyfitter_cfg.o)
 .debug_line    0x00002f52       0x68 .\CortexM3\ARM_GCC_493\Debug\BBB.a(CyBootAsmGnu.o)
 .debug_line    0x00002fba      0x872 .\CortexM3\ARM_GCC_493\Debug\BBB.a(CyLib.o)
 .debug_line    0x0000382c      0x381 .\CortexM3\ARM_GCC_493\Debug\BBB.a(cyPm.o)
 .debug_line    0x00003bad      0x30e .\CortexM3\ARM_GCC_493\Debug\BBB.a(Surtidor.o)
 .debug_line    0x00003ebb       0x90 .\CortexM3\ARM_GCC_493\Debug\BBB.a(Surtidor_INT.o)
 .debug_line    0x00003f4b      0x30a .\CortexM3\ARM_GCC_493\Debug\BBB.a(PC.o)
 .debug_line    0x00004255       0x84 .\CortexM3\ARM_GCC_493\Debug\BBB.a(PC_INT.o)
 .debug_line    0x000042d9       0xdd .\CortexM3\ARM_GCC_493\Debug\BBB.a(I2C_1.o)
 .debug_line    0x000043b6      0x118 .\CortexM3\ARM_GCC_493\Debug\BBB.a(I2C_1_INT.o)
 .debug_line    0x000044ce       0xbe .\CortexM3\ARM_GCC_493\Debug\BBB.a(I2C_1_PM.o)
 .debug_line    0x0000458c      0x1ed .\CortexM3\ARM_GCC_493\Debug\BBB.a(I2C_1_MASTER.o)
 .debug_line    0x00004779      0x169 .\CortexM3\ARM_GCC_493\Debug\BBB.a(isr_1.o)
 .debug_line    0x000048e2      0x1bf .\CortexM3\ARM_GCC_493\Debug\BBB.a(PC_IntClock.o)
 .debug_line    0x00004aa1      0x30d .\CortexM3\ARM_GCC_493\Debug\BBB.a(LCD_1.o)
 .debug_line    0x00004dae       0x8a .\CortexM3\ARM_GCC_493\Debug\BBB.a(LCD_1_INT.o)
 .debug_line    0x00004e38      0x30d .\CortexM3\ARM_GCC_493\Debug\BBB.a(LCD_2.o)
 .debug_line    0x00005145       0x8a .\CortexM3\ARM_GCC_493\Debug\BBB.a(LCD_2_INT.o)
 .debug_line    0x000051cf      0x1c2 .\CortexM3\ARM_GCC_493\Debug\BBB.a(LCD_1_IntClock.o)
 .debug_line    0x00005391      0x1c2 .\CortexM3\ARM_GCC_493\Debug\BBB.a(LCD_2_IntClock.o)
 .debug_line    0x00005553       0x94 .\CortexM3\ARM_GCC_493\Debug\BBB.a(IB1.o)
 .debug_line    0x000055e7       0x94 .\CortexM3\ARM_GCC_493\Debug\BBB.a(IB2.o)
 .debug_line    0x0000567b      0x169 .\CortexM3\ARM_GCC_493\Debug\BBB.a(isr_3.o)
 .debug_line    0x000057e4      0x169 .\CortexM3\ARM_GCC_493\Debug\BBB.a(Timer_Animacion.o)
 .debug_line    0x0000594d      0x16a .\CortexM3\ARM_GCC_493\Debug\BBB.a(Timer_Animacion2.o)
 .debug_line    0x00005ab7      0x169 .\CortexM3\ARM_GCC_493\Debug\BBB.a(isr_4.o)
 .debug_line    0x00005c20      0x164 .\CortexM3\ARM_GCC_493\Debug\BBB.a(Timer_Modo.o)
 .debug_line    0x00005d84      0x16a .\CortexM3\ARM_GCC_493\Debug\BBB.a(Timer_RxSurtidor.o)
 .debug_line    0x00005eee      0x228 .\CortexM3\ARM_GCC_493\Debug\BBB.a(EEPROM.o)
 .debug_line    0x00006116      0x207 .\CortexM3\ARM_GCC_493\Debug\BBB.a(CyFlash.o)
 .debug_line    0x0000631d      0x217 .\CortexM3\ARM_GCC_493\Debug\BBB.a(CySpc.o)

.debug_frame    0x00000000     0x4cf0
 *(.debug_frame)
 .debug_frame   0x00000000      0x238 .\CortexM3\ARM_GCC_493\Debug\main.o
 .debug_frame   0x00000238      0x198 .\CortexM3\ARM_GCC_493\Debug\Protocolo.o
 .debug_frame   0x000003d0       0x64 .\CortexM3\ARM_GCC_493\Debug\Print.o
 .debug_frame   0x00000434       0xe4 .\CortexM3\ARM_GCC_493\Debug\LCD.o
 .debug_frame   0x00000518       0xb0 .\CortexM3\ARM_GCC_493\Debug\ibuton.o
 .debug_frame   0x000005c8       0xe0 .\CortexM3\ARM_GCC_493\Debug\I2C.o
 .debug_frame   0x000006a8       0xd8 .\CortexM3\ARM_GCC_493\Debug\Cm3Start.o
 .debug_frame   0x00000780      0x16c .\CortexM3\ARM_GCC_493\Debug\BBB.a(cyfitter_cfg.o)
 .debug_frame   0x000008ec      0xbe8 .\CortexM3\ARM_GCC_493\Debug\BBB.a(CyLib.o)
 .debug_frame   0x000014d4      0x234 .\CortexM3\ARM_GCC_493\Debug\BBB.a(cyPm.o)
 .debug_frame   0x00001708      0x428 .\CortexM3\ARM_GCC_493\Debug\BBB.a(Surtidor.o)
 .debug_frame   0x00001b30       0x38 .\CortexM3\ARM_GCC_493\Debug\BBB.a(Surtidor_INT.o)
 .debug_frame   0x00001b68      0x428 .\CortexM3\ARM_GCC_493\Debug\BBB.a(PC.o)
 .debug_frame   0x00001f90       0x38 .\CortexM3\ARM_GCC_493\Debug\BBB.a(PC_INT.o)
 .debug_frame   0x00001fc8       0x98 .\CortexM3\ARM_GCC_493\Debug\BBB.a(I2C_1.o)
 .debug_frame   0x00002060       0x38 .\CortexM3\ARM_GCC_493\Debug\BBB.a(I2C_1_INT.o)
 .debug_frame   0x00002098       0x94 .\CortexM3\ARM_GCC_493\Debug\BBB.a(I2C_1_PM.o)
 .debug_frame   0x0000212c      0x208 .\CortexM3\ARM_GCC_493\Debug\BBB.a(I2C_1_MASTER.o)
 .debug_frame   0x00002334      0x1e8 .\CortexM3\ARM_GCC_493\Debug\BBB.a(isr_1.o)
 .debug_frame   0x0000251c      0x1b4 .\CortexM3\ARM_GCC_493\Debug\BBB.a(PC_IntClock.o)
 .debug_frame   0x000026d0      0x428 .\CortexM3\ARM_GCC_493\Debug\BBB.a(LCD_1.o)
 .debug_frame   0x00002af8       0x38 .\CortexM3\ARM_GCC_493\Debug\BBB.a(LCD_1_INT.o)
 .debug_frame   0x00002b30      0x428 .\CortexM3\ARM_GCC_493\Debug\BBB.a(LCD_2.o)
 .debug_frame   0x00002f58       0x38 .\CortexM3\ARM_GCC_493\Debug\BBB.a(LCD_2_INT.o)
 .debug_frame   0x00002f90      0x1b4 .\CortexM3\ARM_GCC_493\Debug\BBB.a(LCD_1_IntClock.o)
 .debug_frame   0x00003144      0x1b4 .\CortexM3\ARM_GCC_493\Debug\BBB.a(LCD_2_IntClock.o)
 .debug_frame   0x000032f8       0xa8 .\CortexM3\ARM_GCC_493\Debug\BBB.a(IB1.o)
 .debug_frame   0x000033a0       0xa8 .\CortexM3\ARM_GCC_493\Debug\BBB.a(IB2.o)
 .debug_frame   0x00003448      0x1e8 .\CortexM3\ARM_GCC_493\Debug\BBB.a(isr_3.o)
 .debug_frame   0x00003630      0x208 .\CortexM3\ARM_GCC_493\Debug\BBB.a(Timer_Animacion.o)
 .debug_frame   0x00003838      0x208 .\CortexM3\ARM_GCC_493\Debug\BBB.a(Timer_Animacion2.o)
 .debug_frame   0x00003a40      0x1e8 .\CortexM3\ARM_GCC_493\Debug\BBB.a(isr_4.o)
 .debug_frame   0x00003c28      0x208 .\CortexM3\ARM_GCC_493\Debug\BBB.a(Timer_Modo.o)
 .debug_frame   0x00003e30      0x208 .\CortexM3\ARM_GCC_493\Debug\BBB.a(Timer_RxSurtidor.o)
 .debug_frame   0x00004038      0x1c0 .\CortexM3\ARM_GCC_493\Debug\BBB.a(EEPROM.o)
 .debug_frame   0x000041f8      0x210 .\CortexM3\ARM_GCC_493\Debug\BBB.a(CyFlash.o)
 .debug_frame   0x00004408      0x1f8 .\CortexM3\ARM_GCC_493\Debug\BBB.a(CySpc.o)
 .debug_frame   0x00004600       0x20 c:/program files (x86)/cypress/psoc creator/3.3/psoc creator/import/gnu/arm/4.9.3/bin/../lib/gcc/arm-none-eabi/4.9.3/../../../../arm-none-eabi/lib/armv7-m\libg_nano.a(lib_a-atof.o)
 .debug_frame   0x00004620       0x20 c:/program files (x86)/cypress/psoc creator/3.3/psoc creator/import/gnu/arm/4.9.3/bin/../lib/gcc/arm-none-eabi/4.9.3/../../../../arm-none-eabi/lib/armv7-m\libg_nano.a(lib_a-errno.o)
 .debug_frame   0x00004640       0x28 c:/program files (x86)/cypress/psoc creator/3.3/psoc creator/import/gnu/arm/4.9.3/bin/../lib/gcc/arm-none-eabi/4.9.3/../../../../arm-none-eabi/lib/armv7-m\libg_nano.a(lib_a-exit.o)
 .debug_frame   0x00004668       0x2c c:/program files (x86)/cypress/psoc creator/3.3/psoc creator/import/gnu/arm/4.9.3/bin/../lib/gcc/arm-none-eabi/4.9.3/../../../../arm-none-eabi/lib/armv7-m\libg_nano.a(lib_a-init.o)
 .debug_frame   0x00004694       0x28 c:/program files (x86)/cypress/psoc creator/3.3/psoc creator/import/gnu/arm/4.9.3/bin/../lib/gcc/arm-none-eabi/4.9.3/../../../../arm-none-eabi/lib/armv7-m\libg_nano.a(lib_a-memcpy.o)
 .debug_frame   0x000046bc       0x20 c:/program files (x86)/cypress/psoc creator/3.3/psoc creator/import/gnu/arm/4.9.3/bin/../lib/gcc/arm-none-eabi/4.9.3/../../../../arm-none-eabi/lib/armv7-m\libg_nano.a(lib_a-memset.o)
 .debug_frame   0x000046dc       0xb4 c:/program files (x86)/cypress/psoc creator/3.3/psoc creator/import/gnu/arm/4.9.3/bin/../lib/gcc/arm-none-eabi/4.9.3/../../../../arm-none-eabi/lib/armv7-m\libg_nano.a(lib_a-strtod.o)
 .debug_frame   0x00004790       0x70 c:/program files (x86)/cypress/psoc creator/3.3/psoc creator/import/gnu/arm/4.9.3/bin/../lib/gcc/arm-none-eabi/4.9.3/../../../../arm-none-eabi/lib/armv7-m\libg_nano.a(lib_a-gdtoa-gethex.o)
 .debug_frame   0x00004800       0x58 c:/program files (x86)/cypress/psoc creator/3.3/psoc creator/import/gnu/arm/4.9.3/bin/../lib/gcc/arm-none-eabi/4.9.3/../../../../arm-none-eabi/lib/armv7-m\libg_nano.a(lib_a-gdtoa-hexnan.o)
 .debug_frame   0x00004858       0x98 c:/program files (x86)/cypress/psoc creator/3.3/psoc creator/import/gnu/arm/4.9.3/bin/../lib/gcc/arm-none-eabi/4.9.3/../../../../arm-none-eabi/lib/armv7-m\libg_nano.a(lib_a-locale.o)
 .debug_frame   0x000048f0      0x230 c:/program files (x86)/cypress/psoc creator/3.3/psoc creator/import/gnu/arm/4.9.3/bin/../lib/gcc/arm-none-eabi/4.9.3/../../../../arm-none-eabi/lib/armv7-m\libg_nano.a(lib_a-mprec.o)
 .debug_frame   0x00004b20       0x2c c:/program files (x86)/cypress/psoc creator/3.3/psoc creator/import/gnu/arm/4.9.3/bin/../lib/gcc/arm-none-eabi/4.9.3/../../../../arm-none-eabi/lib/armv7-m\libg_nano.a(lib_a-nano-callocr.o)
 .debug_frame   0x00004b4c       0x2c c:/program files (x86)/cypress/psoc creator/3.3/psoc creator/import/gnu/arm/4.9.3/bin/../lib/gcc/arm-none-eabi/4.9.3/../../../../arm-none-eabi/lib/armv7-m\libg_nano.a(lib_a-nano-mallocr.o)
 .debug_frame   0x00004b78       0x28 c:/program files (x86)/cypress/psoc creator/3.3/psoc creator/import/gnu/arm/4.9.3/bin/../lib/gcc/arm-none-eabi/4.9.3/../../../../arm-none-eabi/lib/armv7-m\libg_nano.a(lib_a-s_fpclassify.o)
 .debug_frame   0x00004ba0       0x2c c:/program files (x86)/cypress/psoc creator/3.3/psoc creator/import/gnu/arm/4.9.3/bin/../lib/gcc/arm-none-eabi/4.9.3/../../../../arm-none-eabi/lib/armv7-m\libg_nano.a(lib_a-sbrkr.o)
 .debug_frame   0x00004bcc       0x20 c:/program files (x86)/cypress/psoc creator/3.3/psoc creator/import/gnu/arm/4.9.3/bin/../lib/gcc/arm-none-eabi/4.9.3/../../../../arm-none-eabi/lib/armv7-m\libg_nano.a(lib_a-sf_nan.o)
 .debug_frame   0x00004bec       0x20 c:/program files (x86)/cypress/psoc creator/3.3/psoc creator/import/gnu/arm/4.9.3/bin/../lib/gcc/arm-none-eabi/4.9.3/../../../../arm-none-eabi/lib/armv7-m\libg_nano.a(lib_a-strlen.o)
 .debug_frame   0x00004c0c       0x2c c:/program files (x86)/cypress/psoc creator/3.3/psoc creator/import/gnu/arm/4.9.3/bin/../lib/gcc/arm-none-eabi/4.9.3/../../../../arm-none-eabi/lib/armv7-m\libg_nano.a(lib_a-strncmp.o)
 .debug_frame   0x00004c38       0x30 c:/program files (x86)/cypress/psoc creator/3.3/psoc creator/import/gnu/arm/4.9.3/bin/../lib/gcc/arm-none-eabi/4.9.3/../../../../arm-none-eabi/lib/armv7-m\libg_nano.a(lib_a-malloc.o)
 .debug_frame   0x00004c68       0x2c c:/program files (x86)/cypress/psoc creator/3.3/psoc creator/import/gnu/arm/4.9.3/bin/../lib/gcc/arm-none-eabi/4.9.3/../../../../arm-none-eabi/lib/armv7-m\libg_nano.a(lib_a-nano-freer.o)
 .debug_frame   0x00004c94       0x5c c:/program files (x86)/cypress/psoc creator/3.3/psoc creator/import/gnu/arm/4.9.3/bin/../lib/gcc/arm-none-eabi/4.9.3/../../../../arm-none-eabi/lib/armv7-m\libg_nano.a(lib_a-reent.o)

.debug_str      0x00000000     0x3900
 *(.debug_str)
 .debug_str     0x00000000      0x5e7 .\CortexM3\ARM_GCC_493\Debug\main.o
                                0x6b0 (size before relaxing)
 .debug_str     0x000005e7       0xed .\CortexM3\ARM_GCC_493\Debug\Protocolo.o
                                0x58c (size before relaxing)
 .debug_str     0x000006d4      0x187 .\CortexM3\ARM_GCC_493\Debug\Print.o
                                0x60c (size before relaxing)
 .debug_str     0x0000085b       0x6c .\CortexM3\ARM_GCC_493\Debug\LCD.o
                                0x509 (size before relaxing)
 .debug_str     0x000008c7       0x47 .\CortexM3\ARM_GCC_493\Debug\ibuton.o
                                0x4d4 (size before relaxing)
 .debug_str     0x0000090e       0x40 .\CortexM3\ARM_GCC_493\Debug\I2C.o
                                0x4d9 (size before relaxing)
 .debug_str     0x0000094e      0x139 .\CortexM3\ARM_GCC_493\Debug\Cm3Start.o
                                0x2c2 (size before relaxing)
 .debug_str     0x00000a87       0x77 .\CortexM3\ARM_GCC_493\Debug\cymetadata.o
                                0x1e1 (size before relaxing)
 .debug_str     0x00000afe      0x184 .\CortexM3\ARM_GCC_493\Debug\BBB.a(cyfitter_cfg.o)
                                0x323 (size before relaxing)
 .debug_str     0x00000c82      0x7ea .\CortexM3\ARM_GCC_493\Debug\BBB.a(CyLib.o)
                                0x9bd (size before relaxing)
 .debug_str     0x0000146c      0x367 .\CortexM3\ARM_GCC_493\Debug\BBB.a(cyPm.o)
                                0x522 (size before relaxing)
 .debug_str     0x000017d3      0x317 .\CortexM3\ARM_GCC_493\Debug\BBB.a(Surtidor.o)
                                0x547 (size before relaxing)
 .debug_str     0x00001aea       0x5d .\CortexM3\ARM_GCC_493\Debug\BBB.a(Surtidor_INT.o)
                                0x25d (size before relaxing)
 .debug_str     0x00001b47      0x222 .\CortexM3\ARM_GCC_493\Debug\BBB.a(PC.o)
                                0x475 (size before relaxing)
 .debug_str     0x00001d69       0x2b .\CortexM3\ARM_GCC_493\Debug\BBB.a(PC_INT.o)
                                0x22d (size before relaxing)
 .debug_str     0x00001d94       0xfd .\CortexM3\ARM_GCC_493\Debug\BBB.a(I2C_1.o)
                                0x289 (size before relaxing)
 .debug_str     0x00001e91       0x96 .\CortexM3\ARM_GCC_493\Debug\BBB.a(I2C_1_INT.o)
                                0x259 (size before relaxing)
 .debug_str     0x00001f27       0x62 .\CortexM3\ARM_GCC_493\Debug\BBB.a(I2C_1_PM.o)
                                0x235 (size before relaxing)
 .debug_str     0x00001f89      0x18e .\CortexM3\ARM_GCC_493\Debug\BBB.a(I2C_1_MASTER.o)
                                0x3bd (size before relaxing)
 .debug_str     0x00002117       0xe8 .\CortexM3\ARM_GCC_493\Debug\BBB.a(isr_1.o)
                                0x291 (size before relaxing)
 .debug_str     0x000021ff      0x194 .\CortexM3\ARM_GCC_493\Debug\BBB.a(PC_IntClock.o)
                                0x315 (size before relaxing)
 .debug_str     0x00002393      0x288 .\CortexM3\ARM_GCC_493\Debug\BBB.a(LCD_1.o)
                                0x4de (size before relaxing)
 .debug_str     0x0000261b       0x31 .\CortexM3\ARM_GCC_493\Debug\BBB.a(LCD_1_INT.o)
                                0x23e (size before relaxing)
 .debug_str     0x0000264c      0x297 .\CortexM3\ARM_GCC_493\Debug\BBB.a(LCD_2.o)
                                0x4de (size before relaxing)
 .debug_str     0x000028e3       0x31 .\CortexM3\ARM_GCC_493\Debug\BBB.a(LCD_2_INT.o)
                                0x23e (size before relaxing)
 .debug_str     0x00002914      0x16d .\CortexM3\ARM_GCC_493\Debug\BBB.a(LCD_1_IntClock.o)
                                0x339 (size before relaxing)
 .debug_str     0x00002a81      0x16d .\CortexM3\ARM_GCC_493\Debug\BBB.a(LCD_2_IntClock.o)
                                0x339 (size before relaxing)
 .debug_str     0x00002bee       0x5e .\CortexM3\ARM_GCC_493\Debug\BBB.a(IB1.o)
                                0x1cf (size before relaxing)
 .debug_str     0x00002c4c       0x53 .\CortexM3\ARM_GCC_493\Debug\BBB.a(IB2.o)
                                0x1cf (size before relaxing)
 .debug_str     0x00002c9f       0xe8 .\CortexM3\ARM_GCC_493\Debug\BBB.a(isr_3.o)
                                0x291 (size before relaxing)
 .debug_str     0x00002d87      0x1fc .\CortexM3\ARM_GCC_493\Debug\BBB.a(Timer_Animacion.o)
                                0x380 (size before relaxing)
 .debug_str     0x00002f83      0x1e3 .\CortexM3\ARM_GCC_493\Debug\BBB.a(Timer_Animacion2.o)
                                0x390 (size before relaxing)
 .debug_str     0x00003166       0xe8 .\CortexM3\ARM_GCC_493\Debug\BBB.a(isr_4.o)
                                0x291 (size before relaxing)
 .debug_str     0x0000324e      0x183 .\CortexM3\ARM_GCC_493\Debug\BBB.a(Timer_Modo.o)
                                0x330 (size before relaxing)
 .debug_str     0x000033d1      0x1e3 .\CortexM3\ARM_GCC_493\Debug\BBB.a(Timer_RxSurtidor.o)
                                0x390 (size before relaxing)
 .debug_str     0x000035b4      0x119 .\CortexM3\ARM_GCC_493\Debug\BBB.a(EEPROM.o)
                                0x2cf (size before relaxing)
 .debug_str     0x000036cd      0x11f .\CortexM3\ARM_GCC_493\Debug\BBB.a(CyFlash.o)
                                0x2e1 (size before relaxing)
 .debug_str     0x000037ec      0x114 .\CortexM3\ARM_GCC_493\Debug\BBB.a(CySpc.o)
                                0x2de (size before relaxing)

.debug_loc
 *(.debug_loc)

.debug_macinfo
 *(.debug_macinfo)

.debug_ranges   0x00000000      0xf80
 *(.debug_ranges)
 .debug_ranges  0x00000000       0x80 .\CortexM3\ARM_GCC_493\Debug\main.o
 .debug_ranges  0x00000080       0x58 .\CortexM3\ARM_GCC_493\Debug\Protocolo.o
 .debug_ranges  0x000000d8       0x18 .\CortexM3\ARM_GCC_493\Debug\Print.o
 .debug_ranges  0x000000f0       0x30 .\CortexM3\ARM_GCC_493\Debug\LCD.o
 .debug_ranges  0x00000120       0x28 .\CortexM3\ARM_GCC_493\Debug\ibuton.o
 .debug_ranges  0x00000148       0x30 .\CortexM3\ARM_GCC_493\Debug\I2C.o
 .debug_ranges  0x00000178       0x38 .\CortexM3\ARM_GCC_493\Debug\Cm3Start.o
 .debug_ranges  0x000001b0       0x50 .\CortexM3\ARM_GCC_493\Debug\BBB.a(cyfitter_cfg.o)
 .debug_ranges  0x00000200      0x288 .\CortexM3\ARM_GCC_493\Debug\BBB.a(CyLib.o)
 .debug_ranges  0x00000488       0x88 .\CortexM3\ARM_GCC_493\Debug\BBB.a(cyPm.o)
 .debug_ranges  0x00000510       0xe0 .\CortexM3\ARM_GCC_493\Debug\BBB.a(Surtidor.o)
 .debug_ranges  0x000005f0       0x10 .\CortexM3\ARM_GCC_493\Debug\BBB.a(Surtidor_INT.o)
 .debug_ranges  0x00000600       0xe0 .\CortexM3\ARM_GCC_493\Debug\BBB.a(PC.o)
 .debug_ranges  0x000006e0       0x10 .\CortexM3\ARM_GCC_493\Debug\BBB.a(PC_INT.o)
 .debug_ranges  0x000006f0       0x28 .\CortexM3\ARM_GCC_493\Debug\BBB.a(I2C_1.o)
 .debug_ranges  0x00000718       0x10 .\CortexM3\ARM_GCC_493\Debug\BBB.a(I2C_1_INT.o)
 .debug_ranges  0x00000728       0x28 .\CortexM3\ARM_GCC_493\Debug\BBB.a(I2C_1_PM.o)
 .debug_ranges  0x00000750       0x70 .\CortexM3\ARM_GCC_493\Debug\BBB.a(I2C_1_MASTER.o)
 .debug_ranges  0x000007c0       0x70 .\CortexM3\ARM_GCC_493\Debug\BBB.a(isr_1.o)
 .debug_ranges  0x00000830       0x60 .\CortexM3\ARM_GCC_493\Debug\BBB.a(PC_IntClock.o)
 .debug_ranges  0x00000890       0xe0 .\CortexM3\ARM_GCC_493\Debug\BBB.a(LCD_1.o)
 .debug_ranges  0x00000970       0x10 .\CortexM3\ARM_GCC_493\Debug\BBB.a(LCD_1_INT.o)
 .debug_ranges  0x00000980       0xe0 .\CortexM3\ARM_GCC_493\Debug\BBB.a(LCD_2.o)
 .debug_ranges  0x00000a60       0x10 .\CortexM3\ARM_GCC_493\Debug\BBB.a(LCD_2_INT.o)
 .debug_ranges  0x00000a70       0x60 .\CortexM3\ARM_GCC_493\Debug\BBB.a(LCD_1_IntClock.o)
 .debug_ranges  0x00000ad0       0x60 .\CortexM3\ARM_GCC_493\Debug\BBB.a(LCD_2_IntClock.o)
 .debug_ranges  0x00000b30       0x28 .\CortexM3\ARM_GCC_493\Debug\BBB.a(IB1.o)
 .debug_ranges  0x00000b58       0x28 .\CortexM3\ARM_GCC_493\Debug\BBB.a(IB2.o)
 .debug_ranges  0x00000b80       0x70 .\CortexM3\ARM_GCC_493\Debug\BBB.a(isr_3.o)
 .debug_ranges  0x00000bf0       0x78 .\CortexM3\ARM_GCC_493\Debug\BBB.a(Timer_Animacion.o)
 .debug_ranges  0x00000c68       0x78 .\CortexM3\ARM_GCC_493\Debug\BBB.a(Timer_Animacion2.o)
 .debug_ranges  0x00000ce0       0x70 .\CortexM3\ARM_GCC_493\Debug\BBB.a(isr_4.o)
 .debug_ranges  0x00000d50       0x78 .\CortexM3\ARM_GCC_493\Debug\BBB.a(Timer_Modo.o)